JIANPU_LY ERROR: Can't have rest in chord: 0-- in score 1
2 3 - | 5 | 6 '1 | - 1 4 '1 7 6 | - 0-- | |
                                    ^^^    

--- score ---
title=歌友情
type=work
%--
1=D
4 2 - 3
2 3 - 6 | 5 | 4 - 1 | 7 | - | - |
0 '1
6 - 2 3 | 2 3 2 1 7 |
6 2 3 - 5 | 4 1 | 7 0,
2 3 - | 5 6 |
2 3 - | 5 | 6 '1 | - 1 4 '1 7 6 | - 0-- | |
2 3 - | 5 | 6 | - | | 1 | 7 | - | | 6 - 0 6 | - - '1--. | - 7-.- | '1- '1 - - 6 - 7-.. 7-,-,.,-,,. 3---. 0 6 |
6 5 - | 3 2 | 4 1 | 7 - | | - 0. | - | 7-. - | | 1 2 | 1 - 2 |
3 6 '1 '1 6. '1 | 2 - | 1 | 5 6 '1 | 4. 3 2 '1 |
7. 3 5- 6 | 6-- 0 6 | | 6 - - | - 7 - - 3 | 5 - 6- 4 | - 6 - - - | |
4 5 - 3 6 2 1 7 | | - |
%END
