JIANPU_LY ERROR: (notesHad=5 3 | 3 1 | - 1 | 1 3 | 5 6 | - 2 | 1 7 | 4 0 | 0 0 | - 2 | 1 7 | 3 5 | 5 3 | - 6 | 4 2 | 1 7 | 0 0 | 0 0 | 0 0 | 0 0 | 0 0 | 0 0 | 0 0 | 0 0 | 0 0 | 0 0 | 0 0 | 5 3 | - 2 | 6 4 | 1 7 | 0 1 | 1 1 | 3 5 | - 2 | 6 4 | 7 1 | 0 1 | 1 - | 1 - | 2 - | 3 - | 4 - | 5 - | 6 - | 7 - | - - | - 1 | 0 - | - - | 1 1---- | - - | 1 2--- | 1 3----- | 3 5 | - 2 | 4 6 | 1 7 | 1 2 | 0 0 | 0 0 | - 2 | 0 0 | 0 0 | 0 0 | 0 -) barcheck fail: note crosses barline at "-" with 0 beams (16 skipped from 24 to 40, bypassing 32), scoreNo=1 barNo=66 (but the error could be earlier)

--- score ---
title=步步高
type=work
%--
1=G
2/4
5 3 3 | '1 - '1 '1
3 5 6 - 2 1, 7 4 0 0 0 - 2 1, 7 3 5
5 3 - 6 4 2 1 7 0 0 0 0 0 0 0 0 0 0 0 0 0 0 0 0 0 0 0 0 0 0
5 3 - 2 6 | 4 1 7 0 '1 '1 '1 |
3 5 - 2 6 | 4 7 1 0 1 1 |
- 1 - 2 - 3 - 4 |
- 5 - 6 - 7 - | - - - 1 0 - - - 1 1---- |
- - 1 2--- 1 3-----
3 5 - 2 4 6 1 7 1 2 0 0 0 0 |
- 2 0 0 0 0 0 0 |
0. - - - - - - - - - - - - - - - | |
0, - - - - - - - - - - - - - - - - - - | |
3 - 5 6 7 1 2 4 0 0
3 - 5 -
1, 0 2, 4,- 6,
2- 7. 1., 5.- 5.,
'1 '1
%END
