JIANPU_LY ERROR: (notesHad=4 5 - | 3 2 3 | 4 1 - | 6 3 - | 1 1 - | 4 2 - | 1- 1 1 | 1 1 3 | - - - | 1 - - | 2 3 - | 4 5 6 | 1 0 - | - 7 6 | 5 6 - | - - 6 | 3 - 2 | - - 1 | 5 4 7 | 1 0 - | - - - | 1 - - | - - 3) barcheck fail: note crosses barline at "3" with 0 beams (24 skipped from 32 to 56, bypassing 48), scoreNo=1 barNo=23 (but the error could be earlier)

--- score ---
title=男儿泉
type=work
%--
3/4
4 5 - 3 2 | | | |
3 4 '1 | -
6 3 - '1 | '1 | - 4 | | | 2 | - |
1- 1 | 1 1, 1 3 | - - | | - '1 | | - -
2 3 - | 4 5 6 | 1 0 | - | - 7 6 5 | 6 - - - |
6 3 - 2 - - | '1 5 4 | 7 1 0 - - - | - '1 | - | | - | - - |
3. 5 4 3. | 2 2. 3 | 2 '1 7 6 | 7 3 3- | | - '1 7 6 | - 7 - 7 | '1 7 1 0 - - - | - '1 | - | | - | - - |
6 3 - | 4.- | 2. | 3-- | - 1 7 | - '1 |
0 - | 5. |
- '1 |
- '1 -
6 3 - 2 | 4 - 5 1 | 7 - | - 0 |
1 - | - '1. |
6 - | 3 | - | - '1 | - 5 2 | 0 2 - | |
2 3 - 4 5 6 7 0 1 2 3 4 5 6 7 0 1 2 3 4 5 6 7 0 1 2 3 4 5 6 7 0 1 2 3 4 5 6 7 0 1 2 3 4 5 6 7
%END
