JIANPU_LY ERROR: (notesHad=4 4 - 1 | 2 3 6 7 | 0 5 - 3) barcheck fail: note crosses barline at "3" with 0 beams (16 skipped from 56 to 72, bypassing 64), scoreNo=1 barNo=3 (but the error could be earlier)

--- score ---
title=胭脂妆
type=work
%--
1=C
4 4 - 1 2 3 6 7 0. 5 -
3 2 - 6 5 | | - | | - |
3 2 - | 6 | 5 | - | 4 | - |
1 7 0 |
3 2 - | | | |
6 5 - | 3 | 2 | - |
1
4 | - |
0 | 7 |
2 3 - 5 4 | 6 7 1 6 0 1 6. 2 | 2 - 5 4 - - | 6 0 1 6. | |
4 4 - 2- 3 |
3 2 - 6 5 | |
1- 7
3 2 - | 6 | 5 | - 4 | 1 | 7 | - | | | | 0 | | | |
3 2 - | | - | | |
6 5 - | 3 | 2 | - | - 1 4, 7,- - - 0. 5- |
2 3 - 5 4 | 6 7 1 6 0 | 2 5 | |
%END
