JIANPU_LY ERROR: Unrecognised command 6=Am in score 1
6=Am
^^^^

--- score ---
title=中秋情
type=work
alias=中秋情      &nbsp;&nbsp;
%--
6=Am
4/4
4 3 5 - | 6 2 1 | 7 0 - | - - - - - - - - - -
2 3 - | 6 - - |
5 | -
1-- |
7.-- | |
4.- | | | |
0- | |
2 3 - | 6 - - |
5 | -
1-- |
7.-- | |
4.- | | | |
0- | |
2 3 - | 6 - - |
5 | -
1-- |
7.-- | |
4.- | | | |
0- | |
2 3 - | 6 - - |
5 | -
1-- |
7.-- | |
4.- | | | |
0- | |
2 3 - | 6 - - |
5 | -
1-- |
7.-- | |
4.- | | | |
0- | |
2 3 - | 6 - - |
5 | -
1-- |
7.-- | |
4.- | | | |
0- | |
2 3 - | 6 - - |
5 | -
1-- |
7.-- | |
4.- | | | |
0- | |
2 3 - | 6 - - |
5 | -
1-- |
7.-- | |
4.- | | | |
0- | |
2 3 - | 6 - - |
5 | -
1-- |
7.-- | |
4.- | | | |
0- | |
2 3 - | 6 - - |
5 | -
1-- |
7.-- | |
4.- | | | |
0- | |
2 3 - | 6 - - |
5 | -
1-- |
7.-- | |
4.- | | | |
0- | |
2 3 - | 6 - - |
5 | -
1-- |
7.-- | |
4.- | | | |
0- | |
2 3 - | 6 - - |
5 | -
1-- |
7.-- | |
4.- | | | |
0- | |
2 3 - | 6 - - |
5 | -
1-- |
7.-- | |
4.- | | | |
0- | |
2 3 - | 6 - - |
5 | -
1-- |
7.-- | |
4.- | | | |
0- | |
2 3 - | 6 - - |
5 | -
1-- |
7.-- | |
4.- | | | |
0- | |
2 3 - | 6 - - |
5 | -
1-- |
7.-- | |
4.- | | | |
0- | |
2 3 - | 6 - - |
5 | -
1-- |
7.-- | |
4.- | | | |
0- | |
2 3 - | 6 - - |
5 | -
1-- |
7.-- | |
4.- | | | |
0- | |
2 3 - | 6 - - |
5 | -
1-- |
7.-- | |
4.- | | | |
0- | |
2 3 - | 6 - - |
5 | -
1-- |
7.-- | |
4.- | | | |
0- | |
2 3 - | 6 - - |
5 | -
1-- |
7.-- | |
4.- | | | |
0- | |
2 3 - | 6 - - |
5 | -
1-- |
7.-- | |
4.- | | | |
0- | |
2 3 - | 6 - - |
5 | -
1-- |
7.-- | |
4.- | | | |
0- | |
2 3 - | 6 - - |
5 | -
1-- |
7.-- | |
4.- | | | |
0- | |
2 3 - | 6 - - |
5 | -
1-- |
7.-- | |
4.- | | | |
0- | |
2 3 - | 6 - - |
5 | -
1-- |
7.-- | |
4.- | | | |
0- | |
2 3 - | 6 - - |
5 | -
1-- |
7.-- | |
4.- | | | |
0- | |
2 3 - | 6 - - |
5 | -
1-- |
7.-- | |
4.- | | | |
0- | |
2 3 - | 6 - - |
5 | -
1-- |
7.-- | |
4.- | | | |
0- | |
2 3 - | 6 - - |
5 | -
1-- |
7.-- | |
4.- | | | |
0- | |
2 3 - | 6 - - |
5 | -
1-- |
7.-- | |
4.- | | | |
0- | |
2 3 - | 6 - - |
5 | -
1-- |
7.-- | |
4.- | | | |
0- | |
2 3 - | 6 - - |
5 | -
1-- |
7.-- | |
4.- | | | |
0- | |
2 3 - | 6 - - |
5 | -
1-- |
7.-- | |
4.- | | | |
0- | |
2 3 - | 6 - - |
5 | -
1-- |
7.-- | |
4.- | | | |
0- | |
2 3 - | 6 - - |
5 | -
1-- |
7.-- | |
4.- | | | |
0- | |
2 3 - | 6 - - |
5 | -
1-- |
7.-- | |
4.- | | | |
0- | |
2 3 - | 6 - - |
5 | -
1-- |
7.-- | |
4.- | | | |
0- | |
2 3 - | 6 - - |
5 | -
1-- |
7.-- | |
4.- | | | |
0- | |
2 3 - | 6 - - |
5 | -
1-- |
7.-- | |
4.- | | | |
0- | |
2 3 - | 6 - - |
5 | -
1-- |
7.-- | |
4.- | | | |
0- | |
2 3 - | 6 - - |
5 | -
1-- |
7.-- | |
4.- | | | |
0- | |
2 3 - | 6 - - |
5 | -
1-- |
7.-- | |
4.- | | | |
0- | |
2 3 - | 6 - - |
5 | -
1-- |
7.-- | |
4.- | | | |
0- | |
2 3 - | 6 - - |
5 | -
1-- |
7.-- | |
4.- | | | |
0- | |
3 5 - 6 | '1 2 - - | 1 7-- | - | - | | | | | |
0.--- | - - | - - - - - - | - - - - -
5 6 | |
3 -
2 -
1 - - |
7 | -
0 - - - |
4 4
6 5 3 2 | 5 6 5 | | 2 5 3 2 - 1--- | 0. | |
%END
