JIANPU_LY ERROR: (notesHad=2 4 1 0 | - 3 6 5 | - 3 2 4 | - 1 7 0 | 1 1 6 3 | 5 - 4 2 | 1 7 - - | 0 6 2 3 | - 0 - 5 | 6 7 1 4 | 3 2 - 5 | 6 4 1 - | 7 0 2 - | 5 6 3 4 | - 1 7 0) barcheck fail: note crosses barline at "0" with 0 beams (16 skipped from 56 to 72, bypassing 64), scoreNo=1 barNo=15 (but the error could be earlier)

--- score ---
title=八角树
type=work
alias=八角树&nbsp;&nbsp;
%--
2 4 1 0 - 3
6 5 | - | 3 2 4 | - 1 | 7 0 '1 '1
6 3 5 | - | 4 2 1 7 | - | - |
0 |
6 | | | |
2 3 - | |
0 | | - | |
5 6 7 1 | | |
4 | | | |
3 2 - | 5 6 |
4 1 -
7 | |
0 | | | |
2 - 5 | 6 |
3 |
4 -
1 7.
0 |
6 5 | 2 - |
3 4 | - |
1 7 | 0 | -
| 2 | - 3 4 | | 5 |
1 | |
6 | |
7 | | 0 | - - - - - - - - - - |
- - - - '1- - - - - - - - - - - - - - - - -
2 1 - 3 0
1 2 3 - 4- 5. 6 7 0
%END
