JIANPU_LY ERROR: (notesHad=2 4 | - 3 | 5 1 | 6 7 | 0 -) barcheck fail: note crosses barline at "-" with 0 beams (16 skipped from 24 to 40, bypassing 32), scoreNo=1 barNo=5 (but the error could be earlier)

--- score ---
title=太湖水
type=work
alias=太湖水&nbsp;&nbsp;
%--
2/4
2 4 - | 3 5 1 6 | 7 0. | | | | - | - - | - | - - - - - - - - - - - - - - - - - - - - - - - - - - - - - - - - - - - - - - - - - -
2 4 - 5 6 3 2 | | - - - - - - - '1 - - - - - - - - - 0 1
3 2 | - | | 5 | 6 | | 7. | 1 0. | 4 | - - - - - - - - -
3 6 - | 2 4 5 | 1 7 0. | - | - | | - | - | | | - | - | |
2 6 3 | '1 7 - |
1 4 5 0 1. 2.
4 3 | 2 - | 6 |
5 1 | - |
7
- | - 0.
3 2 5 - 6 4 '1 1 7 |
5 6 | 7 6 | 3 - | - 2 2 | - 1 4 | 3 - 0. i. | - i | | | - - | - - - - | | - - - - - - - - - - - - - - - - - - - - - - - - - - - -
2 3 | '1 '1 |
6 -
1.
7
5
0. |
4. | | |
1 2 3 - 4- 5 6 7. 0
%END
