JIANPU_LY ERROR: (notesHad=2 4 3 - | 1 0 5 6) barcheck fail: note crosses barline at "6" with 0 beams (16 skipped from 56 to 72, bypassing 64), scoreNo=1 barNo=2 (but the error could be earlier)

--- score ---
title=学工歌
type=work
alias=学工歌&nbsp;&nbsp;
%--
2 4 3 - 1 0 5. 6 7
2 4 - - - - - - - - -
3 5 - | 2 | | 4 6 - | - | 1 7 |
0. | | | - |
5 6 | 2 3 | - 4 | - 1 7 | - 0 |
5 3 - 2 | 6 | 1 7 | - | - |
0 |
4 | | - | | -
5 3 | 2 | 6 - 1 | | 7 | | 4 | - 0 | - - | - | | - | - - - - - - - - - - - - - - - - - - - - - - - - - - - - - - - - - - - - - -
2 3 4 1 - 5 6 7 0. - - - - - - - - -
1 2 3 4 5 6 0 -
6 4 - | 1 2 3 5 7 0 | | |
6 4 - | 1 2 3 5 7 0 |
%END
