JIANPU_LY ERROR: (notesHad=1- 2 3 4 | 5 6 7 0) barcheck fail: note crosses barline at "0" with 0 beams (24 skipped from 48 to 72, bypassing 64), scoreNo=1 barNo=2 (but the error could be earlier)

--- score ---
title=学电脑
type=work
alias=学电脑&nbsp;&nbsp;
%--
1- 2 3 4 5 6 7 0.
2 4 - - - - - - - - - -
3 4 | 5 | 6 - |
1 |
2
7 | 0
6 3 2 | 5 - |
| 3 4 5 5 |
| - | - 1 0. 7 - - - - -
6 5 - | 6 3 2 '1 1 7 | 0 4. - - - '1
3 - 6 '1 5 | 3 5 4 3 | 2 3 | - 1 0 | | |
1 2 3 4 5 6 0 -
1 2 3 4 5 6 -
4 2 3 - | 1 6 |
4 2 3 - | 1 6 |
%END
