JIANPU_LY ERROR: (notesHad=4 4 - - | 0 5 - -) barcheck fail: note crosses barline at "-" with 0 beams (16 skipped from 56 to 72, bypassing 64), scoreNo=1 barNo=2 (but the error could be earlier)

--- score ---
title=宜昌队
type=work
alias=宜昌队&nbsp;&nbsp;
%--
4/4
4 4 - - 0. 5 - - - - - - - - - - - - - '1- - - - - - - - - - - - - - - - -
| 2 | - |
3 4 5 6 7 - - - - - - - - 0 - 1- | | - - | | | - - | | - - - - - - - | | | | - - - - | |
| 2 | - |
1 | | | |
3 - - 0-- 5 - - - - - - 6 - - - - 7- - - - - 4------. |
| 2 | - |
3 5 |
6
1 -
0 | -
5 6 | 3 2 | - |
4 1 | - |
7. | | - 0 | | | | |
5 6 | 3 2 | - |
4 1 | - |
7. | 0 | -
5 6 | - - - - - - | - | - - - | - 1-- | - - | - - - - 0------ 7----- 2. 3 4- - - - - - - - - - - | - | | - - - - - - - - - - - - - - - - - - -
2 3 | - |
1 6 5 |
0.
4. |
7 | - | -
| 2 | - |
1 | | | |
3 5 6 7 0.-
4.
1 - 7 0 '1
%END
