JIANPU_LY ERROR: (notesHad=2 3 - 1 | 6 0 5- -) barcheck fail: note crosses barline at "-" with 0 beams (16 skipped from 56 to 72, bypassing 64), scoreNo=1 barNo=2 (but the error could be earlier)

--- score ---
title=寄明月
type=work
alias=寄明月&nbsp;&nbsp;
%--
2 3 - | 1 6 | 0. 5- - - - - - - - - - - | -
2 3 - | | | | | | | | - 0 1- 5 6 7 4 | -
2 3 - | 4 5 | 1 - - - - - - - - - | - '1 - - - - - - - - - - - - - -
3 2 - | 6 |
| 7 0 |
- - | - 1. 5 - '1 - - - - - - - - -
2 3 - | '1 6 |
| 7- | '1 5. 0 | - 1. | - - - - - - - - |
3 2 | - |
6 - - | -
1 '1 |
7 | -
4 | -
5-- | |
0
2 3 4 5 6 7 1 0
%END
