JIANPU_LY ERROR: Ambiguous octave marks (please set OctavesBefore or OctavesAfter if writing them in the middle) in the ' part of '1- in score 1
4 5 - 2 3 1 6 - 7- 0 - - - - - - - - - - - - - '1- - - - - - - - - - - - - - - - -
                                               ^^^                                

--- score ---
title=当兵乐
type=work
alias=当兵乐&nbsp;&nbsp;
%--
4 5 - 2 3 1 6 - 7- 0 - - - - - - - - - - - - - '1- - - - - - - - - - - - - - - - -
5 6 '1 3 2 '1 '1 '1 | '1 '1 1 2 '1 '1 '1 4 '1 '1 '1 | '1 '1 '1 '1 0 |
5- 7 - | | | - | - | | |
'1 4
1 3 0
'1 '1 2 6
5 3 5 6 |
7 6 5 | 1 - |
- 0 | 4 | | | | | |
'1 '1 '1 '1 '1 '1 '1 '1 '1 '1 '1 '1 '1 '1 '1 '1 '1 '1 '1 '1 '1 '1 '1 '1 '1 '1 '1 '1
3 2 | 5 - | 6 '1 | - 1 '1 7 | - 4 0 | | | | - - | | | | |
5 6 '1 7 6 5 3 | - |
'1. '1 2 1 4. 1 2- | 0 |
6 - - | - | - - - | - - | | - - - | |
3 2 | 6 7 | 5. | 4 - 1 2 '1 '1 - - | |
2 3 '1 '1 '1 '1 | - 5 - - | '1 '1 '1 '1 '1 '1 '1 '1 | - 1 0 - - - | | '1 '1 - | - 7 - - - - | | '1
- 1 2 3 - 4
1- 7 0.
%END
