JIANPU_LY ERROR: Can't have rest in chord: 0- in score 1
2 3 - | 6 5 4 1 | 7 0- 2 3 - - | |
                    ^^            

--- score ---
title=木叶情
type=work
alias=木叶情&nbsp;&nbsp;
%--
2 4 - 3 | 5 | 1 6 7 | 0 | - - - - - - | - - - - - | - - - - - - | - - - - | - - | - - - - - - - - - - - - - - - - - - - - - - -
2 3 - | 6 5 4 1 | 7 0- 2 3 - - | |
5 3 - | 2 6 1 | 7 4 '1 0 | - |
2. |
3 6 3 3 3 - |
2 3 | 6 - |
7 5 1 0. 4 -
3 6 - | 5 2 |
1 7 4 -
0
| 3.
3 6 | 5 - |
2 1 7 | | | |
4 - - | - - - |
0. | | | |
3 4 - | 2 6 5 1 | 7 0 | -
0
1 2 3 4 5 6 7 - 0
%END
