JIANPU_LY ERROR: (notesHad=- - 0 1 | 3 4 - 2 | 1 - - - | - - - - | - - - - | - - - - | 6 3 - 1 | 2 - 1 1 | 1 1 0 7) barcheck fail: note crosses barline at "7" with 0 beams (24 skipped from 48 to 72, bypassing 64), scoreNo=1 barNo=9 (but the error could be earlier)

--- score ---
title=男儿泉
type=work
alias=男儿泉&nbsp;&nbsp;
%--
- - 0 1
3 4 - 2 1 - - - - - - - - - - - - - - -
6 3 - '1 | 2 - '1 '1 '1 |
1 0 7. 5 4 | 6- |
2 3 - | 5 - - | | 1 6 7 0 4 | 1-- | | - | - | - - | 5 - - - |
6 3 - | '1 2 - - |
'1 1 7 6 | - |
0 5 '1
4. - |
2 - 2. |
2 '1 7 7
2 3 3-- |
3' 5
4 3 2 - | 6 i | i 7 | - 1 | - 0 - - 5--. | | | | - | | - | - - | - - - - - - - - - - - - - - - - - - - - - - - - - - - - - - | - -
'1 - 6 '1 | 3 7 1 | 2 2 | 4- 0 | - '1 | - 5 | - - - - - - - - - - '1- - - - - - - - - - - - - - - - -
6 - | |
1 2 3 4 5 |
7 | |
0. | |
1 2 3 - - - - - - - 0 - - - 4 - - 5 6 7 - - - - - - - - - - - - - - - - - - - -
%END
