JIANPU_LY ERROR: (notesHad=4 - 1 2 | 3 5 6 7) barcheck fail: note crosses barline at "7" with 0 beams (24 skipped from 48 to 72, bypassing 64), scoreNo=1 barNo=2 (but the error could be earlier)

--- score ---
title=胭脂妆
type=work
alias=胭脂妆&nbsp;&nbsp;
%--
4 - 1 2 3 5 6 7. 0
3 2 6 | 5 - | 1 4 | | 0. 7 | - - | -
3 2 | - 6 | 5 | - 4 1 - 7, - | - 0 |
3 2 | - 5 6 | 4 | - 1 7 | - |
0 | | | | | |
6 5 - | 3 2 | 4 1 7 |
0 |
2 3 4 | 0. 5 6- 1 7 - - | - - - - - - | - | 2 3 4 | 0. 5 6- 1 7 - - | - - - - - - | - | 2 3 4 | 0. 5 6- 1 7 - - | - - - - - - | - | 2
4 - 1 2 3 6 7 0. 5
3 2 6 | 5 - | 1 4 | | 0. 7 | - - | | | | - |
3 2 | - 6 | 5 | - 4 1 7 | - - 0 | | 3. | | 2- - | 3.... | - - - - - - - - - - - - - | - - | - - - - - - - - - - - - - - - - - - - - -
3 2 | - 6 5 | | - 4 1 | - 7 | | 0 | | - | - - - - - - - | - - - - - - - - - - - | - - - - - - - - - - - - - - - - - - - - - - -
6 5 - | 3 2 | 4 1 7 |
0 |
2 3 5 6 4 | 1 | 7 - 0 -
%END
