JIANPU_LY ERROR: (notesHad=3 5 6 1 | 2 - 1 1 | 4 7 - 0) barcheck fail: note crosses barline at "0" with 0 beams (24 skipped from 48 to 72, bypassing 64), scoreNo=1 barNo=3 (but the error could be earlier)

--- score ---
title=苹果香
type=work
alias=苹果香&nbsp;&nbsp;
%--
3 5 6 '1 2 | - '1 |
1 4 7 | - |
0. | | - - - | |
3 - 5 6 | 2 - 1 | 4 7 0 -
0
1
2 3 4 5 6 7 -
0
1
2 3 4 5 6 7 -
0
1
2 3 4 5 6 7 -
5 6 | - 2 | 3 4 | - 1 - 7 | - | | 0 | | | - - - - - - | - - - - - - - - | - - - - - - - - - - - - - - - - - - - - - - - - - - -
2 5 - 6 3 | 1 | 7 |
4 0 | | | |
6 5 3 | 2 | | | | | - 1 4 7 0. - | - | - - | | - - - - - - - - - - - - - - - - - - - - - - - - - - - - - - - - - - - - - - - - -
%END
