JIANPU_LY ERROR: (notesHad=2 3 - 4 | 5 6 1 7 | 6 2 - 3 | 4 1 5- 0) barcheck fail: note crosses barline at "0" with 0 beams (16 skipped from 56 to 72, bypassing 64), scoreNo=1 barNo=4 (but the error could be earlier)

--- score ---
title=菜园子
type=work
alias=菜园子&nbsp;&nbsp;
%--
2 3 - 4 5 6 1 7
6 2 - | 3 4 | 1. 5- 0
- - - - - - - - - - - - - - 0 1 2 3 4 5 6 7 |
3 2 | - | | | | - | | | 1 7 | | - 6. 5 4 0-
5 6 - | - - |
3 2 | 4 |
1-- | |
7 | | 0 | |
3 6 - | 2 4 |
5
1
7 -
| 0 |
2 3 | - |
6 3 | -
5 4, 1 0 7,
5 3 | - |
6 2 | -
1 4. | - - - |
0 - - | -
7.--- | - - -
4 2 | 3 6 | - |
5 1 7 | | | |
0 | | | |
2 3 6 | - | 5 4 |
1 7 |
0 | | | |
0 0 0 0 0 0 0 0
1 2 3 4- 5 6 7 0 - - - - - - - - '1- - -
%END
