JIANPU_LY ERROR: Ambiguous octave marks (please set OctavesBefore or OctavesAfter if writing them in the middle) in the ' part of '1- in score 1
2 4 - - - - - - - - - - '1- - - - - - - - - - - - - - - - - - 1 7 0. 5 3 6
                        ^^^                                               

--- score ---
title=陆北大
type=work
alias=陆北大&nbsp;&nbsp;
%--
1 2 3 4 5 6 7
2 4 - - - - - - - - - - '1- - - - - - - - - - - - - - - - - - 1 7 0. 5 3 6
3 6 2 | 3 |
1 - 7 0
5 - -
4-
3 5 - 6 | | 2 1 4 | - 7 - | - 0. - | | | | - - - - - - - - - - - - - - - | - - - - - - - - - - - - - - - - - - - - - - - - - - -
6 5 - | 4 | 3. | 2.- 1 | - 7 0 - - | - - - - - - - - - - - - - - - - - - - - - - - - - - - - - - - - - - - - - - - - - - - - - - -
5 6 - | |
2 3 | - |
1 7 | 4 0 | -
3 6 - | 5 | 4 2 1 7 0 | - | - | - - - - - | - - - - - | - - - - - - - - | | | | | | | | | | | | - - - - - - - - - - - - - - - -
2 3 - | 6 | 5 4 1 | - 7 | | 0 | | - | - - - |
1 2 0 7 6 5 4 3 - -
0 1 2 3 4 5 6 7 -
%END
