JIANPU_LY ERROR: (notesHad=4 2 | - 3 | 1 7 | 0 5 | 6 -) barcheck fail: note crosses barline at "-" with 0 beams (16 skipped from 24 to 40, bypassing 32), scoreNo=1 barNo=5 (but the error could be earlier)

--- score ---
title=一字诗
type=work
alias=一字诗简谱(歌词)_银河少年艺术团演唱_桃李醉春风记谱
%--
2/4
4 2 - 3 1 7 0 5 6. - - - - - - - - - - - - - - - - - - - - - - - - - - - - - - - - - - - - - - - - - - - - - - - - - - - - - - -
5 6 - 3 | 2 4 | | | | | - 1 0. 7 | - - - - - - - - - - - - - - '1 - - - - - - - -
5 6 - | 2 3 4 | 6 5 | | 0 1 | | 7 - | - | | - - - - - - - - - - - - - - - - - - - - - - - - - - - - | - - - - - - - - - - - - -
6 5 - | 3 2 | 4 | - 1 | | 7 | | | - 0 - | - - - | - - - - - - - - - - - - - - - - - - - - - - - - - - - - - - - - - - - - - - -
4 3 - | 2 5 |
1 7 0 | |
4 3 | 6 - 2 |
5 1 | | 7 | |
0. | | | |
6 5 | - | 3 2 |
4 | - |
1 | | | |
0 | |
| | | - 7.
'1
1- 7 0.
0
%END
