JIANPU_LY ERROR: (notesHad=5 6 | - 4 | 3 2 | 5 6 | - 4 | 3 2 | 1 4 | 2 5 | - 1 | 6 0) barcheck fail: note crosses barline at "0" with 0 beams (24 skipped from 16 to 40, bypassing 32), scoreNo=1 barNo=10 (but the error could be earlier)

--- score ---
title=一闪一闪亮晶晶
type=work
alias=一闪一闪亮晶晶简谱_一闪一闪亮晶晶，满天都是小星星
%--
2/4
5 6 - | 4 3 2 |
5 6 - | 4 3 2 | 1 | |
4 2 | 5 - | 1 6 0. 3 7 - - - - - - - - | - - - '1- - - - - - - - - - - - - - - - -
| | | | | | 1 2 3 4 5 6 7 0. - - - - - - - - - - - - | | | | | - - | - - - - | - - - - - - - - - - - - - - - - - - - - - - - - -
0 1- 7 '1
'1 5 '1 | |
6 - 4 2
0 3. -
1- 7,
5 3 | 6 4 6 |
1 7 - | 2 0 2. '1... - - '1
5 3 6 - 4 6 | 1 7 2 | 0 | - | - | - - - | |
'1 '1 - | | | | - - | | - -
5 3 | 6 - 4 2 | 1 7 | 0 | - - - | | - - - - - - | - - - - - - - - -
3 4 '1 | '1 5 1 2 7 | 6 0 - - - - '1- - - - - - - - - - - - - - - - - - - - - - '1 - - - - - '1 '1 '1 - '1 '1 '1 '1 0 1 2 3 4 5 6 7
2 1 3 4 5 6 7 0
0
%END
