JIANPU_LY ERROR: (notesHad=4 2 - - | - - - 0) barcheck fail: note crosses barline at "0" with 0 beams (24 skipped from 48 to 72, bypassing 64), scoreNo=1 barNo=2 (but the error could be earlier)

--- score ---
title=七步诗
type=work
alias=七步诗简谱(歌词)_小海龟演唱组演唱_桃李醉春风记谱
%--
4 2 - - - - - 0. 5 3
3 5 - | 6 |
7 2 0 4. 1 -
5 3 - | 6 2 | 1 7 - - | '1. '1. 4 '1 0 -
6 3 | - | 5 4 |
2 - - 7 1 |
0 3 2.
3 5 | -
2 1 |
4 2 | 3 0 7 | 1 - 5 6 | - '1 '1. - | - | | | | | | - - - - - - - - - - - - - - -
5 6 4 3 2 | | 1 - 7 0 - - - - - - - - | -
3 2 | | | - | - 5 4 | - 1 7 6 0 | | | | - | | - - - - - -
1 2 3 4 5 6 0 -
0
%END
