JIANPU_LY ERROR: (notesHad=2 1 | 3 4 | 5 6 | 7 3 | 5 4 | - 2- | 1 3 | 4 5 | 6 2 | - 1 | 7 - | - 0) barcheck fail: note crosses barline at "0" with 0 beams (24 skipped from 16 to 40, bypassing 32), scoreNo=1 barNo=12 (but the error could be earlier)

--- score ---
title=七色光之歌
type=work
alias=七色光之歌简谱_儿歌_七色光之歌，给我们带来七彩的梦
%--
2/4
2 1 3 4 5 6 7
3 5 | 4 |
| - 2-
1
3 4 | 5 6 | 2 - |
1 |
7 | - | - 0. | -
| 1 3 |
2 - | 5 6 7 0- | | -
| 1 2 |
3 - | 5 6 7 0- | | -
| 1 2 |
3 - | 5 6 7 0- | | -
| 1 2 |
3 - | 5 6 7 0- | | -
| 1 2 |
3 - | 5 6 7 0- | | -
| 1 2 |
3 - | 5 6 7 0- | | -
| 1 2 |
3 - | 5 6 7 0- | | -
| 1 2 |
3 - | 5 6 7 0- | | -
| 1 2 |
3 - | 5 6 7 0- | | -
| 1 2 |
3 - | 5 6 7 0- | | -
| 1 2 |
3 - | 5 6 7 0- | | -
| 1 2 |
3 - | 5 6 7 0- | | -
| 1 2 |
3 - | 5 6 7 0- | | -
| 1 2 |
3 - | 5 6 7 0- | | -
| 1 2 |
3 - | 5 6 7 0- | | -
| 1 2 |
3 - | 5 6 7 0- | | -
| 1 2 |
3 - | 5 6 7 0- | | -
| 1 2 |
3 - | 5 6 7 0- | | -
| 1 2 |
3 - | 5 6 7 0- | | -
| 1 2 |
3 - | 5 6 7 0- | | -
| 1 2 |
3 - | 5 6 7 0- | | -
| 1 2 |
3 - | 5 6 7 0- | | -
| 1 2 |
3 - | 5 6 7 0- | | -
| 1 2 |
3 - | 5 6 7 0- | | -
| 1 2 |
3 - | 5 6 7 0- | | -
| 1 2 |
3 - | 5 6 7 0- | | -
| 1 2 |
3 - | 5 6 7 0- | | -
| 1 2 |
3 - | 5 6 7 0- | | -
| 1 2 |
3 - | 5 6 7 0- | | -
| 1 2 |
3 - | 5 6 7 0- | | -
| 1 2 |
3 - | 5 6 7 0- | | -
| 1 2 |
3 - | 5 6 7 0- | | -
| 1 2 |
3 - | 5 6 7 0- | | -
| 1 2 |
3 - | 5 6 7 0- | | -
| 1 2 |
3 - | 5 6 7 0- | | -
| 1 2 |
3 - | 5 6 7 0- | | -
| 1 2 |
3 - | 5 6 7 0- | | -
| 1 2 |
3 - | 5 6 7 0- | | -
| 1 2 |
3 - | 5 6 7 0- | | -
| 1 2 |
3 - | 5 6 7 0- | | -
3 5 | - 4 |
2 | -
6 |
1 7 0 | |
3 | - 4 |
2 | -
6 |
1 7 0 | |
3 5 | 4 2 | 6 - | - | - 1 7 |
0 | | |
5 | 4 3 | 2 - 6 | - | - 1 7 |
0 | | |
5 | 4 3 | 2 - 6 | - | - 1 7 |
0 | | |
- 0 '1
1- 7 0. 5 2 3 4 6 1
- - 0 1 7
0
- - 0. 1 2 3 4 5 6 7
1 2 3 4 5 6 0 -
%END
