JIANPU_LY ERROR: (notesHad=6 5 3 4 | - 2 1 7 | 0 - - -) barcheck fail: note crosses barline at "-" with 0 beams (16 skipped from 56 to 72, bypassing 64), scoreNo=1 barNo=3 (but the error could be earlier)

--- score ---
title=上学歌
type=work
alias=上学歌简谱_儿歌_这首歌上学时常听，现在老了
%--
6 5 3 | 4 - 2 | 1 7 0. - | - | - - - - - - - - - - - - - - - - - - - - | - - | | | | | | | | | | | | | | | | | | | | | | | | | |
6 5 - | |
1 2 3 4 | |
- - - - - - - - | - - - - - - 0------.-----.
6 5 - | '1 3 '1 2 | - | 1 4 0 7 - | - - - - - - - - - -
2 4 6 - 1 7 3 0
2 4 6 3 5 1 7 0 - - - - - - - - - - - - - '1- - - - - - - - - - - - - - - - -
3 2 | 5 - | 4 - - 1 7-- 6 0 - - - - - - |
1 2 3 4 5 6 0 -
1 2 3 4 5 6 0 -
0 1- 7 1- 6
2 1 4 3 5
0
%END
