JIANPU_LY ERROR: (notesHad=4 2 - - | - - - - | - - - 0) barcheck fail: note crosses barline at "0" with 0 beams (24 skipped from 48 to 72, bypassing 64), scoreNo=1 barNo=3 (but the error could be earlier)

--- score ---
title=儿歌
type=work
alias=儿歌吉他谱_张悬C调原版弹唱谱_图片谱高清版
%--
4 2 - - - - - - - - - 0. 5 1 3 6 7 '1 1 2 3 4 5 6 7
7 7 7 4 4 - 0- 1 2 3 5 6 | | | | | | | | - - -
3 5 2 6 1 4 7 | 0 | 0 | | | | '1 '1
7 1 2 3 4 5 6 0 - - - - - - - - - - - - - -
7 7 7 1 5 6 4 3 2 0 - - - -
6 5 |
4 - |
2 |
1 3 |
7 |
0 | |
7 7 - 0. 5 - 1 2 3 4 6 -
5 4 | - |
2 3 | 1 |
6 | 7 | |
0. | | |
'1. | | | | '1.
7
6 5 - | | | | | - 1 7 | | 0. 2 3 4 | -
6 - 5 | | 1 2 4 | | 7 | | | - | - 7- 0- - 7 | - | | | |
6 4 - | 7 7 - - | | 0. 5 | - 1 2 | | | | - - - - - - - - - - - - - - - - - - - - - - - - - - - - - - - - - - - - - - - - - - - -
6 4 2 5 |
0 1 |
3
7 |
%END
