JIANPU_LY ERROR: Unrecognised command i in score 1
5 6 i 2 3 | 4 i | 1 7 - 0 | | | | | - | - | - - - - - - - - - - - - - - - - - - - - - - - - - - - - - - - - - - - - - - - - - -
    ^         ^                                                                                                                

--- score ---
title=元日
type=work
alias=元日简谱(歌词)_银河少年艺术团演唱_桃李醉春风记谱
%--
4 2 1 3 5 7 - - - - - - - - '1 '1 0 1 2 3 4 5 6 7
5 6 i 2 3 | 4 i | 1 7 - 0 | | | | | - | - | - - - - - - - - - - - - - - - - - - - - - - - - - - - - - - - - - - - - - - - - - -
5 6 | 2 3 | - 4 | - 1 7 | - - 0 | | | | | - - | - - - - - - - - - - - - - - - - - - - - - - - - - - - - - - - - - - - - - - - -
5 3 | 2 | 6 - | - | - 1 |
7 - - |
0. | | | | | |
4
1 2 3 4 5 6 7 0
1 2 3 4 5 6 7 0
- | | | - - | | | - - - | - 0- 7--- 1 2 3 4 5 6 - - | | - | - - - - - | - - - - - - - - - - - - - - - - - - - - - - - - - - - - - -
6 5 - | 5 - - | 5 - - - | | | | 0 | | | | - - | - 2- 3 4 7 1 - - - | | - - - - - - - - - - - - - - - - - - - - - - - - - - - - -
| 2 | - 3 4 |
1
0 | - 5 - 6 | - 7- | |
- 0 1 2 3 4 5 6 7 - - - - - - -
%END
