JIANPU_LY ERROR: Ambiguous octave marks (please set OctavesBefore or OctavesAfter if writing them in the middle) in the ' part of '1- in score 1
6 3 | '1 3 6 - | 5 1 2 4 7 0 | - | - - - - - - - - '1- - - - - - - - - - -
                                                   ^^^                    

--- score ---
title=兰花草
type=work
alias=兰花草简谱(歌词)_谢玲玲演唱_岭南印象曲谱
%--
2 4
6 3 | '1 3 6 - | 5 1 2 4 7 0 | - | - - - - - - - - '1- - - - - - - - - - -
3 5 | 6 '1 | 2 '1 7 | 6 7 6 5 | - 1 2 | | 3 3 5 | 0 4 | 1 - |
3 6 | - 2 | - | - | 5 |
1 7 | |
4 | | 0 | - - - - - - - - - - - - - - - - -
6 3 - | 2 1 7 0. 4 | | | | | - - - - - - - - - - i- - - - - - - - - - - - - - - - - 1 7 0. 4 | | | | - - - - - - - - - - i- - - - -
6 5 | 3 - | 2 4 | - 1 | - 7 | | | | 0 | |
3 6 2 I - | | | | | | - - - - - - - - - - - | | - - - - - | - - - - - - - - - | - - | - - - - - - - - - - - - - - - - - - - - -
2 | - | | | - | - - | - | | - - | - - - - - | - - - - | - - - - - - - - - - - - - - - - - - - - - - - - - - - - - - - - - - - -
| | | | | | 1 0 7 3 2 4 5 6 - - - - - - - - - - - - - - -
%END
