JIANPU_LY ERROR: (notesHad=4 - | 2 1 | 6 5 | 0 7 | 3 6 | 3 2 | 5 4 | 6 1 | 7 1 | - 1 | 0 - | - - | 2 - | - - | - - | - - | - - | - - | - - | - - | - - | - - | 2 3 | - 5 | 6 4 | 1 7- | 0 2 | 3 - | 5 6 | 4 1 | 1 1 | 6 1 | 1 5 | 1 1 | 2 3 | 4 1 | - 1 | 1 7 | 6 1 | 1 1 | 1 - | 0 1) barcheck fail: note crosses barline at "1" with 0 beams (16 skipped from 24 to 40, bypassing 32), scoreNo=1 barNo=42 (but the error could be earlier)

--- score ---
title=出塞
type=work
alias=出塞简谱(歌词)_小海龟演唱组演唱_桃李醉春风记谱
%--
2/4
4 - 2 1 6 5 0 7 3
6 3 2 5 4 | 6 1 7 | '1 - '1 | | 0 - | - - | | | 2 - | - - - - - | - - - - | - - - - - - - - -
2 3 - | 5 6 4 | 1 |
7- | | 0 2 | |
3 - | 5 6
4 | 1 |
'1 '1 6 '1 '1 5 | '1 '1 2 3 4 1 - |
'1 '1 7 6 | '1 '1 '1 | | '1 - | |
0. | | '1 '1 '1. | '1 '1 '1 | '1 - | - |
'1 | - | |
'1 '1 '1 - | | | |
'1 '1 6 '1 '1 5 | '1 '1 '1 2 3 4 1 - | 7 '1 '1 '1 '1 '1. 0. | - | - | | | | | | | | |
6 3 | 5 2 | 4 - 1 7 | | | | 0 - | - | - - - - | - - - - - - - - - - - - - - - - - - - - - - - - - - - - - - - - - - - - - - - -
6 5 - | '1 '1 2 |
1 7 3
0
4 | |
1 | | | |
2 | -
3 -
4 - - -
5 - - - - -
6 - -
7 - - |
0
%END
