JIANPU_LY ERROR: (notesHad=2 4 - 3 | 1 6 5 7 | 0 - - - | - - - 6 | 5 - 3 2 | 4 1 7 0) barcheck fail: note crosses barline at "0" with 0 beams (24 skipped from 56 to 80, bypassing 64), scoreNo=1 barNo=6 (but the error could be earlier)

--- score ---
title=卖报歌
type=work
alias=卖报歌简谱_儿歌_冲击你的儿时记忆
%--
2 4 - | 3 1 6 | 5 7 0 | - - - - - -
6 5 - | 3 2 |
4 |
1
7.
0. |
5 3 | 6 - | 2
5 3 - | 2 3 | 6 1 4 7 0 | - | | | | - | - - - - - | - - - - - - - - - - - - - - - - - - - - - - - - - - - - - - - - - - - - - -
5 3 | 6 - | 2 4 6
5 3 | 6 2 | 4 |
1 7 |
0.
| 3 5 | 1 3 5 | | | | 2 | | | | - | - - - - - - - | | -
- 0
1- 7 0. 5 2 4 3 6
%END
