JIANPU_LY ERROR: (notesHad=2 4 | - 3 | 5 1 | 6 7 | 0 5 | 3 2 | - - | - - | - - | - - | - 1) barcheck fail: note crosses barline at "1" with 0 beams (24 skipped from 16 to 40, bypassing 32), scoreNo=1 barNo=11 (but the error could be earlier)

--- score ---
title=听妈妈讲那过去的事情
type=work
alias=听妈妈讲那过去的事情简谱_儿歌_我们坐在高高的谷堆旁边，听妈妈讲那过去的事情
%--
2/4
2 4 - 3 | 5 | 1 6 7 0 | |
5 3 2 - | | - - - - - - - | - 1. 0 6. | - - - - - - '1 '1 '1
3 2 | - 5 |
| 6 |
7 4.
- 1 0-
3 2 | - 5 | 6
5 6 - | '1 '1 |
1 7 2 3 4 0. | |
5 6 - | '1 '1 |
1 7 2 3 4 0. | |
5 6 - | '1 '1 |
1 7 2 3 4 0. | |
5 6 - | '1 '1 |
1 7 2 3 4 0. | |
5 6 - | '1 '1 |
1 7 2 3 4 0. | |
5 6 - | '1 '1 |
1 7 2 3 4 0. | |
5 6 - | '1 '1 |
1 7 2 3 4 0. | |
5 6 - | '1 '1 |
1 7 2 3 4 0. | |
5 6 - | '1 '1 |
1 7 2 3 4 0. | |
5 6 - | '1 '1 |
1 7 2 3 4 0. | |
5 6 - | '1 '1 |
1 7 2 3 4 0. | |
5 6 - | '1 '1 |
1 7 2 3 4 0. | |
5 6 - | '1 '1 |
1 7 2 3 4 0. | |
5 6 - | '1 '1 |
1 7 2 3 4 0. | |
5 6 - | '1 '1 |
1 7 2 3 4 0. | |
5 6 - | '1 '1 |
1 7 2 3 4 0. | |
5 6 - | '1 '1 |
1 7 2 3 4 0. | |
5 6 - | '1 '1 |
1 7 2 3 4 0. | |
5 6 - | '1 '1 |
1 7 2 3 4 0. | |
5 6 - | '1 '1 |
1 7 2 3 4 0. | |
5 6 - | '1 '1 |
1 7 2 3 4 0. | |
5 6 - | '1 '1 |
1 7 2 3 4 0. | |
5 6 - | '1 '1 |
1 7 2 3 4 0. | |
5 6 - | '1 '1 |
1 7 2 3 4 0. | |
5 6 - | '1 '1 |
1 7 2 3 4 0. | |
5 6 - | '1 '1 |
1 7 2 3 4 0. | |
5 6 - | '1 '1 |
1 7 2 3 4 0. | |
5 6 - | '1 '1 |
1 7 2 3 4 0. | |
5 6 - | '1 '1 |
1 7 2 3 4 0. | |
5 6 - | '1 '1 |
1 7 2 3 4 0. | |
5 6 - | '1 '1 |
1 7 2 3 4 0. | |
5 6 - | '1 '1 |
1 7 2 3 4 0. | |
5 6 - | '1 '1 |
1 7 2 3 4 0. | |
5 6 - | '1 '1 |
1 7 2 3 4 0. | |
5 6 - | '1 '1 |
1 7 2 3 4 0. | |
5 6 - | '1 '1 |
1 7 2 3 4 0. | |
5 6 - | '1 '1 |
1 7 2 3 4 0. | |
5 6 - | '1 '1 |
1 7 2 3 4 0. | |
5 6 - | '1 '1 |
1 7 2 3 4 0. | |
5 6 - | '1 '1 |
1 7 2 3 4 0. | |
5 6 - | '1 '1 |
1 7 2 3 4 0. | |
5 6 - | '1 '1 |
1 7 2 3 4 0. | |
5 6 - | '1 '1 |
1 7 2 3 4 0. | |
5 6 - | '1 '1 |
1 7 2 3 4 0. | |
5 6 - | '1 '1 |
1 7 2 3 4 0. | |
5 6 - | '1 '1 |
1 7 2 3 4
3 5 | |
1 - '1 7 6 | |
'1. 2 0- 4
3 5 | |
1 - '1 7 6 | |
'1. 2 0- 4
2 3 1 4 5 0 6. 7
- 0 1. 2 3 4 5 6 7
- 1 2 3 4 5 6 7 0.
2 1 - 3 4 0. 5
1 - 2 | 3 4 5 6 | 7 | - 0. | | | | | | - - - - - - - - - - - - - - - - - - - - - - - - - - - - - - - - - - - - - - - - - - - - -
2 1 4 - 3
1 2 3 4 5 6 0 -
%END
