JIANPU_LY ERROR: (notesHad=2 4 | - - | - 5 | 6 4 | 3 2 | - 1 | 5 6 | - 5 | 0 - | 7 3 | 5 - | 2 4 | - 1 | 6 - | 0 7-) barcheck fail: note crosses barline at "7-" with 0 beams (24 skipped from 24 to 48, bypassing 32), scoreNo=1 barNo=15 (but the error could be earlier)

--- score ---
title=嘀哩嘀哩
type=work
alias=嘀哩嘀哩简谱_儿歌_春天在哪里，春天就在这首_嘀哩嘀哩_中
%--
2/4
2 4 - | | | - - |
5 6 | 4 3 |
2 - 1 |
5 6 | - |
5 0 | - | |
7 | | | |
3 5 | - |
2 4 | -
1 | 6 | -
0. | |
7.- -
4 5 | 6 2 | 3 - | - 1 | - | | | | 7 0 - - - - - - - - - - - - - - - - - - - - - - - - - - - - - - - - - - - - - - - - - - - - -
5 6 |
4 3 |
2 - 1 |
7 -
0 | |
1- 7 0.
1 2 3 4 5 6 0 -
1 2 3 4 5 6 7 0. -
1 2 3 4 5 6 0 -
1 2 3 4 5 6 0 -
%END
