JIANPU_LY ERROR: (notesHad=4 2 - 1 | 3 6 0 5) barcheck fail: note crosses barline at "5" with 0 beams (16 skipped from 56 to 72, bypassing 64), scoreNo=1 barNo=2 (but the error could be earlier)

--- score ---
title=增广贤文
type=work
alias=增广贤文简谱(歌词)_小海龟演唱组演唱_桃李醉春风记谱
%--
4 2 - 1 3 6 0. 5 7- - - - - - - -
5 3 4 '1 | 6--- | |
0 1 2 3 5 |
7 '1. | 6---
5 6 3 | 2 4 | '1 '1 '1 '1 7 '1 '1 '1 '1 '1 - 1 0 '1 '1 '1 | -
3 4 6 - 5 - - i--- i- i-- 7 1 2. i - - - 0 0 | | - - | - - - - | - - - - - | - - - - | - - | - - - - - - - - - - - - - - - - - - - - -
4 5 - | 3 2 | 1 7 | | 6--- | |
| | '1 '1 | |
0
3 2 - | |
5 - |
1 0. |
6. |
7 4 7 - - - - - - - - -
4 3 - | 2 |
5 - - |
1
'1 '1
6.
7.
0. |
'1 '1 | |
2 | | | |
4 | - | -
- - - '1-- -
- '1
'1--- '1---- 2 4 3 5 | 7 6 | - - - '1-- - - - - - - - 0 - - - |
1------ - - - - - - - - - - - - - - - - - - - - - - - - - - - - - - - - - - -
5 6 3 2 4 7
0 1- 7
%END
