JIANPU_LY ERROR: (notesHad=3 5 2 6 | 4 1 - 7 | 0 - - - | - - - - | - - - - | - - - - | - - - - | - - - - | - - - - | - - - - | - - - - | - - - - | - - - - | - 5 3 - | 2 6 4- | 1 - 7 - | 0 - - -) barcheck fail: note crosses barline at "-" with 0 beams (16 skipped from 56 to 72, bypassing 64), scoreNo=1 barNo=17 (but the error could be earlier)

--- score ---
title=多情的月光
type=work
alias=多情的月光简谱(歌词)_正月十五演唱_桃李醉春风记谱
%--
3 5 2 | 6 4 | 1 - | | 7 | | 0 | - | | - - | | - - - - - - - - - - - - - - - - - - - - - - - - - - - - - - - - - - - - - - - - -
5 3 - | 2 | 6. | 4.- 1 | - 7 | - | | | | 0. | | | | | | - | - - - - - - - - - - - - - - - - - - - - - - - - - - - - - - - - - - - -
2 3 6 5 - | | | | 4 1 7 |
0 | |
| | | | 2 3 |
0 | |
| | | | 2 3 |
0 | |
| | | | 2 3 |
0 | |
| | | | 2 3 |
0 | |
| | | | 2 3 |
0 | |
| | | | 2 3 |
0 | |
| | | | 2 3 |
0 | |
| | | | 2 3 |
0 | |
| | | | 2 3 |
0 | |
| | | | 2 3 |
0 | |
| | | | 2 3 |
0 | |
| | | | 2 3 |
0 | |
| | | | 2 3 |
0 | |
| | | | 2 3 |
0 | |
| | | | 2 3 |
0 | |
| | | | 2 3 |
0 | |
| | | | 2 3 |
0 | |
| | | | 2 3 |
0 | |
| | | | 2 3 |
0 | |
| | | | 2 3 |
0 | |
| | | | 2 3 |
0 | |
| | | | 2 3 |
0 | |
| | | | 2 3 |
0 | |
| | | | 2 3 |
0 | |
| | | | 2 3 |
0 | |
| | | | 2 3 |
0 | |
| | | | 2 3 |
0 | |
| | | | 2 3 |
0 | |
| | | | 2 3 |
0 | |
| | | | 2 3 |
0 | |
| | | | 2 3 |
0 | |
| | | | 2 3 |
0 | |
| | | | 2 3 |
0 | |
| | | | 2 3 |
0 | |
| | | | 2 3 |
0 | |
| | | | 2 3 |
0 | |
| | | | 2 3 |
0 | |
| | | | 2 3 |
0 | |
| | | | 2 3 |
0 | |
| | | | 2 3 |
0 | |
| | | | 2 3 |
0 | |
| | | | 2 3 |
0 | |
| | | | 2 3 |
0 | |
| | | | 2 3 |
0 | |
| | | | 2 3 |
0 | |
5 3 - |
6 2 |
4
1 |
0. |
7- | - - |
5 6 | 3 2 '1 - |
4 1 |
7
0. |
5 6 | 3 2 '1 - |
4 1 |
7
0. |
%END
