JIANPU_LY ERROR: (notesHad=4 2 | - 1 | 3 4 | 5 3 | 4 - | 6 2 | 1 7 | 1 0 | - - | 2 - | 1 6 | 5 3 | 4 7 | 0 3) barcheck fail: note crosses barline at "3" with 0 beams (16 skipped from 24 to 40, bypassing 32), scoreNo=1 barNo=14 (but the error could be earlier)

--- score ---
title=寻胡隐君
type=work
alias=寻胡隐君简谱(歌词)_小海龟演唱组演唱_桃李醉春风记谱
%--
2/4
4 2 - 1 3 4
5 3 4 - | 6 2 '1 7 | 1 0 | - | -
| 2 | - |
| 1 6 5 3 4 7 0. |
3 2 - | |
0 | | |
1- | | | | |
7. 5 6 4 | -
'1 '1 | - | '1 '1
1 2 3 4 5 6 7 0. - |
1 2 3 4 5 6 0 -
1 2 3 4 5 6 0 -
1- 2 3 4 5 6 7 0.
0
%END
