JIANPU_LY ERROR: (notesHad=5 6 3 4 | 1 1 2 0) barcheck fail: note crosses barline at "0" with 0 beams (16 skipped from 56 to 72, bypassing 64), scoreNo=1 barNo=2 (but the error could be earlier)

--- score ---
title=小兔子乖乖
type=work
alias=小兔子乖乖简谱_儿歌_妈妈没回来_谁来也不开
%--
5 6 | | 3 4 '1 | | 1 2. | 0 7 | '1
5 6 | 3 2 | 4 1 7 - 0 | |
5 6 3 | 2 - | 1 4 7 0 | - | - 1. | - | - | - - - - - - - - - - - - - - - - - | - - | | - - - - - | | | | - - - - - - - - - - - -
6 5 | 3 | 2 - | |
1- 7 0 | | | |
2 1 3 - 0. 5
2 - 3 5 1 | - 0
6 7 - 4
6
3 5 | '1 |
6 4 1
'1
2 -
7
0
0
2 1 4 0 3 '1
2 4 - | 3 1 6 | 5 7 0 | |
- 0 - 0 - 0
%END
