JIANPU_LY ERROR: (notesHad=4 2 | 3 - | 5 6 | 1 7 | 0 - | 1 0 | - - | - - | - - | - - | - - | - - | - - | - - | - - | - - | - - | - - | - - | - - | - - | - - | - - | - - | - - | - - | - 6 | 5 - | 3 4 | 2 - | - - | - 1) barcheck fail: note crosses barline at "1" with 0 beams (24 skipped from 16 to 40, bypassing 32), scoreNo=1 barNo=32 (but the error could be earlier)

--- score ---
title=小小少年
type=work
alias=小小少年简谱_儿歌_你还记得那个小小少年吗
%--
2/4
4 2 3 - 5 6 | 1 7 | 0 | - | 1 0 | - - | | - | | - - - - - - - - - - - - | - - - - - - - - - - - - - - - - - | - - - - - - - - -
6 5 - 3, 4 | 2 - - | - - 1. | 0 | - | - 7. | - - - - - | - - - - - - - - - - - - - - - - - - - - - - - - - - - - - - - - - - - - -
6 4 | - 3 5 | 2 1 7 | - 0 | -
2 1 3 5 4. 6 0 7
0 1- 7
4 | 5 - | 1 2 3 | - - - - - - - 7 6. 0 | 1 | | | |
5 3 | - 6 |
1 |
7 4
2
0
3 5 | - 6 4 | 2 1 |
7 0 | - |
1
1 4 - 2 3 0. 5 -
2 3 1 5 4 6 7
2 1 0 3 -
- 0 1 2 3 4 5 6 7 - - - - - - -
%END
