JIANPU_LY ERROR: Unrecognised command i in score 1
5 3 - | i - - | | 6 - - - | - | 1 - - - - | - | | 7---. 0-- 2- | - - | i----.- | 4------ - - - - - - - - - - - - | - - - - - - - - - - - - - - - -
        ^                                                                                                                                         

--- score ---
title=小白船
type=work
alias=小白船简谱_儿歌_朝鲜童谣一代人童年的回忆
%--
3/4
4 5 - | 2 3 1 6 |
5 6 | 5 - 3 | 5 2 1 | | 4 | | 7 0 | - | |
5 3 - | i - - | | 6 - - - | - | 1 - - - - | - | | 7---. 0-- 2- | - - | i----.- | 4------ - - - - - - - - - - - - | - - - - - - - - - - - - - - - -
3 - 5 | 6 - | 1 - - | | 7 - - - | | 0 - - - - - - - | - | - - - - - - | - - - - - - - - | - - - - - - - - - - - | - - - - - - -
2 1 0 3 4 5 6 7 -
1 4 - 3 2 - | 0 | 7 | - | - | - | - | - |
4 6 | 5 2 | 3 5 - 1 7 0 | | | - - -
- 1 0. -
5 3 2 - | 4 6 1 7 | 0 | |
0
1 2 3 4 5 6 0 -
2 3 1 0 - 4 6
%END
