JIANPU_LY ERROR: Unrecognised command i in score 1
6 4 | 5 3 | 2 3 4 | | 1 | | i i - | - - - - - | - 0 - - | 7 - - - | - - - - - | - - - - - - - - - - - - - - - - - - - - - - - -
                            ^ ^                                                                                                

--- score ---
title=小红帽
type=work
alias=小红帽简谱_儿歌_小红帽的故事
%--
2/4
2 3 4 | 5 | '1 6 4 | | 1 '1 7 0 | | 1 2 3 4 | |
6 4 | 5 3 | 2 3 4 | | 1 | | i i - | - - - - - | - 0 - - | 7 - - - | - - - - - | - - - - - - - - - - - - - - - - - - - - - - - -
5 3 | '1 6 | 4 2 - 1 7 0 -
| 2 | - 3 |
| - 5 |
4.
1. |
6.- 7-
0 | - |
- 1 2
1
2 3 | 5 | 4 |
6 |
1 7
0.
| 2 | |
3 4 | | | |
1 | |
5 | |
6
7
0.
2 1 4 3- 5. 6 7 0 -
0
2 - |
1 2 3 4 5 6 7 0-
1- 7 0. 5 2 4 3 6
1- 7 2 0 3 4 5 6
%END
