JIANPU_LY ERROR: (notesHad=3 5 1 6 | - 1 3 2 | 1 2 3 5) barcheck fail: note crosses barline at "5" with 0 beams (24 skipped from 48 to 72, bypassing 64), scoreNo=1 barNo=3 (but the error could be earlier)

--- score ---
title=小燕子
type=work
alias=小燕子简谱_儿歌经典何以不朽
%--
3 5 '1 6 - | '1 3 2 '1 | 2 3 5. 6 '1 3 2 '1 -
5 6 | '1 2 3 - | '1 4 |
1 7 0 -
'1.
2 3 | '1 - |
5 6 7 |
'1 -
1- 4 |
'1
4 | 6 | 3 5 1 6 5 - | | 2 0 7- | | '1 '1
3 5 6 | 2 | - |
1 7
4 | - | - | |
0 - - - - - - - - - - - - - - - - - - - - - - - - - - - - - - - - - - - - - - - - - - - - - - - - - - - - - - - - - - - - - - -
2 6 | - 5 |
3
4.
1 | -
7 |
0. | -
0
2 1 0 3 7 5 6
- 1 4 2 - 0. 5
- 0 - 1
%END
