JIANPU_LY ERROR: (notesHad=2 4 | - 1 | 7 3 | 6 5 | 0 -) barcheck fail: note crosses barline at "-" with 0 beams (16 skipped from 24 to 40, bypassing 32), scoreNo=1 barNo=5 (but the error could be earlier)

--- score ---
title=小螺号（少儿歌曲）
type=work
alias=小螺号（少儿歌曲）简谱(歌词)—程琳演唱—岭南印曲谱
%--
2/4
2 4 - 1 7 3 6 5 0. - - - - - - - - - - - - - - - - - - - - - - - - - - - - - - - - - - - - - - - - - - - - - - - - - - - - - - -
6 3 5 | 6 2 4 |
1 - '1 | -
0
7 - - - - - - - - - - - - - - - - - - - - - - - - - - - - - -
6 2 | - |
3 5 | -
1 |
4 | |
7 | | | |
0 | | | -
6 5 | 3 2 | - |
4 1 | - |
7. | | - 0 | |
5 6 | 3 2 | - |
1 4 |
0. - | |
0 1- 7 2 3 4 5 6
0. - -
1 2 3 4 5 6 7 0. - |
4 2
1 0 3 6 7 5- | - |
1 0 3 6 7 5- | - |
%END
