JIANPU_LY ERROR: (notesHad=2 4 | - 1 | 7 3 | - 5- | 6 0) barcheck fail: note crosses barline at "0" with 0 beams (24 skipped from 16 to 40, bypassing 32), scoreNo=1 barNo=5 (but the error could be earlier)

--- score ---
title=小螺号
type=work
alias=小螺号简谱_儿歌_让我们回到了纯真的童年
%--
2/4
2 4 - 1 7 3 - 5- 6 0. - - 7-- 6 5 - 4--- 3 2---- 1
6 3 | - 5 | 2 4 | - | - 1 7 0 | | | | - | - | - - - - - - - - - - - - - - - - - - - - - - -
6 3 | - |
2 5 | -
1 | - |
4 | | | |
0 | | | |
7 | - | | | | - | -
6 5 | 3 2 - | 4 1 | - 7. | 0 | - - | - - - - - - - - - - - - - - - - - - - - - - - - - - - - - - - - - - - - - - - - - - - - - -
2 3 4 1. 5 - - 0
1 2 3 -
1 2 3 -
2 3 1 5 4 0 6 7. -
- - 0 1 2 3 4 5 6 7
2 -
2 1 4 3 - 0. 5
%END
