JIANPU_LY ERROR: (notesHad=2 - | - - | - - | - - | - - | - - | - - | - - | - - | 1 4 | 3 0) barcheck fail: note crosses barline at "0" with 0 beams (24 skipped from 16 to 40, bypassing 32), scoreNo=1 barNo=11 (but the error could be earlier)

--- score ---
title=小草
type=work
alias=小草简谱__杨烁____70、80年代听过最多的歌曲
%--
2/4
2 - - - - - - - - - - - - - - - - - 1 4 3 0. 5 6 7
6 5 - | 3 2 | 4 1 | | 7 0 | |
6 3 | 5 - 4 | 2 1 7 0. | - - | - | - - - - - - - - | - - | - | | - - | | - - - - - - - - - - - - - - - - - - - - - - - - - - - -
- 1 0 2 3 4 5 6 7
6 3 | 5 2 - | 4 7 - - | 1 0 - - - - - - - - - | -
3 5 | 2 6 |
7 1 - -
4 - - -
0
- 0. -
6 2 4 3 5 - 1. 7 |
1 2 3 4 5 6 0 -
- 1 2 3 4 5 6 0
0
1 2 3 4 5 6 7 0 -
0. - 1, 2 3
%END
