JIANPU_LY ERROR: Ambiguous octave marks (please set OctavesBefore or OctavesAfter if writing them in the middle) in the ' part of '1- in score 1
3 5 6 | 3 3 2 | 1 | | 6 7 | | '1- '1 '1-- | |
                              ^^^            

--- score ---
title=我们是共产主义接班人
type=work
alias=我们是共产主义接班人简谱_儿歌_为着理想勇敢前进，我们是共产主义接班人
%--
2/4
3 5 6 | 3 3 2 | 1 | | 6 7 | | '1- '1 '1-- | |
'1- |
4 0 | |
5 3 | 2 | - 6 | - 1 7 6 | - 4 0 | - - | - - - - - - - - - - - - - - - - - - - - - - - - - - - - - - - - - - - - - - - - - - - -
2 3 - | 5 4 | | 1 6 | 7 0 | - | |
| 2 | 3 4 |
| 5 6 |
| 1-. 7 0 | | - | |
1 2 3 4 - 5 6 7 0 - - - - - - - - - - - - - - - - - - - - - - -
1- 2 3 4 5 6 7 0. -
1 2 3 - 4- 5 6 7 0. - - - - - - -
- 1 2 3 4 5 6 7 0. - - - - -
- 1 0. - 2 4 3
2 1 4 0 -
0
%END
