JIANPU_LY ERROR: Ambiguous octave marks (please set OctavesBefore or OctavesAfter if writing them in the middle) in the ' part of '1- in score 1
3 5 - | 4 6 '1- '1 7 | 2. '1. | 0 1. | - '1.- | -
            ^^^                                  

--- score ---
title=我们是春天
type=work
alias=我们是春天简谱(歌词)—少儿合唱演唱—岭南印象曲谱
%--
4 2 - 1 0 3 5
'1 5 '1 3 | '1 '1 '1 '1 2 4 | 1 '1 6 '1 '1 '1 '1 '1 '1 '1 '1 '1 -
5 4 - | 2 | | 3 | | 1 | 6- | 7 0 | -
2 4 - | 6 5 3 1 | 7 0 | - |
5 3 - | 6 2 1 | 4 7 0 | |
5 4 - | 2 3 |
| 6 |
1 0, -
7
3 5 - | 4 6 '1- '1 7 | 2. '1. | 0 1. | - '1.- | -
6 2 - | '1 - - | | |
1 2 3 4 5 6 7 0. - - - - - - - - - - - - - - | | - | - | - - - - - | -
%END
