JIANPU_LY ERROR: (notesHad=2 4 - 5 | 6 5 4 3 | 2 3 4 6 | 7 6 7 5 | 1 0 1 1 | 2 3 1 1) barcheck fail: note crosses barline at "1" with 0 beams (16 skipped from 56 to 72, bypassing 64), scoreNo=1 barNo=6 (but the error could be earlier)

--- score ---
title=我爱北京天安门
type=work
alias=我爱北京天安门简谱(歌词)_金铭与少儿演唱_岭南印象曲谱
%--
2 4 -
5 6 5 4 3 2 3 4 6 7 6 7 5 '1 0 '1 1 2 3 '1. '1 '1 '1 '1 '1 | '1 '1 '1. '1 '1 '1 | '1 '1 '1 '1 '1 '1 '1- '1 '1 '1 - '1 '1 | | | |
4 3 2 6 | 5 | 2 | 1 0 | - | |
'1 |
'1 |
| '1
2 5 | '1 - | | '1 |
3 1 4 | |
| 0. |
7 6 | |
5 4 | 3 2 | 6 - '1- '1 '1-. 1. '1.- 0 7. '1. | - - | - - - - - - - - - - - - - - - - - - - - - - - - -
'1 - '1 | 6 5 4 3 2 | 7 0 1 - - -
1 2 3 4 5 6 7 0 -
2 4 1 6 0 -
1 7 0 - - - - 3 5 6
%END
