JIANPU_LY ERROR: (notesHad=2 4 | - 1 | 7 0 | 3 5) barcheck fail: note crosses barline at "5" with 0 beams (16 skipped from 24 to 40, bypassing 32), scoreNo=1 barNo=4 (but the error could be earlier)

--- score ---
title=找朋友
type=work
alias=找朋友简谱_儿歌_唱起爸爸妈妈们小时候的经典儿歌
%--
2/4
2 4 - 1 7 | 0 | 3. 5 6- | - - | - | | | | | | | | - - - - | - - - - - - - - - - - - - - - - - - - - - - - - - - - - - - - - - - -
5 3 | 2 4 | 6 - 1 7 | - 0 | - | | - | - | | - | - - - - - - - - - | - - - - - - - - - - - - - - - - - - - - - - - - - - - - - -
2 1 3 4- 5 6 7 0
2 4 -
5 3 | 4 - 2 | 6 1 7 | - 0. | - - - - - - - - - - | - - - - | | | | | | | | | | |
| | 3 4 | | |
| | 0 | |
1 2 3 4 5 6 0 -
0
0
- 1 2 3 4 5 6 7 - 0
- 0 - 1 4 2 - -
1- 7 0. 2 3 4 5 6 1 2 - - -
%END
