JIANPU_LY ERROR: (notesHad=5 6 | 3 2 | 5 1 | 2 5 | 6 3 | 2 5 | 3 2 | 1 - | 2 4 | 6 - | 3 5 | 7 1 | 0 - | 5 3 | 2 1 | 4 6 | 7 0) barcheck fail: note crosses barline at "0" with 0 beams (24 skipped from 16 to 40, bypassing 32), scoreNo=1 barNo=17 (but the error could be earlier)

--- score ---
title=拔萝卜
type=work
alias=拔萝卜简谱_儿歌_留给童年的记忆
%--
2/4
5 6 | 3 2 | 5 | | 1 2 | 5 6 | | 3 2 |
5 3 2 | 1 - |
2 4 6 - 3 5 7 1 0 -
5 3 | | 2 | 1 | | | 4 | | 6 7 0. | | | | - | - - - - - - - - - - - | - - - - - - - | - |
5 3 | 2 - | 6 1 | | | 0- 7 4,.., - - - - - - - - - - - - - - - - - - - - - - - - - - - - - - - - - - - - - - - - - - - - - - - - - -
5 3 2 | - |
1 4
7.
0,
6. | - | - | -
- - - - - - - - - 0 1 2 3 4 5 6 7
1 0 -
2 1 3 4 5 6 7 0 -
0
- - 1 4 0. 5 2 3
2 1 4 0 3 - 5 7 6
%END
