JIANPU_LY ERROR: (notesHad=3 4 1 | 1 1 0 | 1 2 3 | 4 5 6 | 7 - 3 | 5 - 2 | 4 6 1 | 7 - 0 | - - - | - - - | - - - | - - - | - - - | - - - | - - - | - - - | - - - | - - - | - - - | - - - | - - - | - 5 - | 5 1 3 | 0 - 2 | 4 6 2 | 3 - 4 | - 5 - | 6 1 7 | 0 - - | - - - | - - - | - - - | - - - | - - - | - - - | - - - | - - - | - - - | - 5 3 | - 2 4 | 6 - 1 | 7 0 - | - - - | - - - | - - - | - - - | - - - | - - - | - - - | - - - | - - - | - - - | - - 1 | 1 5 1 | 3 3 0 | 4- 2 - | 1 1 1 | 1 1 1 | 1 1 1 | 1 1 1 | 1 3 0 | 4- 2 - | 1 1 1 | 1 1 1 | 1 1 1 | 1 1 2 | 3 - 1 | 1 5 3 | 1 0 2) barcheck fail: note crosses barline at "2" with 0 beams (16 skipped from 40 to 56, bypassing 48), scoreNo=1 barNo=69 (but the error could be earlier)

--- score ---
title=新年好
type=work
alias=新年好简谱_儿歌_一份真诚的祝福，祝您新年快乐
%--
3/4
3 4 | | | | | | '1 | '1 '1 0 1 2 3 4 5 6 7 -
3 5 - 2 | 4 6 | 1 7 | - | | 0 | | | - - - | | - | - - - | - - - - - - | - - | - - - - - - - - - - - - - - - - - - - - - - - - -
5 - | 5 | | 1 3 | 0 | - |
2 4 6
2 3 | - 4 | | - 5 | - 6 1 7 | | 0 | | | - - | - - - - - - - - | - - - - - - - - | - - | - - | - - - - - - - -
5 3 | - 2 | 4 6 | - 1 7 | | 0 - - - - - | - - | | - - - | - - - - - - - - - - - - | - - - - - - - - - - - | |
'1 '1 5 | |
1 3 3 |
0
4- 2 -
'1 '1 '1 '1 '1 '1 '1 '1 '1 '1
'1 '1 | |
1 3 |
0
4- 2 -
'1 '1 '1 '1 '1 '1 '1 '1 '1 '1
1 2 3 -
'1 '1 5 | |
3 1 0. | | | | |
2 7- 4 6 | | | |
2 5 | '1 - '1 '1 |
'1 '1 '1 | 1 3 |
'1 '1 '1 '1 | '1 '1 '1
7
0
4. |
6 |
'1 |
- '1 |
5 2 6 4 | 3 - 1 | | |
- 0
1 2 3 - 0. 5- 4 6.. 7...
%END
