JIANPU_LY ERROR: (notesHad=6 2 3 - | 5 1 7 1 | 0 1 - -) barcheck fail: note crosses barline at "-" with 0 beams (16 skipped from 56 to 72, bypassing 64), scoreNo=1 barNo=3 (but the error could be earlier)

--- score ---
title=明月逐人归
type=work
alias=明月逐人归简谱(歌词)_五色石南叶/贰婶演唱_天之韵记谱
%--
6 2 | 3 - 5 1 7 '1 0 |
'1. - | |
- 6 | '1 - -
0 1 2 3 4 5 6 7 -
6 3 '1 | - |
2
'1 1 7.
5
0. 4 |
6 5 '1 | '1 - 2 3 1 4 |
0 7 6 | - - |
- - '1- -
6 3 - | 5 '1 2 '1 1 | 7- '1 | - | - 0. | 4.-. '1 - | 1 2.. 2 '1 2 | |
3 6 | 2 '1 |
1 0 | 5 - |
4. 7- | |
'1 | | | |
| - | - - - - - - - - - - '1- - - - - - - - - - - - - - - - -
5 2 | 3 4 | '1 6 |
'1
7 |
1.
0. |
3 6 - | 2 '1 |
5 1 7
| 4 |
0.
'1- - - - - - - - '1- - - - - - - - - - - - - - - - -
3 6 - | 2 '1 |
5 1 7
| 4 |
0.
'1- - - - - - - - '1- - - - - - - - - - - - - - - - -
3 6 - | 2 '1 |
5 1 7
| 4 |
0.
'1- - - - - - - - '1- - - - - - - - - - - - - - - - -
3 6 - | 2 '1 |
5 1 7
| 4 |
0.
'1- - - - - - - - '1- - - - - - - - - - - - - - - - -
3 6 - | 2 '1 |
5 1 7
| 4 |
0.
'1- - - - - - - - '1- - - - - - - - - - - - - - - - -
3 6 - | 2 '1 |
5 1 7
| 4 |
0.
'1- - - - - - - - '1- - - - - - - - - - - - - - - - -
3 6 - | 2 '1 |
5 1 7
| 4 |
0.
'1- - - - - - - - '1- - - - - - - - - - - - - - - - -
3 6 - | 2 '1 |
5 1 7
| 4 |
0.
'1- - - - - - - - '1- - - - - - - - - - - - - - - - -
3 6 - | 2 '1 |
5 1 7
| 4 |
0.
'1- - - - - - - - '1- - - - - - - - - - - - - - - - -
3 6 - | 2 '1 |
5 1 7
| 4 |
0.
'1- - - - - - - - '1- - - - - - - - - - - - - - - - -
3 6 - | 2 '1 |
5 1 7
| 4 |
0.
'1- - - - - - - - '1- - - - - - - - - - - - - - - - -
3 6 - | 2 '1 |
5 1 7
| 4 |
0.
'1- - - - - - - - '1- - - - - - - - - - - - - - - - -
3 6 - | 2 '1 |
5 1 7
| 4 |
0.
'1- - - - - - - - '1- - - - - - - - - - - - - - - - -
3 6 - | 2 '1 |
5 1 7
| 4 |
0.
'1- - - - - - - - '1- - - - - - - - - - - - - - - - -
3 6 - | 2 '1 |
5 1 7
| 4 |
0.
'1- - - - - - - - '1- - - - - - - - - - - - - - - - -
3 6 - | 2 '1 |
5 1 7
| 4 |
0.
'1- - - - - - - - '1- - - - - - - - - - - - - - - - -
3 6 - | 2 '1 |
5 1 7
| 4 |
0.
'1- - - - - - - - '1- - - - - - - - - - - - - - - - -
3 6 - | 2 '1 |
5 1 7
| 4 |
0.
'1- - - - - - - - '1- - - - - - - - - - - - - - - - -
3 6 - | 2 '1 |
5 1 7
| 4 |
0.
'1- - - - - - - - '1- - - - - - - - - - - - - - - - -
3 6 - | 2 '1 |
5 1 7
| 4 |
0.
'1- - - - - - - - '1- - - - - - - - - - - - - - - - -
3 6 - | 2 '1 |
5 1 7
| 4 |
0.
'1- - - - - - - - '1- - - - - - - - - - - - - - - - -
3 6 - | 2 '1 |
5 1 7
| 4 |
0.
'1- - - - - - - - '1- - - - - - - - - - - - - - - - -
3 6 - | 2 '1 |
5 1 7
| 4 |
0.
'1- - - - - - - - '1- - - - - - - - - - - - - - - - -
3 6 - | 2 '1 |
5 1 7
| 4 |
0.
'1- - - - - - - - '1- - - - - - - - - - - - - - - - -
3 6 - | 2 '1 |
5 1 7
| 4 |
0.
'1- - - - - - - - '1- - - - - - - - - - - - - - - - -
3 6 - | 2 '1 |
5 1 7
| 4 |
0.
'1- - - - - - - - '1- - - - - - - - - - - - - - - - -
3 6 - | 2 '1 |
5 1 7
| 4 |
0.
'1- - - - - - - - '1- - - - - - - - - - - - - - - - -
3 6 - | 2 '1 |
5 1 7
| 4 |
0.
'1- - - - - - - - '1- - - - - - - - - - - - - - - - -
3 6 - | 2 '1 |
5 1 7
| 4 |
0.
'1- - - - - - - - '1- - - - - - - - - - - - - - - - -
3 6 - | 2 '1 |
5 1 7
| 4 |
0.
'1- - - - - - - - '1- - - - - - - - - - - - - - - - -
3 6 - | 2 '1 |
5 1 7
| 4 |
0.
'1- - - - - - - - '1- - - - - - - - - - - - - - - - -
3 6 - | 2 '1 |
5 1 7
| 4 |
0.
'1- - - - - - - - '1- - - - - - - - - - - - - - - - -
3 6 - | 2 '1 |
5 1 7
| 4 |
0.
'1- - - - - - - - '1- - - - - - - - - - - - - - - - -
3 6 - | 2 '1 |
5 1 7
| 4 |
0.
'1- - - - - - - - '1- - - - - - - - - - - - - - - - -
3 6 - | 2 '1 |
5 1 7
| 4 |
0.
'1- - - - - - - - '1- - - - - - - - - - - - - - - - -
3 6 - | 2 '1 |
5 1 7
| 4 |
0.
'1- - - - - - - - '1- - - - - - - - - - - - - - - - -
3 6 - | 2 '1 |
5 1 7
| 4 |
0.
'1- - - - - - - - '1- - - - - - - - - - - - - - - - -
3 6 - | 2 '1 |
5 1 7
| 4 |
0.
'1- - - - - - - - '1- - - - - - - - - - - - - - - - -
3 6 - | 2 '1 |
5 1 7
| 4 |
0.
'1- - - - - - - - '1- - - - - - - - - - - - - - - - -
3 6 - | 2 '1 |
5 1 7
| 4 |
0.
'1- - - - - - - - '1- - - - - - - - - - - - - - - - -
3 6 - | 2 '1 |
5 1 7
| 4 |
0.
'1- - - - - - - - '1- - - - - - - - - - - - - - - - -
3 6 - | 2 '1 |
5 1 7
| 4 |
0.
'1- - - - - - - - '1- - - - - - - - - - - - - - - - -
3 6 - | 2 '1 |
5 1 7
| 4 |
0.
'1- - - - - - - - '1- - - - - - - - - - - - - - - - -
3 6 - | 2 '1 |
5 1 7
| 4 |
0.
'1- - - - - - - - '1- - - - -
6 3 - | 2 |
| 1 7 5 4 0 |
0 -
%END
