JIANPU_LY ERROR: (notesHad=4 2 - 6 | 3 5 7 1 | 0 - - - | - - - - | - - - 6 | 3 - 1 2 | 1 5 7 - | 4 1 0 1) barcheck fail: note crosses barline at "1" with 0 beams (16 skipped from 56 to 72, bypassing 64), scoreNo=1 barNo=8 (but the error could be earlier)

--- score ---
title=明日歌
type=work
alias=明日歌简谱(歌词)_银河少年艺术团演唱_桃李醉春风记谱
%--
4 2 - 6 3 5 7 1 0 - - - - - - - - - -
6 3 - '1 | 2 '1 |
5 7 -
4
1 0.
'1 - 4 | 3 2 5 6 7 - | 0 | | 1- '1. '1 '1 '1 '1 '1 '1 '1 '1 '1 '1 '1 '1 '1 '1 '1 '1 '1 '1 '1 '1 '1 '1 '1 '1 '1 '1 '1 '1 '1 '1 '1 '1 '1 '1 '1
2 6 - | 4 5 | '1 |
3 |
7
1.
0. |
2 6 - | 4 5 | '1 |
3 |
7
1.
0. |
3 6 - 2 | 5 - - | 4 1 7 | | 0-- | | | - | - | - | - - - - - - - - - - - - - - - - - - - - - - - - - - - - - - - - - - - - - - - -
6 - 5 | '1 7 6 3 | | | | | | |
2. |
'1 | |
1- 0 |
4.
| - | - - '1
3 5 - | 2 '1 6 '1 '1 | | 7 '1 '1 '1 '1 '1 '1 | 1 0 | | 4 - | - |
6 5 - | 3 2 4 1 7 | 6 0 | | 6. | | 0- | - | - - | - - - - - - - - - - - - - - - - - - - - - - - - - - - - - - - - | - - | - - - -
1 2 3 - 4- 5 6 7 0 - - - - - - - - - '1 -
%END
