JIANPU_LY ERROR: (notesHad=3 5 - 2 | 4 - 1 6 | 0 7 - 3) barcheck fail: note crosses barline at "3" with 0 beams (16 skipped from 56 to 72, bypassing 64), scoreNo=1 barNo=3 (but the error could be earlier)

--- score ---
title=春天在哪里
type=work
alias=春天在哪里简谱_儿歌_快来儿歌里找春天
%--
3 5 | - |
2 4 | -
1 6 | 0. |
7 | -
3 5 - | 2 | 4 | - 1. | 6 - | - 7.- 0 | | - - | | | | - - - - - - | - - | - - - - - - - - - - - - - - - - - - - - - - - - - - - - -
2 5 | 3 | 6 6. | 4 1 | 0. 7 | | |
5 3 | 6 - '1 2 4 1 7 |
| 0. |
'1
| 2.
5 3 | 1 7 4 |
| 0. |
'1
| 2.
5 3 | 1 7 4 |
| 0. |
'1
| 2.
5 3 | 1 7 4 |
| 0. |
'1
| 2.
5 3 | 1 7 4 |
| 0. |
'1
| 2.
5 3 | 1 7 4 |
| 0. |
'1
| 2.
5 3 | 1 7 4 |
| 0. |
'1
| 2.
5 3 | 1 7 4 |
| 0. |
'1
| 2.
5 3 | 1 7 4 |
| 0. |
'1
| 2.
5 3 | 1 7 4 |
| 0. |
'1
| 2.
5 3 | 1 7 4 |
| 0. |
'1
| 2.
5 3 | 1 7 4 |
| 0. |
'1
| 2.
5 3 | 1 7 4 |
| 0. |
'1
| 2.
5 3 | 1 7 4 |
| 0. |
'1
| 2.
5 3 | 1 7 4 |
| 0. |
'1
| 2.
5 3 | 1 7 4 |
| 0. |
'1
| 2.
5 3 | 1 7 4 |
| 0. |
'1
| 2.
5 3 | 1 7 4 |
| 0. |
'1
| 2.
5 3 | 1 7 4 |
| 0. |
'1
| 2.
5 3 | 1 7 4 |
| 0. |
'1
| 2.
5 3 | 1 7 4 |
| 0. |
'1
| 2.
5 3 | 1 7 4 |
| 0. |
'1
| 2.
5 3 | 1 7 4 |
| 0. |
'1
| 2.
5 3 | 1 7 4 |
| 0. |
'1
| 2.
5 3 | 1 7 4 |
| 0. |
'1
| 2.
5 3 | 1 7 4 |
| 0. |
'1
| 2.
5 3 | 1 7 4 |
| 0. |
'1
| 2.
5 3 | 1 7 4 |
| 0. |
'1
| 2.
5 3 | 1 7 4 |
| 0. |
'1
| 2.
5 3 | 1 7 4 |
| 0. |
'1
| 2.
5 3 | 1 7 4 |
| 0. |
'1
| 2.
5 3 | 1 7 4 |
| 0. |
'1
| 2.
5 3 | 1 7 4 |
| 0. |
'1
| 2.
5 3 | 1 7 4 |
| 0. |
'1
| 2.
5 3 | 1 7 4 |
| 0. |
'1
| 2.
5 3 | 1 7 4 |
| 0. |
'1
| 2.
5 3 | 1 7 4 |
| 0. |
'1
| 2.
5 3 | 1 7 4 |
| 0. |
'1
| 2.
5 3 | 1 7 4 |
| 0. |
'1
| 2.
5 3 | 1 7 4 |
| 0. |
'1
| 2.
5
5 3 | |
6 4 - '1 |
2. 1 0- | |
7
- '1 '1
'1.
5 3 | 2 4 - 1 6 7 | 0 | | | | |
5 6 | 4 i 2 | 3 i 1 5 7 0 I. I - - - - - - - - - - - - - - - - - - - - - - - - - - - - - - - - - - - - - - - - - - - - - - - - -
5 6 | 3 4 | 2 1 - | | | | | | 0. - | - | - | - - - - - - - - - - - - - - - - - - - - - - - - - - - - - - - - - - - - - - - - - -
1 2 3 4 5 6 0 -
0
1 2 3 4 5 6 0 -
2 - 3 4 5 6 7. 0
%END
