JIANPU_LY ERROR: (notesHad=4 2 | 3 - | 1 6 | 5 7 | 0 - | - - | - - | - - | - - | 1 5 | 3 6 | 5 2 | - - | - 4 | 1 0 | 7-- - | 2 5 | - 6 | 3 1 | 7 -) barcheck fail: note crosses barline at "-" with 0 beams (16 skipped from 24 to 40, bypassing 32), scoreNo=1 barNo=20 (but the error could be earlier)

--- score ---
title=春晓
type=work
alias=春晓简谱(歌词)_戴梓伊演唱_桃李醉春风记谱
%--
2/4
4 2 3 - 1 6 5 7 0 - - - - - - - - - '1
5 3 6 5 | 2 - - - | | 4 1 0 | 7-- | | - |
2 5 - | 6 | 3 | | 1 | | 7. | - 0 | - | | | | 4- | | - - | - - - - - - - - - - - - - - - - - | |
2 3 - | 6 5 4 1 7 | 0 | - |
2 4 - | 5 6 |
3 1 7 - - | - - |
0 | | | | | |
3 2 | - | | | 5 6 | | 1 | 7 | - | - 0 | |
4 | |
1 2 3 - - - - - - 0-- - - - - - - - - - - - - - - - - - - - - - - - - - - - - - - - - - - - - - - - - - - - - - - - - - - - - - -
1 2 3 4 5 6 0 -
| 1 2 3 4 5 6 0 -
2 3
4 5
1 -
0
7-.
%END
