JIANPU_LY ERROR: (notesHad=4 2 | - 3 | 1 5- | 6 7) barcheck fail: note crosses barline at "7" with 0 beams (16 skipped from 24 to 40, bypassing 32), scoreNo=1 barNo=4 (but the error could be earlier)

--- score ---
title=晓窗
type=work
alias=晓窗简谱(歌词)_小海龟演唱组演唱_桃李醉春风记谱
%--
2/4
4 2 - 3 1 | 5- 6. 7 | - - - - - - - - '1- - - - - - - - - - -
2 6 - | 5 '1 |
3 4 -
1 7 | 0 |
'1.
'1 '1 '1 '1 '1 '1 '1 '1 '1 '1 '1 '1 '1 '1 '1 '1 '1 '1 '1 '1 '1 '1 '1 '1 '1 '1 '1 '1 '1
5 6 | 7 - |
3 4 | - |
1 0 | - | 2. | | | |
5 6 | 3 - |
4 2 |
1 - - - - - - - - -
- - '1- - - - - - - - - - - - - - - - -
0 1 | - |
2 - - - - - - - - -
- - '1- - - - - - - - - - - - - - - - -
0 1 | - |
2 - - - - - - - - -
- - '1- - - - - - - - - - - - - - - - -
0 1 | - |
2 - - - - - - - - -
- - '1- - - - - - - - - - - - - - - - -
0 1 | - |
2 - - - - - - - - -
- - '1- - - - - - - - - - - - - - - - -
0 1 | - |
2 - - - - - - - - -
- - '1- - - - - - - - - - - - - - - - -
0 1 | - |
2 - - - - - - - - -
- - '1- - - - - - - - - - - - - - - - -
0 1 | - |
2 - - - - - - - - -
- - '1- - - - - - - - - - - - - - - - -
0 1 | - |
2 - - - - - - - - -
- - '1- - - - - - - - - - - - - - - - -
0 1 | - |
2 - - - - - - - - -
- - '1- - - - - - - - - - - - - - - - -
0 1 | - |
2 - - - - - - - - -
- - '1- - - - - - - - - - - - - - - - -
0 1 | - |
2 - - - - - - - - -
- - '1- - - - - - - - - - - - - - - - -
0 1 | - |
2 - - - - - - - - -
- - '1- - - - - - - - - - - - - - - - -
0 1 | - |
2 - - - - - - - - -
- - '1- - - - - - - - - - - - - - - - -
0 1 | - |
2 - - - - - - - - -
- - '1- - - - - - - - - - - - - - - - -
0 1 | - |
2 - - - - - - - - -
- - '1- - - - - - - - - - - - - - - - -
0 1 | - |
2 - - - - - - - - -
- - '1- - - - - - - - - - - - - - - - -
0 1 | - |
2 - - - - - - - - -
- - '1- - - - - - - - - - - - - - - - -
0 1 | - |
2 - - - - - - - - -
- - '1- - - - - - - - - - - - - - - - -
0 1 | - |
2 - - - - - - - - -
- - '1- - - - - - - - - - - - - - - - -
0 1 | - |
2 - - - - - - - - -
- - '1- - - - - - - - - - - - - - - - -
0 1 | - |
2 - - - - - - - - -
- - '1- - - - - - - - - - - - - - - - -
0 1 | - |
2 - - - - - - - - -
- - '1- - - - - - - - - - - - - - - - -
0 1 | - |
2 - - - - - - - - -
- - '1- - - - - - - - - - - - - - - - -
0 1 | - |
2 - - - - - - - - -
- - '1- - - - - - - - - - - - - - - - -
0 1 | - |
2 - - - - - - - - -
- - '1- - - - - - - - - - - - - - - - -
0 1 | - |
2 - - - - - - - - -
- - '1- - - - - - - - - - - - - - - - -
0 1 | - |
2 - - - - - - - - -
- - '1- - - - - - - - - - - - - - - - -
0 1 | - |
2 - - - - - - - - -
- - '1- - - - - - - - - - - - - - - - -
0 1 | - |
2 - - - - - - - - -
- - '1- - - - - - - - - - - - - - - - -
0 1 | - |
2 - - - - - - - - -
- - '1- - - - - - - - - - - - - - - - -
0 1 | - |
2 - - - - - - - - -
- - '1- - - - - - - - - - - - - - - - -
0 1 | - |
2 - - - - - - - - -
- - '1- - - - - - - - - - - - - - - - -
0 1 | - |
2 - - - - - - - - -
- - '1- - - - - - - - - - - - - - - - -
0 1 | - |
2 - - - - - - - - -
- - '1- - - - - - - - - - - - - - - - -
0 1 | - |
2 - - - - - - - - -
- - '1- - - - - - - - - - - - - - - - -
0 1 | - |
2 - - - - - - - - -
- - '1- - - - - - - - - - - - - - - - -
0 1 | - |
2 - - - - - - - - -
- - '1- - - - - - - - - - - - - - - - -
0 1 | - |
2 - - - - - - - - -
- - '1- - - - - - - - - - - - - - - - -
0 1 | - |
2 - - - - - - - - -
2 3 - | 6 - - | 1 7 5 0 '1. 4. - - | - | -
2 1 4 0 -
2 3 1 5 4 6 0 7
1 2 3 4 5 6 7 - 0
0
%END
