JIANPU_LY ERROR: (notesHad=4 2 3 - | 1 5 6 7 | 0 - - - | - - - - | 1 5 3 1 | 6 2 4 1 | - 0 7- 5) barcheck fail: note crosses barline at "5" with 0 beams (16 skipped from 56 to 72, bypassing 64), scoreNo=1 barNo=7 (but the error could be earlier)

--- score ---
title=村居
type=work
alias=村居简谱(歌词)_小海龟演唱组演唱_桃李醉春风记谱
%--
4 2 3 - 1 5 6 7 0 - - - - - - -
'1 5 3 '1 6 |
2 4 |
1 - 0. 7- |
5 6 - |
3 2 |
4
1 - - |
7.
0-- |
4 5 3 2 | 6 | 1 7 - '1 '1 0 | |
5 4 |
3 - |
2 1 6 |
0 |
2 0 0 2 0 1 6
1 2 3 - 4- 5 6 7 0 - - - - - - - - '1- - - - - - - - - - - - - - - - -
- 0. - -
2 1 3 4 0. 5 6-
1 2 3 - 4- 5 6 7 0 - - - - - - -
%END
