JIANPU_LY ERROR: (notesHad=4 2 - - | - - - - | - - - - | 5 6 - 3 | 2 - 4 1 | - 7 0 3) barcheck fail: note crosses barline at "3" with 0 beams (24 skipped from 48 to 72, bypassing 64), scoreNo=1 barNo=6 (but the error could be earlier)

--- score ---
title=校园的早晨
type=work
alias=校园的早晨简谱(歌词)_谢莉斯/王洁实演唱_岭南印象曲谱
%--
4 2 - - - - - - - - - -
5 6 | - 3 2 | - | 4 1 | - 7 | | | | 0 3. 2 1 | 3-.. 5.-. | 6-. - - - - - - - - - - - - - - - - - - - - - - - - - - - - - - - - - - - - -
3 6 | 2 | 4 5 |
1 - |
7 | - | |
0 | - | | | |
3 2 | - | | | | - | | | 1 7 5 6- | 0. | - | - - | 4,.... - - - - - - - - | - - - - - - | - - - - - - - - - - - - - - - - - - - - - - -
6 5 | | 3 2 | 4 1 - 0 | -
2 3 | 6 5 | -
4 |
1 |
7 |
0
- - 3
2 | 5 - |
4 |
1 |
7 |
0
2 3 1 5 4 0 6. 7 -
0 1- 7 0
2 3 4 5 6 7 1 0
%END
