JIANPU_LY ERROR: (notesHad=4 2 | 3 - | 1 6 | 7 5 | - - | - - | - - | - - | - - | - - | - - | - - | - 5 | 6 7 | - 2 | 3 4 | 1 1 | 0 1) barcheck fail: note crosses barline at "1" with 0 beams (16 skipped from 24 to 40, bypassing 32), scoreNo=1 barNo=18 (but the error could be earlier)

--- score ---
title=格言联壁
type=work
alias=格言联壁简谱(歌词)_银河少年艺术团演唱_桃李醉春风记谱
%--
2/4
4 2 3 - 1 6 7 5 - - - - - - - - - - - - - - - - -
5 6 7 - | 2 3 4 | 1 | | '1 |
0. | |
'1 -
2. |
2 5 6 - | 4 3 | 1 7 0 | - |
2 5 - | 6 3 1 | | 4 | - | 0 - - | - | | - - | - - - - - | - - - - - | - - - - - - - - - - - - - - - - - - - - - - - - - - - - -
4 3 2 - | 5 | 6-- 1 | - 7 | | 0 | | - | - - - - |
5 4 - 3 4 | 2 | 6-- 1 i. | i. i- i 7 6 | - | - | | | | - | 0 | - - - - - - - - - - - - - - - - - - - - - - - - - - - - - - - - - - -
3 4 - 2 | '1 '1 '1 '1 '1 '1 | | '1 7 6 5-- | '1 '1 '1 3 4 5--- |
1- 0 | | '1 '1.---- | - | - - '1 5 '1 0
2 4 - | 3 5 | | 1 6 | 7 | | 0 | - | - - - - - - - - - - - - - - - - - - - - - - - - - - - - - - - - | | | | | - - - - - | - - -
1 2 3 - 0. 5- 4 6 7
%END
