JIANPU_LY ERROR: (notesHad=5 4 | - 2 | 3 6 | 1 7 | - 0 | - 3 | 6 5 | 4 2 | 5 1 | 7 - | 0 - | 2 4 | - 3 | 5 1 | 6 3 | 4 1 | 1 - | 5 6 | 7 6 | 1 2) barcheck fail: note crosses barline at "2" with 0 beams (24 skipped from 16 to 40, bypassing 32), scoreNo=1 barNo=20 (but the error could be earlier)

--- score ---
title=每当我走过老师窗前
type=work
alias=每当我走过老师窗前简谱_儿歌_对老师崇敬热爱之情的歌曲
%--
2/4
5 4 | - 2 | 3 6 1 | | 7 | - | | 0 -
3 6 | 5 4 | 2 5 1 7 - 0 | | - | |
2 4 - | 3 5 1 6 |
3 4 | '1 |
'1 -
5 6 7 6 1 2.
2 4 - 3 | 5 6 | 1 | - 7, 0,- | - - | 2 | | 2 | | | - - - - - - - - - - - - - - - - - - - - - - - - - - - - - - - - - - - - - - - -
| 5 | - |
6 3 -
2 |
1 7
0
5 4 | 2 3 | - 6 1 7 0,
4 3 | - |
2 6
1 7 0
| 4 | 5 |
| 2 1 3 7 |
0
0
- - 1 2 3 4 5 6 7 0. - - -
%END
