JIANPU_LY ERROR: (notesHad=4 2 | 6- 7 | 3- 5 | 1- 0) barcheck fail: note crosses barline at "0" with 0 beams (24 skipped from 16 to 40, bypassing 32), scoreNo=1 barNo=4 (but the error could be earlier)

--- score ---
title=江南
type=work
alias=江南简谱(歌词)_银河少年艺术团演唱_桃李醉春风记谱
%--
2/4
4 2 6- 7 3- 5 1- 0. - - - -
2 6 - '1 | 5 6 '1 |
3 1 0 4 |
7 - |
3 5 | '1- '1 |
'1 6 -
1 2 |
4 7 |
0.
3 5 | '1- '1 |
'1 6 -
1 2 |
4 7 |
0.
3 5 | '1- '1 |
'1 6 -
1 2 |
4 7 |
0.
3 5 | '1- '1 |
'1 6 -
1 2 |
4 7 |
0.
3 5 | '1- '1 |
'1 6 -
1 2 |
4 7 |
0.
3 5 | '1- '1 |
'1 6 -
1 2 |
4 7 |
0.
3 5 | '1- '1 |
'1 6 -
1 2 |
4 7 |
0.
3 5 | '1- '1 |
'1 6 -
1 2 |
4 7 |
0.
3 5 | '1- '1 |
'1 6 -
1 2 |
4 7 |
0.
3 5 | '1- '1 |
'1 6 -
1 2 |
4 7 |
0.
3 5 | '1- '1 |
'1 6 -
1 2 |
4 7 |
0.
3 5 | '1- '1 |
'1 6 -
1 2 |
4 7 |
0.
3 5 | '1- '1 |
'1 6 -
1 2 |
4 7 |
0.
3 5 | '1- '1 |
'1 6 -
1 2 |
4 7 |
0.
3 5 | '1- '1 |
'1 6 -
1 2 |
4 7 |
0.
3 5 | '1- '1 |
'1 6 -
1 2 |
4 7 |
0.
3 5 | '1- '1 |
'1 6 -
1 2 |
4 7 |
0.
3 5 | '1- '1 |
'1 6 -
1 2 |
4 7 |
0.
3 5 | '1- '1 |
'1 6 -
1 2 |
4 7 |
0.
3 5 | '1- '1 |
'1 6 -
1 2 |
4 7 |
0.
3 5 | '1- '1 |
'1 6 -
1 2 |
4 7 |
0.
3 5 | '1- '1 |
'1 6 -
1 2 |
4 7 |
0.
3 5 | '1- '1 |
'1 6 -
1 2 |
4 7 |
0.
3 5 | '1- '1 |
'1 6 -
1 2 |
4 7 |
0.
3 5 | '1- '1 |
'1 6 -
1 2 |
4 7 |
0.
3 5 | '1- '1 |
'1 6 -
1 2 |
4 7 |
0.
3 5 | '1- '1 |
'1 6 -
1 2 |
4 7 |
0.
3 5 | '1- '1 |
'1 6 -
1 2 |
4 7 |
0.
3 5 | '1- '1 |
'1 6 -
1 2 |
4 7 |
0.
3 5 | '1- '1 |
'1 6 -
1 2 |
4 7 |
0.
3 5 | '1- '1 |
'1 6 -
1 2 |
4 7 |
0.
3 5 | '1- '1 |
'1 6 -
1 2 |
4 7 |
0.
3 5 | '1- '1 |
'1 6 -
1 2 |
4 7 |
0.
3 5 | '1- '1 |
'1 6 -
1 2 |
4 7 |
0.
3 5 | '1- '1 |
'1 6 -
1 2 |
4 7 |
0.
3 5 | '1- '1 |
'1 6 -
1 2 |
4 7 |
0.
3 5 | '1- '1 |
'1 6 -
1 2 |
4 7 |
0.
3 5 | '1- '1 |
'1 6 -
1 2 |
4 7 |
0.
3 5 | '1- '1 |
'1 6 -
1 2 |
4 7 |
0.
3 5 | '1- '1 |
'1 6 -
1 2 |
4 7 |
0.
3 5 | '1- '1 |
'1 6 -
1 2 |
4 7 |
0.
3 5 | '1- '1 |
'1 6 -
1 2 |
4 7 |
0.
3 5 | '1- '1 |
'1 6 -
1 2 |
4 7 |
0.
3 5 | '1- '1 |
'1 6 -
1 2 |
4 7 |
0.
3 5 | '1- '1 |
'1 6 -
1 2 |
4 7 |
0.
3 5 | - |
6 5 '1 2- '1 |
'1 | -
1 0
7.
4- | - | |
2 6 - | '1 '1 |
3 5 - - |
1 0-- |
4. 7---
2 4 - | 3 5 | | 1 6 | 7 | | 0 | - | - | - - - | - - - - - - - - - - - - - | - - - - - - - | | | | | | | | | 0
0
2 3 1 5 4 0 6
0
%END
