JIANPU_LY ERROR: Can't have rest in chord: 0-----. in score 1
2 3 4 | 5 5 5 4 1 | - | - | - - - - - - - 0-----. | - - - - - - - - - - | - - - - - - - - - - - - - - - - - - - - - - - - - - - | | |
                                          ^^^^^^^                                                                                    

--- score ---
title=洋娃娃和小熊跳舞
type=work
alias=洋娃娃和小熊跳舞简谱_儿歌_我们一起来跳舞
%--
2 4 - | 6 3 5 7 1 0
2 3 4 | 5 5 5 4 1 | - | - | - - - - - - - 0-----. | - - - - - - - - - - | - - - - - - - - - - - - - - - - - - - - - - - - - - - | | |
1 2 3 4 5 6 0 -
- 1 2 0
2 4 3 - 5 6 7 1 0 1 1 '1 1 2 1 3 1 4 1 5 1 6 1 7 1 1 2 0 2 1 2 2 2 3 2 4 2 5 2 6 2 7 2
| 5 | - |
1 2 3 4 | | | |
0.
7 6 5 | | | | | |
5 4 | 3 2 0 1 6 7. | |
6 | 4 5 1. 0 3- 7 - 2.. | 1
0
0 1- 7
1- 2 3 4 5 6 7 0. - - - - - - -
0
%END
