JIANPU_LY ERROR: (notesHad=4 - 5 2 | - 6 1 4 | 3 7 - 0 | 4 2 - 5 | 6 5 - 5 | 3 1 2 - | - - - - | - 0 - - | 7 6 2 - | 5 4 3- | 1 - 7 0 | - - - - | - - - - | - - - - | - - - - | - - - - | - - - - | - - - - | - - - - | - - - - | - - - - | - 5 6 - | 3 2 - 4 | 1 - 7 - | 0 2 6 - | 5 - 3 1) barcheck fail: note crosses barline at "1" with 0 beams (24 skipped from 48 to 72, bypassing 64), scoreNo=1 barNo=26 (but the error could be earlier)

--- score ---
title=清明
type=work
alias=清明简谱(歌词)_小海龟演唱组演唱_桃李醉春风记谱
%--
4 -
5 2 - | |
6 1 |
4 |
3 | |
7 - | | 0 | |
4 2 - | 5 6 5 - | 5 3 1 | 2 - - |
- - | - | - 0 - - |
7
6 2 - | 5 | 4. | 3.- 1 | - 7 0 | - | | | - | | | - - - | - - - - - - | - - - - - - - - - - - - - - - - - - - - - - - - - - - - - -
5 6 | - |
3 2 | -
4 1 | - |
7 | - | |
0 | | | |
2 6 | - |
5 | -
3
1.
4. | -
7 | - 0 | - |
6 2 | 5 - |
3 4 |
1 |
0.
7.-
6 5 - | 2 | 3 4 1 7 | | 0 | | | - | - - - - - - - - - - - - - - - - - - - - - - - - - - - - - - - - - - - - - - - - - - - - - -
1 2 3 4 5 6 7 0 '1 '1 '1 |
%END
