JIANPU_LY ERROR: (notesHad=4 2 | - 1 | 6 3 | 7 5 | 0 5 | 6 1 | 3 2 | 3 7 | 6 - | - - | 1 1 | 2 - | 3 6 | 5 1 | 2 - | 3 6 | 5 1 | 2 - | 2 5 | 3 - | 6 1 | 0 4) barcheck fail: note crosses barline at "4" with 0 beams (16 skipped from 24 to 40, bypassing 32), scoreNo=1 barNo=22 (but the error could be earlier)

--- score ---
title=游子吟
type=work
alias=游子吟简谱(歌词)_小海龟演唱组演唱_桃李醉春风记谱
%--
2/4
4 2 - 1 6 3 7 5 0
5 6 '1 3 2 3 7 6 | - - - | '1 1 2 | | - |
3 6 5 '1 2 | | - |
3 6 5 '1 2 | | - |
2 5 | 3 | - |
6 1 |
0. 4 7, - | - | - | |
0 0 | - |
2 5 | 3 | 4 - 6 '1 1 '1 7 0 | | | | 0 | - | - | |
3 2 - | 5 |
6 '1 '1
2 5 | 6 '1 | 3 - | | 1 - - | | 4 7 |
0 | |
'1. | |
2 5 6 | - - - | - - | - - - | | 1 | | 0 | - i--- i - - - - - | - | - - - - - - - - - - - - - - - | - - - - - - - - - - - - - - - -
1 0 - 7
1 -
%END
