JIANPU_LY ERROR: (notesHad=3 4 5 6 | - 3 - - | - 1 2-- - | 7 0 - - | 4------- - - -) barcheck fail: note crosses barline at "-" with 0 beams (16 skipped from 63 to 79, bypassing 64), scoreNo=1 barNo=5 (but the error could be earlier)

--- score ---
title=生日歌
type=work
alias=生日歌简谱_儿歌_祝自己生日快乐，天天好心情
%--
3 4
5 6 - | 3 - - | - | 1 2-- | - 7 0 | - - | 4.---.-.--..-... | - - - - - - - - - - - - - - - - - - - - - - - - - - - - - - - - - - - - - - - - - -
6 4 - | 5 - - | | 3 2-- | 1 0 | | 7 | | - - - - - - - - - - - - - - - - - - - - - - - - - - - - - - - - - - - - - - - - - - - - -
3 - 1 6
5 2 | 6 |
4 '1 -
3
'1 -
1.
7 0. |
3 | '1 - 6-
1 4 '1- | 0. 7 |
5 2 - | 6 3 4 | '1 1 '1 7 | 0. | - | - | | - | - - - - - '1- '1- - - - - - - -
4 5 - 2 3 | | - | | | 0 1 | - | | 7 - 6. | | |
'1 '1 '1 '1 '1 '1 '1 '1 '1 '1 '1 '1 '1
'1 4 '1 '1 '1 '1 '1 '1 '1 '1 '1 '1 '1 '1 '1 '1 '1 '1 '1 '1 '1 '1 '1 '1 '1 '1 '1 '1 '1 '1
0 '1 '1 '1 '1
0
- - 1 7 0,
0
1- 7 0. 5 2 4 3 6 - - '1 - - - - - - - - -
%END
