JIANPU_LY ERROR: (notesHad=4 - - 0) barcheck fail: note crosses barline at "0" with 0 beams (24 skipped from 48 to 72, bypassing 64), scoreNo=1 barNo=1 (but the error could be earlier)

--- score ---
title=百家姓
type=work
alias=百家姓简谱(歌词)_小海龟演唱组演唱_桃李醉春风记谱
%--
4 - - 0. 5 - 1 2
3 5 6 | 2 - | 1 4 0 | 7. | 5- | - 6 | - 5.- | 6 | 2-. 1 - 2. - 2.. 3..
2 3 | 6 5 | 4 1 7 | | 0 | - - | - - - | - - - - - | - - - - - | - - - - - - - - - - - - - - - - - - - - - - - - - - - - - - - -
5 6 | - 2 | 3 4 | - 1 | - 7 | | 0 | | - - - | - - - - - - - - - - - - - - - - - - - - - - - - - - - - - - - - - - - - - - - - -
5 6 | 5 6 |
2 1 | 3
0.
4 - |
7. |
5 6 | 2 3 - | | | |
1 0 |
7 4.
5 - | | - | - | - | | | | | 0. 1- 2 3 4 6 7 - |
- | | 6 5 - - | 3 2 | 1 | | 0-- 0 | |
1 2 3. 6
0 1- 7
%END
