JIANPU_LY ERROR: (notesHad=4 - 6 2 | 3 5 1 7 | 0 - 6 3) barcheck fail: note crosses barline at "3" with 0 beams (16 skipped from 56 to 72, bypassing 64), scoreNo=1 barNo=3 (but the error could be earlier)

--- score ---
title=相思
type=work
alias=相思简谱(歌词)_银河少年艺术团演唱_桃李醉春风记谱
%--
4 - 6 2 3 5 1 7 0. -
6 3 | - 5-- | 4 1 - - 2 | - 7 | - 0. | - | - | - | | - - - - - - | - - | | - - - - - | - - - - - - - - - - - - - - - - - - - | - -
3 5 - | 6 | 2 |
4 1 - - |
'1 '1 7 0
6 5 | '1 - |
'1 | |
2 | | | |
3 - - |
1
0.
4. | - - - -
7..--...-.
5 3 - | 6 |
2 - - | | | |
1 -
0 | |
4 '1
5 6 | - 3 | '1 - - '1-- 1 | - - 7 | - 2 | - 0--- | | 4. | | | - - | | | - - -
2 4 - | 3 5 1 | 6 7 0 - | - - | - - - - | - - - | - - - - - | | - - | | | | | | | - - | - - - - | - - - | - - - - - | | - - | |
1 2 3 4 5 6 0 -
1 2 3 - 4- 5 6 7 0
%END
