JIANPU_LY ERROR: (notesHad=1 0 0 | 5 3 1 | - 4 6 | 2 - 7 | 1 0 1 | 6 4 - | 3 1 2 | - 1 - | - 7 5 | 0 0 1- | 7 1- 6 | 5 6 1 | - 4 1 | 1 2 3 | 0 7- 1 | 0 1 3) barcheck fail: note crosses barline at "3" with 0 beams (16 skipped from 40 to 56, bypassing 48), scoreNo=1 barNo=16 (but the error could be earlier)

--- score ---
title=祝你生日快乐
type=work
alias=祝你生日快乐简谱_儿歌_其实一开始唱的并不是祝你生日快乐
%--
3/4
1 0 0
5 3 '1 - | 4 |
6 2 | - 7 1 0 |
'1
6 4 - | 3 '1 2 | - | 1 - - | | 7 5 0 | |
0 1- 7 1- 6
5 6 '1 - | 4 '1 1 2 3 0 | 7- 1 0. | '1
3 '1 | '1 - | | 6 5 | - | |
7 - | | |
1 -
| 2 |
0
5 3 | - 4 | 6 2 | - 1 0,- 7 - | | - | -
1 2 3 4 5 6 7 0.
- - 1 2 3 4 5 6 7 0
1 2 3 -
2 3 4 5 6 7 1 0
1- 2 3 4 5 6 7 0.
%END
