JIANPU_LY ERROR: Unrecognised command i in score 1
6 3 2 i - | i. i | 4. | 1 | i i | i 5 i i. i i i i i i i i. i i i i i. i | | | | | - | - | - - - - - - - - - - - - - | - - - - - - -
      ^        ^            ^ ^   ^   ^    ^ ^ ^ ^ ^ ^ ^    ^ ^ ^ ^    ^                                                            

--- score ---
title=红星歌
type=work
alias=红星歌简谱___传唱红星歌_重走红军路
%--
2 4 3 5 6 7 1
6 3 2 i - | i. i | 4. | 1 | i i | i 5 i i. i i i i i i i i. i i i i i. i | | | | | - | - | - - - - - - - - - - - - - | - - - - - - -
6 4 | 2 3 5 | - 1 7 | - '1 '1 | - 0- '1 |
3 1 - | - - | - - - - | - - - -
6 4 | 2 5 | - 7 | - '1 '1 | - 0- '1 |
3 1 - - - | - - - - | - - - -
6 4 | 2 5 | - 7 | - '1 '1 | - 0- '1 |
3 1 - - - | - - - - | - - - -
6 4 | 2 5 | - 7 | - '1 '1 | - 0- '1 |
3 1 - - - | - - - - | - - - -
6 4 | 2 5 | - 7 | - '1 '1 | - 0- '1 |
3 1 - - - | - - - - | - - - -
6 4 | 2 5 | - 7 | - '1 '1 | - 0- '1 |
3 1 - - - | - - - - | - - - -
6 4 | 2 5 | - 7 | - '1 '1 | - 0- '1 |
3 1 - - - | - - - - | - - - -
6 4 | 2 5 | - 7 | - '1 '1 | - 0- '1 |
3 1 - - - | - - - - | - - - -
6 4 | 2 5 | - 7 | - '1 '1 | - 0- '1 |
3 1 - - - | - - - - | - - - -
6 4 | 2 5 | - 7 | - '1 '1 | - 0- '1 |
3 1 - - - | - - - - | - - - -
6 4 | 2 5 | - 7 | - '1 '1 | - 0- '1 |
3 1 - - - | - - - - | - - - -
6 4 | 2 5 | - 7 | - '1 '1 | - 0- '1 |
3 1 - - - | - - - - | - - - -
6 4 | 2 5 | - 7 | - '1 '1 | - 0- '1 |
3 1 - - - | - - - - | - - - -
6 4 | 2 5 | - 7 | - '1 '1 | - 0- '1 |
3 1 - - - | - - - - | - - - -
6 4 | 2 5 | - 7 | - '1 '1 | - 0- '1 |
3 1 - - - | - - - - | - - - -
6 4 | 2 5 | - 7 | - '1 '1 | - 0- '1 |
3 1 - - - | - - - - | - - - -
6 4 | 2 5 | - 7 | - '1 '1 | - 0- '1 |
3 1 - - - | - - - - | - - - -
6 4 | 2 5 | - 7 | - '1 '1 | - 0- '1 |
3 1 - - - | - - - - | - - - -
6 4 | 2 5 | - 7 | - '1 '1 | - 0- '1 |
3 1 - - - | - - - - | - - - -
6 4 | 2 5 | - 7 | - '1 '1 | - 0- '1 |
3 1 - - - | - - - - | - - - -
6 4 | 2 5 | - 7 | - '1 '1 | - 0- '1 |
3 1 - - - | - - - - | - - - -
6 4 | 2 5 | - 7 | - '1 '1 | - 0- '1 |
3 1 - - - | - - - - | - - - -
6 4 | 2 5 | - 7 | - '1 '1 | - 0- '1 |
3 1 - - - | - - - - | - - - -
6 4 | 2 5 | - 7 | - '1 '1 | - 0- '1 |
3 1 - - - | - - - - | - - - -
6 4 | 2 5 | - 7 | - '1 '1 | - 0- '1 |
3 1 - - - | - - - - | - - - -
6 4 | 2 5 | - 7 | - '1 '1 | - 0- '1 |
3 1 - - - | - - - - | - - - -
6 4 | 2 5 | - 7 | - '1 '1 | - 0- '1 |
3 1 - - - | - - - - | - - - -
6 4 | 2 5 | - 7 | - '1 '1 | - 0- '1 |
3 1 - - - | - - - - | - - - -
6 4 | 2 5 | - 7 | - '1 '1 | - 0- '1 |
3 1 - - - | - - - - | - - - -
6 4 | 2 5 | - 7 | - '1 '1 | - 0- '1 |
3 1 - - - | - - - - | - - - -
6 4 | 2 5 | - 7 | - '1 '1 | - 0- '1 |
3 1 - - - | - - - - | - - - -
6 4 | 2 5 | - 7 | - '1 '1 | - 0- '1 |
3 1 - - - | - - - - | - - - -
6 4 | 2 5 | - 7 | - '1 '1 | - 0- '1 |
3 1 - - - | - - - - | - - - -
6 4 | 2 5 | - 7 | - '1 '1 | - 0- '1 |
3 1 - - - | - - - - | - - - -
6 4 | 2 5 | - 7 | - '1 '1 | - 0- '1 |
3 1 - - - | - - - - | - - - -
6 4 | 2 5 | - 7 | - '1 '1 | - 0- '1 |
3 1 - - - | - - - - | - - - -
6 4 | 2 5 | - 7 | - '1 '1 | - 0- '1 |
3 1 - - - | - - - - | - - - -
6 4 | 2 5 | - 7 | - '1 '1 | - 0- '1 |
3 1 - - - | - - - - | - - - -
6 4 | 2 5 | - 7 | - '1 '1 | - 0- '1 |
3 1 - - - | - - - - | - - - -
6 4 | 2 5 | - 7 | - '1 '1 | - 0- '1 |
3 1 - - - | - - - - | - - - -
6 4 | 2 5 | - 7 | - '1 '1 | - 0- '1 |
3 1 - - - | - - - - | - - - -
6 4 | 2 5 | - 7 | - '1 '1 | - 0- '1 |
3 1 - - - | - - - - | - - - -
6 4 | 2 5 | - 7 | - '1 '1 | - 0- '1 |
3 1 - - - | - - - - | - - - -
6 4 | 2 5 | - 7 | - '1 '1 | - 0- '1 |
3 1 - - - | - - - - | - - - -
4 3 | 2 | 5 2 1 - | 0
6 3 5 - | 2 1 7 | 4 0 | | | | | | | - | - - - - - - - - - - - - - - - - - |
2 3 - | 6 | 1 5 | - | 4 7 | 0. - | - |
| 6 | |
4
1
2
'1
| 6 | |
4
1
2
'1
5 3 | '1 6 - |
'1 1 2
4.
7.-
0. |
3 2 6 | 5 | 4 1 - 7 0 - - - - - - - - - - - - - - - - - - - - - - - - - - - - - - - - - - - - - - - - - - - - - - - - - - - - -
6 2 3 | 4 5 '1 | 1 '1 7 0 | | | - - - - | - - - | - - |
2 3 1 5 0 4 6
%END
