JIANPU_LY ERROR: (notesHad=2 1 4 - | 0 5 5 3) barcheck fail: note crosses barline at "3" with 0 beams (16 skipped from 56 to 72, bypassing 64), scoreNo=1 barNo=2 (but the error could be earlier)

--- score ---
title=红鼻子驯鹿鲁道夫
type=work
alias=红鼻子驯鹿鲁道夫简谱_经典圣诞歌曲，我们的圣诞节
%--
2 1 4 - 0. 5
5 3 - | 6 2 | - | 1 7 | 4 0. | - | - - |
| 5 | - |
3 2 1 6
4 7 0. -
6 3 5 - | 2 4 | 1 7 | - |
0 |
- - - - '1- '1 - - - - - - - - - - - - - - - - -
4 5 - | | | |
5 6 4 - 2 3 4 | 1 7 |
1 2 3 4 5 6 0 -
1 2 3 -
2 1 3 4- 5 6 7 0 -
2 1 4 3 0. 5
%END
