JIANPU_LY ERROR: (notesHad=4 2 3 6 | 5 1 0 7 | - - 2 3 | 5 4 6 - | - 1 0 - | 7- - 1 4 | 2 - 3 0) barcheck fail: note crosses barline at "0" with 0 beams (24 skipped from 48 to 72, bypassing 64), scoreNo=1 barNo=7 (but the error could be earlier)

--- score ---
title=蜗牛与黄鹂鸟
type=work
alias=蜗牛与黄鹂鸟简谱_儿歌_阿黄阿黄鹂鸟不要笑
%--
4 2 3 6 5 1 0 7 - -
2 3 | 5 | 4 |
6 |
- | - 1 0 | - 7-
- 1 4 2 - 3 0. 5 7 6
5 3 2 - | 6 1 7 | 4 0 | | 5- | | 5 3 2 | -
2 3 5 | 4 | 6 1 - 7 0 | | | | - | - | - | | - - - - - - - - - - - - |
2 3 | 5 | - |
1 6 7 4 0,
0
2 3 4 -
- - 0
2 4 6 0 1 3 5 7 - - - - - - - - - - '1- -
0
2 1 4 0 - 7. 5 3 6
%END
