JIANPU_LY ERROR: (notesHad=4 2 - - | - 1 5 1 | 6 1 5 - | 2-- 3 1 0 | 7 4 - 1) barcheck fail: note crosses barline at "1" with 0 beams (16 skipped from 56 to 72, bypassing 64), scoreNo=1 barNo=5 (but the error could be earlier)

--- score ---
title=论语
type=work
alias=论语简谱(歌词)_小海龟演唱组演唱_桃李醉春风记谱
%--
4 2 - - -
'1 5 '1 6 '1 5 | - 2-- | 3 1 0 7. 4 - |
'1 5 '1 6 '1 5 | - 2--- |
- '1 2
'1---- | - - -
5 6 '1 | 2 - |
3 4 |
2 3 - |
4 6 |
5 1 7 |
0
5 6 i - | 2 - - 3 | 1 4-- 7 | - - 0--- i | - | - - - - - | - - - - - - - - - - - - - - - - - - - - - - - | - - - - - - - - - - - - -
2 6 - | 5 '1 |
3 - | 1 '1 |
0 7
4-
2 3 | 5 - | 6 4 1 4 0 7 - | | - | - - - - - - - - - | - - - - - | - - - - - - - - - - - - - - - - - - - - - - - - | - - - - |
4 3 - | 6 '1 '1 1 2
2 3 - | '1--- '1 - - - | - - '1 | | 0 | |
2 5 - | 3 6 - - | 4 - - 1--- | 7 0 0 | |
1 2 - 0 7 6 5 4 3 2 1
0. - 1 2 3 4 5 6 7
%END
