JIANPU_LY ERROR: Can't have rest in chord: 0- in score 1
1 5 4 '1 7 | - 0- '1 |
               ^^     

--- score ---
title=读唐诗
type=work
alias=读唐诗简谱(歌词)_金帆合唱团演唱_桃李醉春风记谱
%--
2/4
4 2 - - - - - - - - - -
2 3 - '1 | 6 '1 |
1 5 4 '1 7 | - 0- '1 |
| 2 | - |
3 | -
4 |
5 | - 6 | - 7 | |
0 | | | | 1 | |
2 3 5 6 | | - | | | | '1 '1 '1 '1 '1 1 '1. |
4 7 0- | |
'1 '1 '1 '1 '1 '1 '1 '1 '1 '1 |
'1 '1 '1- - '1-
'1 |
'1 6 - | '1 2 3 5 | '1 '1 1 4 7 '1 '1 |
0. | | | |
2 3 - | 5 - - 6 - | | 1 - - - | 1 - - - - 0 | |
2 0 0 2 0 1 6
0 -
1 2 3 4 5 6 0 -
1 2 '1 1 2 '1
%END
