JIANPU_LY ERROR: (notesHad=2 4 | - 1 | 3 5 | 6 7 | 0 -) barcheck fail: note crosses barline at "-" with 0 beams (16 skipped from 24 to 40, bypassing 32), scoreNo=1 barNo=5 (but the error could be earlier)

--- score ---
title=谷建芬新学堂儿歌系列：千字文
type=work
alias=谷建芬新学堂儿歌系列：千字文简谱(歌词)_演唱_桃李醉春风记谱
%--
2/4
2 4 - 1 3 5 6 7 0. - - - - - - - - - - - - - - - - - - - - - - - - - - - - - - - - - - - - - - - - - - - - - - - - - - - - - - -
2 5 4 | '1 '1 | 1 7 - 3 0 6 | - -
5 4 | 2 '1 - | 7 1 0 3. 6 - | - | - | - |
2 - 5 | 5 |
1
| 7
0
3. | | | |
4.
6. |
2 5 - | 4 3 | - | 6 1 | - 7 | 0.- | - | '1. '1
5 6 - | 4 3 2 1 | 7 0 | - | | - | - - | - - - - - - - - - - - - - - - - - - - - -
5 6 - | 2 | | | 3
5 4 | - | |
3 2 | - |
1 | -
0 -
6. 7 -
0
%END
