JIANPU_LY ERROR: (notesHad=4 2 - 1 | 6 3 5 7 | 0 2 3 -) barcheck fail: note crosses barline at "-" with 0 beams (16 skipped from 56 to 72, bypassing 64), scoreNo=1 barNo=3 (but the error could be earlier)

--- score ---
title=赋得古原草送别
type=work
alias=赋得古原草送别简谱(歌词)_小海龟演唱组演唱_桃李醉春风记谱
%--
4 2 - 1 6 3 5 7 0.
2 3 - | - - |
6 5 | |
'1 | | |
1-- 0 | |
7--- | | |
- '1- '1-
7 | |
4 | |
'1----
'1-------.
5 - 6 | | |
3 - - - | | - | |
'1 - - - - | - - - | | - | -
7 '1 -
'1----
'1-------.
5 - 6 | | |
3 - - - | | - | |
'1 - - - - | - - - | | - | -
7 '1 -
'1----
'1-------.
5 - 6 | | |
3 - - - | | - | |
'1 - - - - | - - - | | - | -
7 '1 -
'1----
'1-------.
5 - 6 | | |
3 - - - | | - | |
'1 - - - - | - - - | | - | -
7 '1 -
'1----
'1-------.
5 - 6 | | |
3 - - - | | - | |
'1 - - - - | - - - | | - | -
7 '1 -
'1----
'1-------.
5 - 6 | | |
3 - - - | | - | |
'1 - - - - | - - - | | - | -
7 '1 -
'1----
'1-------.
5 - 6 | | |
3 - - - | | - | |
'1 - - - - | - - - | | - | -
7 '1 -
'1----
'1-------.
5 - 6 | | |
3 - - - | | - | |
'1 - - - - | - - - | | - | -
7 '1 -
'1----
'1-------.
5 - 6 | | |
3 - - - | | - | |
'1 - - - - | - - - | | - | -
7 '1 -
'1----
'1-------.
5 - 6 | | |
3 - - - | | - | |
'1 - - - - | - - - | | - | -
7 '1 -
'1----
'1-------.
5 - 6 | | |
3 - - - | | - | |
'1 - - - - | - - - | | - | -
7 '1 -
'1----
'1-------.
5 - 6 | | |
3 - - - | | - | |
'1 - - - - | - - - | | - | -
7 '1 -
'1----
'1-------.
5 - 6 | | |
3 - - - | | - | |
'1 - - - - | - - - | | - | -
7 '1 -
'1----
'1-------.
5 - 6 | | |
3 - - - | | - | |
'1 - - - - | - - - | | - | -
7 '1 -
'1----
'1-------.
5 - 6 | | |
3 - - - | | - | |
'1 - - - - | - - - | | - | -
7 '1 -
'1----
'1-------.
5 - 6 | | |
3 - - - | | - | |
'1 - - - - | - - - | | - | -
7 '1 -
'1----
'1-------.
5 - 6 | | |
3 - - - | | - | |
'1 - - - - | - - - | | - | -
7 '1 -
'1----
'1-------.
5 - 6 | | |
3 - - - | | - | |
'1 - - - - | - - - | | - | -
7 '1 -
'1----
'1-------.
5 - 6 | | |
3 - - - | | - | |
'1 - - - - | - - - | | - | -
7 '1 -
'1----
'1-------.
5 - 6 | | |
3 - - - | | - | |
'1 - - - - | - - - | | - | -
7 '1 -
'1----
'1-------.
5 - 6 | | |
3 - - - | | - | |
'1 - - - - | - - - | | - | -
7 '1 -
'1----
'1-------.
5 - 6 | | |
3 - - - | | - | |
'1 - - - - | - - - | | - | -
7 '1 -
'1----
'1-------.
5 - 6 | | |
3 - - - | | - | |
'1 - - - - | - - - | | - | -
7 '1 -
'1----
'1-------.
5 - 6 | | |
3 - - - | | - | |
'1 - - - - | - - - | | - | -
7 '1 -
'1----
'1-------.
5 - 6 | | |
3 - - - | | - | |
'1 - - - - | - - - | | - | -
7 '1 -
'1----
'1-------.
5 - 6 | | |
3 - - - | | - | |
'1 - - - - | - - - | | - | -
7 '1 -
'1----
'1-------.
5 - 6 | | |
3 - - - | | - | |
'1 - - - - | - - - | | - | -
7 '1 -
'1----
'1-------.
5 - 6 | | |
3 - - - | | - | |
'1 - - - - | - - - | | - | -
7 '1 -
'1----
'1-------.
5 - 6 | | |
3 - - - | | - | |
'1 - - - - | - - - | | - | -
7 '1 -
'1----
'1-------.
5 - 6 | | |
3 - - - | | - | |
'1 - - - - | - - - | | - | -
7 '1 -
'1----
'1-------.
5 - 6 | | |
3 - - - | | - | |
'1 - - - - | - - - | | - | -
7 '1 -
'1----
'1-------.
5 - 6 | | |
3 - - - | | - | |
'1 - - - - | - - - | | - | -
7 '1 -
'1----
'1-------.
5 - 6 | | |
3 - - - | | - | |
'1 - - - - | - - - | | - | -
7 '1 -
'1----
'1-------.
5 - 6 | | |
3 - - - | | - | |
'1 - - - - | - - - | | - | -
7 '1 -
'1----
'1-------.
5 - 6 | | |
3 - - - | | - | |
'1 - - - - | - - - | | - | -
7 '1 -
'1----
'1-------.
5 - 6 | | |
3 - - - | | - | |
'1 - - - - | - - - | | - | -
7 '1 -
'1----
'1-------.
5 - 6 | | |
3 - - - | | - | |
'1 - - - - | - - - | | - | -
7 '1 -
'1----
'1-------.
5 - 6 | | |
3 - - - | | - | |
'1 - - - - | - - - | | - | -
7 '1 -
'1----
'1-------.
5 - 6 | | |
3 - - - | | - | |
'1 - - - - | - - - | | - | -
7 '1 -
'1----
'1-------.
5 - 6 | | |
3 - - - | | - | |
'1 - - - - | - - - | | - | -
7 '1 -
'1----
'1-------.
5 - 6 | | |
3 - - - | | - | |
'1 - - - - | - - - | | - | -
7 '1 -
'1----
'1-------.
5 - 6 | | |
3 - - - | | - | |
'1 - - - - | - - - | | - | -
7 '1 -
'1----
'1-------.
5 - 6 | | |
3 - - - | | - | |
'1 - - - - | - - - | | - | -
7 '1 -
'1
6 3 - | 2 |
1 7 5 4 0 |
3 '1 | |
'1
1 7 - -
6 5 | - |
2 4
0 | |
3 6 5 | 2 - | 1 |
7 4 |
0. |
'1 - '1 | |
6 -
3.
4- -
2-.
1-- 7.
0------ |
5 - -
'1 6 - '1 |
5 |
3
0. - 1 2 | 4 7 | -
6 - 3 |
5
0. - 1 2 | 4 7 | -
6 - 3 |
5
0. - 1 2 | 4 7 | -
6 - 3 |
5
0. - 1 2 | 4 7 | -
6 - 3 |
5
0. - 1 2 | 4 7 | -
6 - 3 |
5
0. - 1 2 | 4 7 | -
6 - 3 |
5
0. - 1 2 | 4 7 | -
6 - 3 |
5
0. - 1 2 | 4 7 | -
6 - 3 |
5
0. - 1 2 | 4 7 | -
6 - 3 |
5
0. - 1 2 | 4 7 | -
6 - 3 |
5
0. - 1 2 | 4 7 | -
6 - 3 |
5
0. - 1 2 | 4 7 | -
6 - 3 |
5
0. - 1 2 | 4 7 | -
6 - 3 |
5
0. - 1 2 | 4 7 | -
6 - 3 |
5
0. - 1 2 | 4 7 | -
6 - 3 |
5
0. - 1 2 | 4 7 | -
6 - 3 |
5
0. - 1 2 | 4 7 | -
6 - 3 |
5
0. - 1 2 | 4 7 | -
6 - 3 |
5
0. - 1 2 | 4 7 | -
6 - 3 |
5
0. - 1 2 | 4 7 | -
6 - 3 |
5
0. - 1 2 | 4 7 | -
6 - 3 |
5
0. - 1 2 | 4 7 | -
6 - 3 |
5
0. - 1 2 | 4 7 | -
6 - 3 |
5
0. - 1 2 | 4 7 | -
6 - 3 |
5
0. - 1 2 | 4 7 | -
6 - 3 |
5
0. - 1 2 | 4 7 | -
6 - 3 |
5
0. - 1 2 | 4 7 | -
6 - 3 |
5
0. - 1 2 | 4 7 | -
6 - 3 |
5
0. - 1 2 | 4 7 | -
6 - 3 |
5
0. - 1 2 | 4 7 | -
6 - 3 |
5
0. - 1 2 | 4 7 | -
6 - 3 |
5
0. - 1 2 | 4 7 | -
6 - 3 |
5
0. - 1 2 | 4 7 | -
6 - 3 |
5
0. - 1 2 | 4 7 | -
6 - 3 |
5
0. - 1 2 | 4 7 | -
6 - 3 |
5
0. - 1 2 | 4 7 | -
6 - 3 |
5
0. - 1 2 | 4 7 | -
6 - 3 |
5
0. - 1 2 | 4 7 | -
6 - 3 |
5
0. - 1 2 | 4 7 | -
6 - 3 |
5
0. - 1 2 | 4 7 | -
6
2 3 4 - | | | |
0 - 1 2 3 4 5 6 7
%END
