JIANPU_LY ERROR: Unrecognised command I. in score 1
6 5 | 4 - 3 2 | 1 7 | | 0 | | | - I. I. | - I I. I.- I I I.. I I- I I I I I I I I I I I I I I I I I I I I I I I I I I I I I I I I I I I
                                  ^^ ^^       ^^                                                                                       

--- score ---
title=路灯下的小姑娘
type=work
alias=路灯下的小姑娘简谱(歌词)_邓洁仪演唱_岭南印象曲谱
%--
2 4 - 3 5 6 7 1 0
3 6 '1 | 5 - |
'1 | |
1 2.
| 0 |
4. | |
7
6 5 | 4 - 3 2 | 1 7 | | 0 | | | - I. I. | - I I. I.- I I I.. I I- I I I I I I I I I I I I I I I I I I I I I I I I I I I I I I I I I I I
6 5 - | 4 '1 | 3 | 2 |
| - | 7 1 0 - - -
6 4 '1 |
5 |
3 -
2 -
1-
7.
0..
5 3 - | 2 4 1 6 | 7 0 | 2 4 - | - | - - | | | | | - | - - - - - - - | - - | - - - - - - - - - - - - - - - - - - - - - - - - - -
1 2 3 4 5 6 0 -
1 2 3 4 5 6 0 -
2 3 4 | - | 1 6 7 0. 5, - | | - - | - - - | - | | | |
%END
