JIANPU_LY ERROR: Ambiguous octave marks (please set OctavesBefore or OctavesAfter if writing them in the middle) in the ' part of '1.- in score 1
7-- '1 '1 '1 '1 '1 '1 '1 '1 '1 '1 '1 '1.- 2
                                     ^^^^  

--- score ---
title=采蘑菇的小姑娘
type=work
alias=采蘑菇的小姑娘简谱_多一些淘气，多一些乐趣，多一些自在
%--
4 3 - 1 6 0
2 3 | 4 - | | - |
1 0 6 7 5--- | | | |
7-- '1 '1 '1 '1 '1 '1 '1 '1 '1 '1 '1 '1.- 2
6 5 - | 3 2 | 1 4. | - | - - - - - - - -
6 2 - | 5 3 '1 4 | 7 1 0 |
- '1 '1 '1
'1
0
1 2 3 4 5 6 0 -
1 2 3 4 5 6 0 -
2 3 - 4 5 6
2 4 - | 3 5 1 6 | 7 0 | | | | | - | - | - - - - - - - - - - - - - - - - - - - - - - - - - - - - - - - - - - - - - - - - - - - -
1- 7 0
1 2 3 4 5 6 - |
%END
