JIANPU_LY ERROR: (notesHad=4 2 7 6 | 5 3 1 0) barcheck fail: note crosses barline at "0" with 0 beams (24 skipped from 48 to 72, bypassing 64), scoreNo=1 barNo=2 (but the error could be earlier)

--- score ---
title=长歌行
type=work
alias=长歌行简谱(歌词)_银河少年艺术团演唱_桃李醉春风记谱
%--
4 2 7 6 5 3 1 0. - - - - - - - - - - - - - - - -
3 2 | '1 6 5 '1 | - | | 1 4 | |
2 3 - | 5 4 | 1 6- |
7 | - 0. |
5 3 - | 2 - - | 3 5 3 1 |
2 6 | - |
4. - | | | |
7 | | | |
0 - - - | -
3 5 | 2 | 4 - 6 | - 1 | - 7 | | 0 | | | - - - - - - - - - - | - - - - - - - - - - - - - - - - - - - - - - - - - - - - - - - - -
5 6 - | | | 3 2 1 |
| - 0 |
2 4 - | 3 5 | | 1 6 |
1 0 '1 2 3
0 1- 7 2 3 4 5 6
%END
