JIANPU_LY ERROR: (notesHad=2 4 | - 1 | 0 3) barcheck fail: note crosses barline at "3" with 0 beams (24 skipped from 16 to 40, bypassing 32), scoreNo=1 barNo=3 (but the error could be earlier)

--- score ---
title=静夜思
type=work
alias=静夜思简谱(歌词)_小海龟演唱组演唱_桃李醉春风记谱
%--
2/4
2 4 - 1 0 3. 5 6- 7 - - - - - - - - - '1- - - - - - - - - - - - - - - - - - '1
5 6 '1 | 3 2 | 1 - 7 '1 | - 4. | - 0. | -
5 6 | - |
2 3 | -
4 1 | - |
7 | - | |
0 | | | |
6 5 - '1 | '1 '1 '1 |
4 3 | '1 '1 |
1 2. | 1 |
0. 7
'1 '1 '1 |
'1
'1- '1 '1. | - '1 | | '1 | |
| - | | '1 '1 '1
'1 '1 '1 '1 '1 '1 '1 '1 '1 '1 '1 '1 '1 '1 '1 '1 '1 '1 '1 '1 '1 '1 '1 '1 '1 '1 '1 '1
'1 | | |
2 3 - 4. 5 6 7 0 1-
5 6 | - |
3 4 | - |
1 2 | - | 7 | |
0 | |
2 3 '1 6 | 5 - 4 7 | 1 0 '1. | - |
2
3.
'1 6
5 - 4 7 | 1 0 '1. | - |
2 5 6 | 3 | 4 - 1 7 | - | - |
0 | | | | | |
2 4 - | 3 5 | 1 6 7 0 '1 |
0
%END
