JIANPU_LY ERROR: Ambiguous octave marks (please set OctavesBefore or OctavesAfter if writing them in the middle) in the ' part of '1- in score 1
1 - 2 0 3 4 5 6 7 - - - - - - - - - - '1- - - - - - - - - - - - - - - - -
                                      ^^^                                

--- score ---
title=鲁冰花
type=work
alias=鲁冰花简谱儿歌_歌颂母爱的经典
%--
1 - 2 0 3 4 5 6 7 - - - - - - - - - - '1- - - - - - - - - - - - - - - - -
'1 6 5 - '1 2 3 | 1
0 |
7 4 2 3 7 6 6 | |
| - '1 0 1 2 3 4 5 6 7 - |
2 3 | 5 - | 6 4 1 7 0 | - | | | | - | - | - - - - - - - - - - - | | - - - - - - - - - - - - - - - - - - - - - - - - - - - - - -
4 5 - 3 | 2 | 6 1 7 0
4 5 6 | - |
2 '1
1.
3 7 |
0 5
5 2 1. |
4 3 5 - | 2 6 1 | 7 | | 0 '1 | - '1 | - |
4 2 | - 6 5 3 | - - 1-- 7 | - 0--- | - - | | | | - | - - | - - - - - - - - | - - - - - - - - - - - - - - - - - - - - - - - - - - - -
2 3 5 6 - '1 | 7 1 4 0 '1 |
- | 5 |
0 1- 7
2 4 3 1 6- 5 0
%END
