JIANPU_LY ERROR: (notesHad=3 2 - - | - - - - | - - - - | - - - - | - - - - | - - - - | - - - - | 0 1 5 6 | 7 4 3 2 | 1--------------------------------------------------------- 5 4 3) barcheck fail: note crosses barline at "3" with 0 beams (16 skipped from 63 to 79, bypassing 64), scoreNo=1 barNo=10 (but the error could be earlier)

--- score ---
title=ASK
type=work
%--
3 2 | - | - | - | | | - - - - - - - - | - - - - - | - - - - - - - - - - 0 1 5 6 7 4 3 2 1------...----.--......-------....--------.....---------.................----------..........-----------.......................
5 4 3 2 6 | 3 | 1 |
0. 7- - - - - - - - - - | - -
3. |
5 4 6 | 2 | 1 |
0. 7- - - - - - - - - - | - -
3. |
5 4 6 | 2 | 1 |
0. 7- - - - - - - - - - | - -
3. |
5 4 6 | 2 | 1 |
0. 7- - - - - - - - - - | - -
3. |
5 4 6 | 2 | 1 |
0. 7- - - - - - - - - - | - -
3. |
5 4 6 | 2 | 1 |
0. 7- - - - - - - - - - | - -
3. |
5 4 6 | 2 | 1 |
0. 7- - - - - - - - - - | - -
3. |
5 4 6 | 2 | 1 |
0. 7- - - - - - - - - - | - -
3. |
5 4 6 | 2 | 1 |
0. 7- - - - - - - - - - | - -
3. |
5 4 6 | 2 | 1 |
0. 7- - - - - - - - - - | - -
3. |
5 4 6 | 2 | 1 |
0. 7- - - - - - - - - - | - -
3. |
5 4 6 | 2 | 1 |
0. 7- - - - - - - - - - | - -
3. |
5 4 6 | 2 | 1 |
0. 7- - - - - - - - - - | - -
3. |
5 4 6 | 2 | 1 |
0. 7- - - - - - - - - - | - -
3. |
5 4 6 | 2 | 1 |
0. 7- - - - - - - - - - | - -
3. |
5 4 6 | 2 | 1 |
0. 7- - - - - - - - - - | - -
3. |
5 4 6 | 2 | 1 |
0. 7- - - - - - - - - - | - -
3. |
5 4 6 | 2 | 1 |
0. 7- - - - - - - - - - | - -
3. |
5 4 6 | 2 | 1 |
0. 7- - - - - - - - - - | - -
3. |
5 4 6 | 2 | 1 |
0. 7- - - - - - - - - - | - -
3. |
5 4 6 | 2 | 1 |
0. 7- - - - - - - - - - | - -
3. |
5 4 6 | 2 | 1 |
0. 7- - - - - - - - - - | - -
3. |
5 4 6 | 2 | 1 |
0. 7- - - - - - - - - - | - -
3. |
5 4 6 | 2 | 1 |
0. 7- - - - - - - - - - | - -
3. |
5 4 6 | 2 | 1 |
0. 7- - - - - - - - - - | - -
3. |
5 4 6 | 2 | 1 |
0. 7- - - - - - - - - - | - -
3. |
5 4 6 | 2 | 1 |
0. 7- - - - - - - - - - | - -
3. |
5 4 6 | 2 | 1 |
0. 7- - - - - - - - - - | - -
3. |
5 4 6 | 2 | 1 |
0. 7- - - - - - - - - - | - -
3. |
5 4 6 | 2 | 1 |
0. 7- - - - - - - - - - | - -
3. |
5 4 6 | 2 | 1 |
0. 7- - - - - - - - - - | - -
3. |
5 4 6 | 2 | 1 |
0. 7- - - - - - - - - - | - -
3. |
5 4 6 | 2 | 1 |
0. 7- - - - - - - - - - | - -
3. |
5 4 6 | 2 | 1 |
0. 7- - - - - - - - - - | - -
3. |
5 4 6 | 2 | 1 |
0. 7- - - - - - - - - - | - -
3. |
5 4 6 | 2 | 1 |
0. 7- - - - - - - - - - | - -
3. |
5 4 6 | 2 | 1 |
0. 7- - - - - - - - - - | - -
3. |
5 4 6 | 2 | 1 |
0. 7- - - - - - - - - - | - -
3. |
5 4 6 | 2 | 1 |
0. 7- - - - - - - - - - | - -
3. |
5 4 6 | 2 | 1 |
0. 7- - - - - - - - - - | - -
3. |
5 4 6 | 2 | 1 |
0. 7- - - - - - - - - - | - -
3. |
5 4 6 | 2 | 1 |
0. 7- - - - - - - - - - | - -
3. |
5 4 6 | 2 | 1 |
0. 7- - - - - - - - - - | - -
3. |
5 4 6 | 2 | 1 |
0. 7- - - - - - - - - - | - -
3. |
5 4 6 | 2 | 1 |
0. 7- - - - - - - - - - | - -
3. |
5 4 6 | 2 | 1 |
0. 7- - - - - - - - - - | - -
2 3 - | i i i i i i i i i i i | i i i i i 7 6 5- 4 1 0 | | | | | - | - - - - - - - - - - - - - - - - - - - - - - - - - - | | - -
2 3 - | | | 5 4 1 6 7 0 | - | | - | - - - - - - - - - - | | '1- - - - - - - - - - - - - - - - -
3 2 | - 5 4 1 6 | 0 7 | - - | - | | | | | - -
%END
