JIANPU_LY ERROR: (notesHad=4 4 1 0 | 2 1 1 1) barcheck fail: note crosses barline at "1" with 0 beams (24 skipped from 48 to 72, bypassing 64), scoreNo=1 barNo=2 (but the error could be earlier)

--- score ---
title=Happy Birthday
type=work
%--
4 4 '1
0 2 1 '1 '1. 7 6 6 | '1 '1--- | '1 '1 '1. '1.
'1 5- - |
'1 '1 '1 '1 '1
6 3 - | '1 |
2 | 1 0 - | - - - - - - - - |
'1- - '1-- - - - '1 '1 '1 '1 '1. | '1 '1 '1 '1 '1 7 '1 6 4 - |
3 2 | - |
4
6.
1 -
5-
7
0
6 - | '1 |
0 | 7 2 1 3 4 5 |
'1. | | | |
2 3 4 - | 7 7 | |
1 0. 5 | |
6- |
%END
