JIANPU_LY ERROR: Can't have rest in chord: 0- in score 1
6 5 4 - 3 2 1 | | | | | 0- |
                        ^^  

--- score ---
title=Mr.Cool
type=work
%--
6 5 4 - 3 2 1 | | | | | 0- |
3 4 - | 6 5 2 | 1. | 7 | 0 | - | | - - - - | | | | | | | | - 3 - | 6 5 2 | 1. | 7 | 0 | - | | - - - - | | | | | | | | - 3 - | 6 5
3 6 - | 0 '1 |
'1 7 5 '1 '1 1 2- '1 | '1 '1. |
4 - - - - - - - -
'1 - | |
3. 5 4 0
1 7 6- 2
3. 5 4 0
1 7 6- 2
3. 5 4 0
1 7 6- 2
3. 5 4 0
1 7 6- 2
3. 5 4 0
1 7 6- 2
3. 5 4 0
1 7 6- 2
3. 5 4 0
1 7 6- 2
3. 5 4 0
1 7 6- 2
3. 5 4 0
1 7 6- 2
3. 5 4 0
1 7 6- 2
3. 5 4 0
1 7 6- 2
3. 5 4 0
1 7 6- 2
3. 5 4 0
1 7 6- 2
3. 5 4 0
1 7 6- 2
3. 5 4 0
1 7 6- 2
3. 5 4 0
1 7 6- 2
3. 5 4 0
1 7 6- 2
3. 5 4 0
1 7 6- 2
3. 5 4 0
1 7 6- 2
3. 5 4 0
1 7 6- 2
3. 5 4 0
1 7 6- 2
3. 5 4 0
1 7 6- 2
3. 5 4 0
1 7 6- 2
3. 5 4 0
1 7 6- 2
3. 5 4 0
1 7 6- 2
3. 5 4 0
1 7 6- 2
3. 5 4 0
1 7 6- 2
3. 5 4 0
1 7 6- 2
3. 5 4 0
1 7 6- 2
3. 5 4 0
1 7 6- 2
3. 5 4 0
1 7 6- 2
3. 5 4 0
1 7 6- 2
3. 5 4 0
1 7 6- 2
3. 5 4 0
1 7 6- 2
3. 5 4 0
1 7 6- 2
3. 5 4 0
1 7 6- 2
3. 5 4 0
1 7 6- 2
3. 5 4 0
1 7 6- 2
3. 5 4 0
1 7 6- 2
3. 5 4 0
1 7 6- 2
3. 5 4 0
1 7 6- 2
3. 5 4 0
1 7 6- 2
3. 5 4 0
1 7 6- 2
3. 5 4 0
1 7 6- 2
3. 5 4 0
1 7 6- 2
3. 5 4 0
| '1 '1 - 1 7 7-- | '1
%END
