JIANPU_LY ERROR: (notesHad=1 6 1 - | 5 3 4 2 | 1 0 - - | 7 1 2 - | - - - - | - - - 2 | 5 3 6 7 | 1 1 - 0 | - 4 - 1 | - 2 3 5 | 6 7 - 0 | - 4 - 1 | - 2 3 5 | 6 7 - 0 | - 4 - 1 | - 2 3 5 | 6 7 - 0 | - 4 - 1 | - 2 3 5 | 6 7 - 0 | - 4 - 1 | - 2 3 5 | 6 7 - 0 | - 4 - 1 | - 2 3 5 | 6 7 - 0 | - 4 - 1 | - 2 3 5 | 6 7 - 0 | - 4 - 1 | - 2 3 5 | 6 7 - 0 | - 4 - 1 | - 2 3 5 | 6 7 - 0 | - 4 - 1 | - 2 3 5 | 6 7 - 0 | - 4 - 1 | - 2 3 5 | 6 7 - 0 | - 4 - 1 | - 2 3 5 | 6 7 - 0 | - 4 - 1 | - 2 3 5 | 6 7 - 0 | - 4 - 1 | - 2 3 5 | 6 7 - 0 | - 4 - 1 | - 2 3 5 | 6 7 - 0 | - 4 - 1 | - 2 3 5 | 6 7 - 0 | - 4 - 1 | - 2 3 5 | 6 7 - 0 | - 4 - 1 | - 2 3 5 | 6 7 - 0 | - 4 - 1 | - 2 3 5 | 6 7 - 0 | - 4 - 1 | - 2 3 5 | 6 7 - 0 | - 4 - 1 | - 2 3 5 | 6 7 - 0 | - 4 - 1 | - 2 3 5 | 6 7 - 0 | - 4 - 1 | - 2 3 5 | 6 7 - 0 | - 4 - 1 | - 2 3 5 | 6 7 - 0 | - 4 - 1 | - 2 3 5 | 6 7 - 0 | - 4 - 1 | - 2 3 5 | 6 7 - 0 | - 4 - 1 | - 2 3 5 | 6 7 - 0 | - 4 - 1 | - 2 3 5 | 6 7 - 0 | - 4 - 1 | - 2 3 5 | 6 7 - 0 | - 4 - 1 | - 2 3 5 | 6 7 - 0 | - 4 - 1 | - 2 3 5 | 6 7 - 0 | - 4 - 1 | - 2 3 5 | 6 7 - 0 | - 4 - 1 | - 2 3 5 | 6 7 - 0 | - 4 - 1 | - 2 3 5 | 6 7 - 0 | - 4 - 1 | - 2 3 5 | 6 7 - 0 | - 4 - 1 | - 2 3 5 | 6 7 - 0 | - 4 - 1 | - 2 3 5 | 6 7 - 0 | - 4 - 1 | - 2 3 5 | 6 7 - 0 | - 4 - 1 | - 2 3 5 | 6 7 - 0 | - 4 - 1 | - 2 3 5 | 6 7 - 0 | - 4 - 1 | - 2 3 5 | 6 7 - 0 | - 4 - 1 | - 2 3 5 | 6 7 - 0 | - 4 - 1 | 2 3 4 5 | 6 - 1 1 | 1 1 1 1 | 1 1 1 1 | 1 1 1 7 | 0 2 3 - | 4 5 6 1 | 7 0 - - | - - - - | - - - - | - - - - | - - - - | - - - - | - - - - | - - - - | - - - - | - - - - | - - - - | 2 - 5 6 | 1 4 3 1 | 1 7 2 0) barcheck fail: note crosses barline at "0" with 0 beams (24 skipped from 48 to 72, bypassing 64), scoreNo=1 barNo=156 (but the error could be earlier)

--- score ---
title=Piano
type=work
%--
'1 6 '1 - | 5 3 4 2 1 0 - | - 7 1 2 | - - - - - - | - | - | | | |
2 5 3 6 7 '1 '1 | - 0 - 4 |
| - 1 | - |
2 3 5 6 7 | - 0 - 4 |
| - 1 | - |
2 3 5 6 7 | - 0 - 4 |
| - 1 | - |
2 3 5 6 7 | - 0 - 4 |
| - 1 | - |
2 3 5 6 7 | - 0 - 4 |
| - 1 | - |
2 3 5 6 7 | - 0 - 4 |
| - 1 | - |
2 3 5 6 7 | - 0 - 4 |
| - 1 | - |
2 3 5 6 7 | - 0 - 4 |
| - 1 | - |
2 3 5 6 7 | - 0 - 4 |
| - 1 | - |
2 3 5 6 7 | - 0 - 4 |
| - 1 | - |
2 3 5 6 7 | - 0 - 4 |
| - 1 | - |
2 3 5 6 7 | - 0 - 4 |
| - 1 | - |
2 3 5 6 7 | - 0 - 4 |
| - 1 | - |
2 3 5 6 7 | - 0 - 4 |
| - 1 | - |
2 3 5 6 7 | - 0 - 4 |
| - 1 | - |
2 3 5 6 7 | - 0 - 4 |
| - 1 | - |
2 3 5 6 7 | - 0 - 4 |
| - 1 | - |
2 3 5 6 7 | - 0 - 4 |
| - 1 | - |
2 3 5 6 7 | - 0 - 4 |
| - 1 | - |
2 3 5 6 7 | - 0 - 4 |
| - 1 | - |
2 3 5 6 7 | - 0 - 4 |
| - 1 | - |
2 3 5 6 7 | - 0 - 4 |
| - 1 | - |
2 3 5 6 7 | - 0 - 4 |
| - 1 | - |
2 3 5 6 7 | - 0 - 4 |
| - 1 | - |
2 3 5 6 7 | - 0 - 4 |
| - 1 | - |
2 3 5 6 7 | - 0 - 4 |
| - 1 | - |
2 3 5 6 7 | - 0 - 4 |
| - 1 | - |
2 3 5 6 7 | - 0 - 4 |
| - 1 | - |
2 3 5 6 7 | - 0 - 4 |
| - 1 | - |
2 3 5 6 7 | - 0 - 4 |
| - 1 | - |
2 3 5 6 7 | - 0 - 4 |
| - 1 | - |
2 3 5 6 7 | - 0 - 4 |
| - 1 | - |
2 3 5 6 7 | - 0 - 4 |
| - 1 | - |
2 3 5 6 7 | - 0 - 4 |
| - 1 | - |
2 3 5 6 7 | - 0 - 4 |
| - 1 | - |
2 3 5 6 7 | - 0 - 4 |
| - 1 | - |
2 3 5 6 7 | - 0 - 4 |
| - 1 | - |
2 3 5 6 7 | - 0 - 4 |
| - 1 | - |
2 3 5 6 7 | - 0 - 4 |
| - 1 | - |
2 3 5 6 7 | - 0 - 4 |
| - 1 | - |
2 3 5 6 7 | - 0 - 4 |
| - 1 | - |
2 3 5 6 7 | - 0 - 4 |
| - 1 | - |
2 3 5 6 7 | - 0 - 4 |
| - 1
2 3 4 5 6 | - | '1 1 '1 '1 '1 '1 '1 '1 '1 '1 '1 '1 '1 |
7 0 | | | | | |
2 3 - | 4 5 6 | 1 7 | | 0 | | | | - - - - - | - - - - - - - | - - - - - - | - - - - - - | - - - - - | - - - - - - - - - - - - -
2 - 5 6 | '1 |
4 3 | '1 |
1 7 2
0. -
'1 - '1 '1 '1 '1 '1 '1 - '1 '1
'1 '1
'1 '1 '1 '1 - -
'1 '1 '1 - - 3 '1 6 | 1 2 | |
5 4 7 |
'1
3 2 | '1 6 - |
'1 5 4 1 0 |
'1 7
'1
1, 2
3
%END
