JIANPU_LY ERROR: (notesHad=6 5 1 - | 1 0 2- 6) barcheck fail: note crosses barline at "6" with 0 beams (16 skipped from 56 to 72, bypassing 64), scoreNo=1 barNo=2 (but the error could be earlier)

--- score ---
title=Show Up
type=work
%--
6 5 '1 - | |
1 0. 2- |
6 5 | - 3 2 | 4 1 7 | - 0 | - | - - | - | - - - - - | | - - - | | - - - - - - - - - - - - - - - - - - - - - - - - - - - - - - -
6 5 | '1 - '1 7 | 3 2 1 4 0. - | - - - - - '1 - - '1- | -
| 1 2
| 6 | - |
| '1 1 '1 7- '1 1 '1 0 '1 '1 2 3 5- |
3 2 | 6 - | | '1 |
7 1 '1 | - |
'1. | | | |
5- | |
4-. | | |
0.
7, 1,- | -
'1 '1 '1 '1 '1 '1 '1 '1 '1 '1 '1 '1 '1 '1 '1 '1 '1 '1 '1 '1 '1 '1 '1 '1 '1 '1 '1 '1
6 5 - | 4 3 2 |
%END
