JIANPU_LY ERROR: (notesHad=5 3 6 - | 4 1 2- 0) barcheck fail: note crosses barline at "0" with 0 beams (16 skipped from 56 to 72, bypassing 64), scoreNo=1 barNo=2 (but the error could be earlier)

--- score ---
title=This is
type=work
%--
5 3 6 - | 4 | 1. 2- 0 7 - - - - - - | | | - - |
3 5 | - 2 | 4 |
6 | - 1 |
7 | - 0 | | | | | |
2 - 6 | 5, 3 1, |
| '1
0. -
4
'1
7 6 | 5, 3 1, |
| '1
0. -
4
'1
7 6 | 5, 3 1, |
| '1
0. -
4
'1
7 6 | 5, 3 1, |
| '1
0. -
4
'1
7 6 | 5, 3 1, |
| '1
0. -
4
'1
7 6 | 5, 3 1, |
| '1
0. -
4
'1
7 6 | 5, 3 1, |
| '1
0. -
4
'1
7 6 | 5, 3 1, |
| '1
0. -
4
'1
7 6 | 5, 3 1, |
| '1
0. -
4
'1
7 6 | 5, 3 1, |
| '1
0. -
4
'1
7 6 | 5, 3 1, |
| '1
0. -
4
'1
7 6 | 5, 3 1, |
| '1
0. -
4
'1
7 6 | 5, 3 1, |
| '1
0. -
4
'1
7 6 | 5, 3 1, |
| '1
0. -
4
'1
7 6 | 5, 3 1, |
| '1
0. -
4
'1
7 6 | 5, 3 1, |
| '1
0. -
4
'1
7 6 | 5, 3 1, |
| '1
0. -
4
'1
7 6 | 5, 3 1, |
| '1
0. -
4
'1
7 6 | 5, 3 1, |
| '1
0. -
4
'1
7 6 | 5, 3 1, |
| '1
0. -
4
'1
7 6 | 5, 3 1, |
| '1
0. -
4
'1
7 6 | 5, 3 1, |
| '1
0. -
4
'1
7 6 | 5, 3 1, |
| '1
0. -
4
'1
7 6 | 5, 3 1, |
| '1
0. -
4
'1
7 6 | 5, 3 1, |
| '1
0. -
4
'1
7 6 | 5, 3 1, |
| '1
0. -
4
'1
7 6 | 5, 3 1, |
| '1
0. -
4
'1
7 6 | 5, 3 1, |
| '1
0. -
4
'1
7 6 | 5, 3 1, |
| '1
0. -
4
'1
7 6 | 5, 3 1, |
| '1
0. -
4
'1
7 6 | 5, 3 1, |
| '1
0. -
4
'1
7 6 | 5, 3 1, |
| '1
0. -
4
'1
7 6 | 5, 3 1, |
| '1
0. -
4
'1
7 6 | 5, 3 1, |
| '1
0. -
4
'1
7 6 | 5, 3 1, |
| '1
0. -
4
'1
7 6 | 5, 3 1, |
| '1
0. -
4
'1
7 6 | 5, 3 1, |
| '1
0. -
4
'1
7 6 | 5, 3 1, |
| '1
0. -
4
'1
7 6 | 5, 3 1, |
| '1
0. -
4
'1
7 6 | 5, 3 1, |
| '1
0. -
4
'1
7 6 | 5, 3 1, |
| '1
0. -
4
'1
7 6 | 5, 3 1, |
| '1
0. -
4
'1
7 6 | 5, 3 1, |
| '1
0. -
4
'1
7 6 | 5, 3 1, |
| '1
0. -
4
'1
7 6 | 5, 3 1, |
| '1
0. -
4
'1
7 6 | 5, 3 1, |
| '1
3 4 | 5 | 6 2 '1 '1 '1 '1 '1 '1 '1 '1 '1 '1 1 - |
0. 7 | | '1 '1 '1- | | | |
- - '1
'1 2 '1 - | | | '1 7 1 0. 5 '1 '1- 6 - - | | | |
%END
