JIANPU_LY ERROR: (notesHad=6 7 2 1 | 3 - - 0 | 4 5 2 3 | 5 6 - 1 | 4 0 7 3 | 2 - 6 1 | 5 - 6 0 | 1 1 - 4-) barcheck fail: note crosses barline at "4-" with 0 beams (16 skipped from 56 to 72, bypassing 64), scoreNo=1 barNo=8 (but the error could be earlier)

--- score ---
title=Wake UP
type=work
%--
6 7 2 | 1 3 - | - |
0
4 5 | | | | |
2 3 | 5 6 |
| - 1 4 0 |
7 | | | |
3 2 | - |
6 '1 5 | - 6
0 1 '1. | - 4- |
6 5 '1 3 | 4 2 1 - 7 | - |
0 | - |
7 - '1 - - | - - - - - -
6.. 5 '1 3 | 4 2 1 - 7 | - |
0 | - |
7 - '1 - - | - - - - - -
6 2 | - | - | | - - | - - - | - | | - - - - - - - - - | - - | - - - - - - | - - - - - - - - - - - - - - - - - - - - - - - - - -
%END
