JIANPU_LY ERROR: (notesHad=4 2 3 - | 1 6 5 3 | - 2 2 4) barcheck fail: note crosses barline at "4" with 0 beams (28 skipped from 48 to 76, bypassing 64), scoreNo=1 barNo=3 (but the error could be earlier)

--- score ---
title=云台蝴蝶
type=work
%--
4 2 3 - | 1 6 |
5 3 - | 2 2 | 4.. 1 6 | - 7. | 0 | | | | | | -
5 3 | 2 | 4 - 6 1 7 | | | | 0 | - | - |
3 6 | 5 - | 2 |
4 | - 1 |
7 | - | |
0 | | | | | |
6 - 3 5 | i |
i
| 7
1 0
2. 4 - |
6 5 | - 3 2 | 4 | - 1 | - 7 0. | - | | - - - - - - - - | - - - - - - - | | - - - - - - - - - - - - - - - - - - - - - - - - - - -
2 3 | i |
5 - 6 -
i
7.
6-
0
1. -
4
0 0 -
2 3 |
3 - 5 | 2 i 1 6 7 | i 0 - - - - - - - -
5 6 - | | | | 4 3 2 1 7 |
0 - - | |
2 4 - | 1 0. 5- 3 7 6 | | | - - - - - - - -
%END
