JIANPU_LY ERROR: (notesHad=1 2 3 4 | 5 6 7 5 | 6 3 2 - | 1 7 6 - | 3 5 6 1) barcheck fail: note crosses barline at "1" with 0 beams (24 skipped from 48 to 72, bypassing 64), scoreNo=1 barNo=5 (but the error could be earlier)

--- score ---
title=人间共鸣
type=work
%--
1 2 3 4 5 6 7
5 6 | 3 2 - 1 7 |
6 - 3 5 | 6 |
| 1.
0 2 5. 7 - 4-
7 | |
6 5 3 2 7 i i - | 5 5 | 6 i i 7 5 5 5 i i i 0. 1- | i i i i i | | | | i 7 | - | - i - - i - - - i 4---- i----- i------ i i------- i i i i
6 i - | | | | - - - | - - - | | - - | - - - - - - - - - - | - - - - - | - - - - | - - - - - - - - - - - - - - - - - - - - - - -
6 i - | | | | - - - | - - - | | - - | - - - - - - - - - - | - - - - - | - - - - | - - - - - - - - - - - - - - - - - - - - - - -
6 0 - | i i |
2 | 1 |
7 5 | - -
3. | i i - i i
4. |
3 5 | - 6 | 4 2 1 7 | | | | 0 i i. | -
2 3 | - | 5 6 | - 4 - 1 7 | - 0. | | - | | | | - - - - | - - - - - - - - - - - - - - - - - - - - - - - - - - - - - - - - - - - -
1 2
%END
