JIANPU_LY ERROR: Unrecognised command i in score 1
3 2 | i 6 5 |
      ^      

--- score ---
title=今天真好
type=work
%--
1 2 0 4 4
3 2 | i 6 5 |
i 4 | 1 |
0 0. 0 -
- i
- 7 -
3 6 | i 2 |
i - 5 1
- - 0
4 7 | -
5 6 | 3 2 | - | | 1 7 | 0 | 4. | - | | - - | - - - - - - - - - - - - - - - - - - - - - - - - - - - - - - - - - - - - - - - - - -
6 i | i i | | 5 - 3 |
i |
i i | |
| - 2- 0 |
1 | |
7 4
3 2 | | | |
5 | |
0 | -
1
7 | | - | |
4 -
6
2 3 5 - 6 | 4 | 1 i i 7 i 0- i i i- i i i i i i i i
i i 2 | - 6 5 | 3 1 7- i | - 0-- | - - 4. - - - | - - - - - - - - | |
3 2 | i 6 5 |
| 3 2 i 6 5 |
1 0 | | | |
4. 7- - 1 0 | - | - - - - - - - | - - - - - - - - | | | | - - - - - - - - - - - - - - - - - - - - - - - - - - - - - - - - - - - -
1 - | - | - -
%END
