JIANPU_LY ERROR: (notesHad=4 2 1 7 | - 0 3 6- | 5 - - -) barcheck fail: note crosses barline at "-" with 0 beams (16 skipped from 56 to 72, bypassing 64), scoreNo=1 barNo=3 (but the error could be earlier)

--- score ---
title=今生不再
type=work
%--
4 2 1 7 - 0 | 3 6- 5. | - - - - - - - - - - - - - - -
3 5 - | 2 6 | 4 1 7 | - - - - - - - - 0. | - - I - - - - - - - - -
i - 4 3 4 | 1 6 6 5 |
5 -
4..
| 2 0 |
4 7
5 3 2 | - |
6 4 7 1 0 | |
| 5
3 2 | 7 6- 1. |
4
4 - 6 | 3 2 |
1 5 7 |
0-.
| 3 2 1 |
7
3 4 5 - | 2 1 | 7 6 0 | - | - | - | | - - | - - | - - - - - - - - - - - - - -
4 5 6 | 1 4 5 - |
7 2 3- | | | -
0 | | | | |
%END
