JIANPU_LY ERROR: Unrecognised command i in score 1
4 4 6 4 i i - 7 7 6 3 5. 0 2 3- 4 6 5. 1
        ^ ^                             

--- score ---
title=和平鸽哨
type=work
%--
4 4 6 4 i i - 7 7 6 3 5. 0 2 3- 4 6 5. 1
i i 6 | 7 3 5 |
2 4 1 -
| 0 |
- - - - i- - - - - - - - - - - - - - - - -
i i 6 | - | | i i i i i i i i i i | - | | 2 3 4 5 | 7. | | - 0. 1-.-..--...---.--......-----....-.----.....------.................----------..........-----------.......................-----------------------------........................----------------------------------------------...............................................----------------------------------------------------------------------------------------------------------------------------------------------------------------------------------------------------------------------------------------------------------------------------------------------------------------------------------------------------
i 6 i | 7 6 - 3 | 2 3 4 5 4 | - |
1. |
0.-. | - - - - - - - -
- i- - - - - - - - - - - - - - - - -
1. |
0.-. | 5 6 7 - - - - - - - - -
i
3 2 - | 5 6 | | 4 |
| 1 | |
0. -
2 4 - 3 5 6 1 7 0 |
%END
