JIANPU_LY ERROR: Unrecognised command i in score 1
5 6 | 2 - i | 3 - - | i-. 6 | 1 0 7 4. | - - | | - | | - - - | - | - - - - | - - - | - - - - | - - - - - - - - - - - - - - - - - -
          ^                                                                                                                       

--- score ---
title=回家过年
type=work
%--
3 4 - 2 6 5 7 1 0 7 6
5 6 | 2 - i | 3 - - | i-. 6 | 1 0 7 4. | - - | | - | | - - - | - | - - - - | - - - | - - - - | - - - - - - - - - - - - - - - - - -
6 5 - 3 2 | - - | - - - | - 1-- | - | | - - - | - - 7 | | - - - - 0.---- 4 - - - - - - - - - - - - - - - - - - - - - - - - - - - - - -
2 3 - | 5- | 6--- | - 7 | 1 0. | - - 4- | - - - - - - - - - - - - - - - - - - - - - - - - - - - - - - - - - - - - - - - - - - - - - -
5 6 i 3 - 2 3 | 1 - - | 1 3 2 7 | | 4. | | - | - 0 | - - - - | - - - - - | - - - - - - - - - - - - - - - - - - - - - - - - - - -
2 3 - | 5 6 |
| 1-
4.
7. |
0 | - | - | |
2 | 3 - |
5 6 | 1-
4.
7. |
0 | - | - | |
6 5 i - | 6 5 |
3
7 6
5 3
2 2
1. 0- | | -
4.. i | - |
2 3 4 - | 6 5 | i- i-. i.. | |
1 2 3 - - - - - - 0 4 - - - 5 6 7 - - - - - - - - - - - - - - - - - - - - - - - - - - - - - - -
%END
