JIANPU_LY ERROR: (notesHad=5 4 - 3 | 2 6 1 2 | 4 6 0 1 | 2 5 3 3 | 2 1 3 6- | 4 7 3 2 | - 0 1 5 | 6 7 4 2) barcheck fail: note crosses barline at "2" with 0 beams (16 skipped from 56 to 72, bypassing 64), scoreNo=1 barNo=8 (but the error could be earlier)

--- score ---
title=大美乡村
type=work
%--
5 4 - 3 2 | 6 1 |
2 4 6
0 | 1 2 |
5 3 3 |
2 1 3
6- 4 7
3 2 | - | | 0 | 1
5 6 7 4.
2 3 | 6 i 1 | 5 4 7 0 - - |
2 3 | i - i | - 6 1 5 | 3. 4- 7 | - 2 0 | |
5 6 | - i |
i 1 7 2 3 4
0.
I
6 i | |
i - |
1 7 5 -
| 0
2 3
i i 7 6 | 6 5 3 2 | 0 - 1- 4. - - - - - - - - - - - - - - - - - - - - -
| 2 | - | | | |
1 | - |
0. 5
3.
4.
7. |
6.
1 2 3 - - - - - - 0 4 - - 5 6 7 - - - - - - - - -
%END
