JIANPU_LY ERROR: Unrecognised command i in score 1
2 4 3, 5 6, i | i i i i i i i i i i i | | | | | | |
            ^   ^ ^ ^ ^ ^ ^ ^ ^ ^ ^ ^              

--- score ---
title=太行之歌
type=work
%--
4 2 3 5 6 7 1 0
5 6 - | 3 2 | 4 3 |
1 | - |
7 -
0 | |
2 4 3, 5 6, i | i i i i i i i i i i i | | | | | | |
0 1 2 3 5 |
4 7 6
2 3 - | 4 5 i 6 i 1 | i i i i i 6 5 6 |
0 | | | |
2 4 - | 6 5 i 3 1 | 7 i
6 5 - 3 2 | 4 | 1 7 | - 0 | - | - | | - | | - - - - - - - - - - - - - - - - - - - - - - - - - - - - - - - - - - - - - - - - - -
6 5 | - i i 4 | | |
%END
