JIANPU_LY ERROR: Unrecognised command i in score 1
0 i i. 5 -
  ^       

--- score ---
title=学校之歌
type=work
%--
2/4
2 1 4 - 3 0 5
4 2 | 3 | 5 - 6 7 1 | - | | | | 0 | -
5 6 - | 3 4 | 2 1 | - 7 | | 0 | | | - - |
3 6 5 - | 2 1 7 | 4 0 | - | - |
2 3 | - |
5 4 |
6
1 7 |
0 i i. 5 -
4 3 | - |
2 i 1 7 |
5 i | 6 - - | |
i i. | | - | |
5 - 2 i | i i i |
3 |
1 4 |
- 0. | |
6 i i | |
6 4 - | i i 5 |
2 - - 3 -
7 1 0 |
4 3 | - |
2 |
1 |
7 | |
5 | |
0 | |
6
1 2 3 - 0. 5- 4 6 7 - - - - - - - - - - - - - - - - - - - - - - - - - - - - - - - - - - -
%END
