JIANPU_LY ERROR: Unrecognised command I- in score 1
6 5 4 - | 2 | 3 7 1 0 | - - | - - - - - - - - - I- - - - - - - - - - -
                                                ^^                    

--- score ---
title=尖兵战歌
type=work
%--
2/4
6 5 4 - | 2 | 3 7 1 0 | - - | - - - - - - - - - I- - - - - - - - - - -
6 5 | - 3 2 | 4 | - 1 7 | - |
0 | | | |
5 3 - | 2 |
6 -
4 1 7 | |
0.
6 3 | 2 - | |
5 1 7 | | |
4 0 | - | | | |
- 0 1 2 3 4 5 6 7 - - - - - - - - - - - - - - - - - - - - - - - - - - - - - - - - - - - - - - - - - -
1 2 3 - - - - - - 0 - - - - - 4 5 6 7 - - - - - - - - - - - - - - - - - - - - - - - - - - - - - - - - - - - - - - - - - - - - -
%END
