JIANPU_LY ERROR: (notesHad=4 6 2 - | 1 7 0 3) barcheck fail: note crosses barline at "3" with 0 beams (24 skipped from 48 to 72, bypassing 64), scoreNo=1 barNo=2 (but the error could be earlier)

--- score ---
title=我的老师
type=work
%--
4 6 2 - 1 7 | 0 | 3. 5 | - - | - - - | | | | - - - - - - - - - - - - - - - - - - - - - - - - - - - - - - - - - - - - - - - - - -
3 6 | 0 2 - | | 7 | 1 | 5 | | 4. - | - - - - - - |
2 5 6 3 - | 6 6 6 1 7 | 0 4 - - - - - | - - - - - | - - - - - | - - - | - - - - - - | - - - - | - - - - -
6 3 | 5 - | 2 4 | | 7 1 0 | | | -
4 6 i | - |
2 5 | -
3 - - 0 |
1. 7
i I
6 2 - | 4 5 |
0
2 5 4 - | 3 i 6 7 | 1 0 i 2.
i 5 6 i - 2 3 | 1 4 7 | | 0- | |
0
%END
