JIANPU_LY ERROR: (notesHad=1 0 - 2 | 3 4 5 6 | 7 6 3 2 | - 5 1 4 | 0 7 - -) barcheck fail: note crosses barline at "-" with 0 beams (16 skipped from 56 to 72, bypassing 64), scoreNo=1 barNo=5 (but the error could be earlier)

--- score ---
title=梦中女神
type=work
%--
1 0 - 2 3 4 5 6 7
6 3 | 2 - 5 1 4 | 0 7. - | -
6 5 | - |
2 3 | - |
1.- | 7 | - 4. | 0 | | | - | |
6 2 | - | 3 5 4 | - 1 7 | - | 0 | | - - | | | - - - - - - - | - - - - - - - - - - - - - - - - - - - - - - - - - - - - - - - - -
6 i | |
5 7 - -
1 0 | - |
3 2 | |
4. - - - | |
5 6 - | 3 2 4 | 1 7 0 | | | | 1 | | | - | - - - - - - - - | - - | - - - - - - - - - - - - - - - - - - - - - - - - - -
5 6 | - 3 i 2 | - - 7 i - - | - 1 0- 4 - - - | - - | - - - - - - - - - - - - - - - - - - - - - - - - - - - - - - - - - - - - - -
6 3 - i | 2 i |
7 5 0 |
1. 4- i i |
6 - i | 1 |
7 5 4 | - |
0 | |
2. 3
2 3 1 4 5 7 0. 6
%END
