JIANPU_LY ERROR: (notesHad=2 - 1 7 | 3 5 0 4 | 6 5 3 2 | 5 6 - 1 | 4 0 7- 5) barcheck fail: note crosses barline at "5" with 0 beams (16 skipped from 56 to 72, bypassing 64), scoreNo=1 barNo=5 (but the error could be earlier)

--- score ---
title=目瑙纵歌
type=work
%--
2 - 1 7 3 5 0 4 6
5 3 2 | 5 |
6 - 1 4 | |
0. 7-
5, 1 | 2 3 |
7. 0 - 6 4 | - - - - | | |
2 3 4 - 5 i - i 0 i- i i- i - i i- i i i i i i. - - - - - - - | | - - - | - - | - | - | | | | - - - - - - - - -
2 6 5 3 4 | 1 | 7 0 - - - - | - | - | - - | - - - - - - - - - - - - - - - - - - - - - - - | | | | | | | | | | | | | | | | | | |
6 5 3 2 - 4 | 1 7 | | |
0.
0 - - - - - - - - - - - - - - - - - - - - - - - - - - - - - - - - - - - - - - - -
5 6 3 - 2 4 1 7 | 0. | 0. - | | | | | - - - | | | | - - - - - - - - - - - - -
6 5 3 2 - 4 1 7, 0,- -
6 5 4 3 2 | 3 5 |
| - 1 |
7 0
i
%END
