JIANPU_LY ERROR: (notesHad=6 3 | 5 2 | 4 1 | 7 5 | 0 6) barcheck fail: note crosses barline at "6" with 0 beams (16 skipped from 24 to 40, bypassing 32), scoreNo=1 barNo=5 (but the error could be earlier)

--- score ---
title=童年的家
type=work
%--
2/4
6 3 | 5 2 | 4 | | 1 | | 7 5 |
0. | |
6 5 3 2 4 | | 1 7 | | | | 0 | - | - - - - - - - | - - - - - - - - - - - - - - - - - - - - - - - - - - - - - - - - - - - - - - -
6 3 |
5 - |
4 -
2-
1 |
7 0 |
6 5 |
3 |
2 - |
1 4 |
7 -
0-
3 6 | 5 | 2 4 - 1 7 | - 0 | - - |
2 3 - | 5 6 | | 1 | 4 0 | - | | 7. | - | |
- | I i i i i i - | 0. | - | | 7- |
6 3 |
5 |
2 -
1 -
4.
0-
7 |
2 3 - 6 | 5 4 | 1 7 | | 0 | | - | - | - - |
%END
