JIANPU_LY ERROR: Can't have rest in chord: 0- in score 1
1 2 3 4 5 6 7 0-
              ^^

--- score ---
title=腊梅花开
type=work
%--
1 2 3 4 5 6 7 0-
3 2 - | | - - - - - - - - - - 0. 6 | - 7 5 - - - - - - 0. 6 |
3 2 | 6 - 5 4 | 1. | 7 - - | - 0-- | | | | | - - | - - - - - - - - - - - - - - - - - - - - - - - - - - - - - - - - - - - - - - - -
5 3 2 | 6 - |
4 1 7 | 0 |
3 - - | -
6 3 2 5 | 3 3 2 | 1 | | 7 | | - | - | - |
2 3 - | 6 5 | 4 | - 1 7 | 0- | | | - | | | - - - - - - - - - | - - - - | - - - - | - - - - - - - - - - - - - - - - - - - - - - -
2 6 | - | | - |
3 |
1 4 | - 5 7 0 | |
6 3 2 | i - 1 4 |
7 0
5
i | |
3 - 2 | 1 - | 5 6 7 | | |
0. | | | | |
1 0 - 2 3 4 5 6 7
%END
