JIANPU_LY ERROR: Unrecognised command i in score 1
3 5 i | i 6 - |
    ^   ^      

--- score ---
title=被你感动
type=work
%--
4 2 3 - | 1 6 |
3 5 i | i 6 - |
2 i
1 - - |
| 3. | |
7 | | - 0-- 4 - - - - - -
5 6 - | 3 2 |
| 1 7 | - |
4 0 | | | |
2 3 - | 5 6 - | 3 - | 7.. | - | 1... | - |
0 |
3 5 - | 2 4 |
| 6 |
1 - 0. 7 | - -
5 6 - | 3 2 4 | 1 - 7 |
0.
2 3 5 | - | 6 | | 1 7 | - | | 4 0 | - |
5 6 - | i i - i | - - - - 2 - - - 3--- 1-- 0 - - 4 7------ - - - - -
i 6 - i | - - - | |
1 -
2 -
3
4
5
6 -
7 - - - - - - - - - - - - - - - - - - - - - - - - - - - - - -
%END
