JIANPU_LY ERROR: (notesHad=4 2 1 3 | 5 7 6 0) barcheck fail: note crosses barline at "0" with 0 beams (24 skipped from 48 to 72, bypassing 64), scoreNo=1 barNo=2 (but the error could be earlier)

--- score ---
title=铁血战歌
type=work
%--
4 2 1 3 5 7 6 0. - - - - - - - - -
5 6 i 2 3 - | 4 i 1 7 | - 0-
5 6 | i 2 |
3
i 1 - |
| i | | | |
0. 7-.
4 -
5 3 2 i | 6 4 - | 7 1 0 i |
3 2 | - |
6 5 | - |
1 i |
i- i | -
7 0 |
4 -
3 2 | - 6 |
5 4 | - |
7 | | | 1 0 | | | |
i i - - - - -
2 3 - | i |
i
1 2 3 - 4- 5 6 7. 0
1 2 3 - - - - - - - - 0 - - - - - 4 5 6 7 - - - - - - - - - - - - - - - - - - -
%END
