JIANPU_LY ERROR: (notesHad=- - 1 2 | 3 4 5 6 | 7 0 6 5 | 4 3 2 - | 1 7 0 1) barcheck fail: note crosses barline at "1" with 0 beams (24 skipped from 48 to 72, bypassing 64), scoreNo=1 barNo=5 (but the error could be earlier)

--- score ---
title=青春之火
type=work
%--
- - 1 2 3 4 5 6 7 0
6 5 4 3 2 - 1 7 0 | 1. | - - - - - - - - - - - - - - - | - | - - - - - - - - - - - - - - - - - - - - - - - - - - - - - - - - - -
3 2 | 6 |
| 5 |
4 - 1-
7 -
0.
6 4 2 3 - | 2 4 | 1 5 7 | - |
i i i i i i. | - |
i-.-. | | | | |
0 0 - |
6 3 - | 5 2 -
6 5 i - | 3 2 |
1 7 4 | 0 |
i | -
6 5 | 3 - | | - | - 2 | - 1 - - | - - 7 0. 4 -
6 5 | - |
3 2 | - |
1 7 | - |
0 | |
4
i 5 6 - | | | - | - | | | - - - - | | - - - 0 - - - - - - - - - | - - - - - 7- 1 2 3 4------... | - - - - - - - - - - - - - - - - - - - -
2 3 - 4 5 6 1
2 4 - 3 | 5 1 6 | 7 0 | - - - - - - - - -
1 2 3
%END
