JIANPU_LY ERROR: Unrecognised command i in score 1
3 6 | 5 - i 2 1 0. 4 7 - |
          ^               

--- score ---
title=一荤一素二声部合唱谱
type=work
%--
4 6 - 5 2 3 1 7 |
3 6 | 5 - i 2 1 0. 4 7 - |
3 6 | i |
i - 2 4 |
5
1 0 7 |
I I- | |
I I I I I I I I I I I I I I I I I I I I I I I I I I I I I
5 3 - | 6 2 4 | - 1 7 | | 0 | | | - | - | - - - - - - - - - | - - - - - - - - - - - - - - - - - - - - - - - - - - - - - - - - -
5
3 2 | - |
6 5 4 1 | -
7 | | -
0 | |
3 2 - | 6 | 5 1 7 4 0, - | - - - - - | - - - - - - - | | - - - - - - - - - - - - - | | - - - - -
5 6 | - | 2 3 1 4 | | | | 7 0. | - | - | - - | - - - - - - - - - - - - - - - - - - - - - - - - - - - - - - - - - - - - - - - - -
2 4 - 5 3 6 1 7
5 6 - | 3 2 |
4 1 | 7 -
- - 0 |
3 2 | -
%END
