JIANPU_LY ERROR: Unrecognised command i in score 1
2 3 | i - |
      ^    

--- score ---
title=丰收中国年【混声合唱】了
type=work
%--
2/4
4 2 - - - - - - - - -
2 3 | i - |
i i |
5 | 0- |
I
2 - | |
| I i 0 |
5. 1 4 6- 3 7 i
3 4 - 5 | 6 | 2 1 7 | - | - 0 | i I
6 4 - 5 3 | 2 | | 1 7.. | - 0 | - - - - - - - - - - - - - - - - - - - - - - - - - - - - - - - - - - - - - - - - - - - - - - - - -
5 2 i - | 3. i | 4. | i- i | 1.- 0 | - 7 | - 6. - |
0 0 |
I I
i i | 3
2 1 - |
| 5 |
| 2
0 | |
7, 6. 4
5 3 i | - |
i
2 3 - | 5 | 4. | 6.- 1 | - 7 | - 0 | | | | | | | | | | - - - - - - - - - | - - - - - - - - - - - - - - - - - - - - - - - | - - |
6 5 i | 3 - |
i 2 1 4 | 0. |
- 7 | | i
%END
