JIANPU_LY ERROR: Unrecognised command i in score 1
5 6 i 2 - i | - - | - - | - - - |
    ^     ^                      

--- score ---
title=儿时二部合唱
type=work
%--
4 2 5 4 4 1 6 7
5 6 i 2 - i | - - | - - | - - - |
3 - - - |
0 1 7. 6 | - | - | - -
4 - - - - - - - - - - -
2 3 - 5 6 6 | | 4 1 | - i i - - 0. i i i i- i i i i i i - - - - - - - - - | - - - - - - - - - - - - - - - - - - - - - - - - - - -
5 6 i 3 - - - - | 3 7 I 0 1 2- 4. | - - - - - - - - - - - - - - - - - I- - - - - - - - - - - - - - - - -
5 - | |
3
1 2 i |
0 -
i i i | 7. 6-.
i i i i i |
4 | | | - - - -
5 6 i 3 2 i - 3 3 2 i 2 3 | 0--- | - - - - - | | - - | - 1 7 7 7 6 6-- | - - - - - - - - | - - - - - - - - - - - - - - - - - - - - -
0 3 5. - 1- 2 7 4 6
%END
