JIANPU_LY ERROR: (notesHad=2 4 1 0) barcheck fail: note crosses barline at "0" with 0 beams (24 skipped from 48 to 72, bypassing 64), scoreNo=1 barNo=1 (but the error could be earlier)

--- score ---
title=再唱洪湖水（混声合唱）
type=work
%--
2 4 1 0. 5 - - - - - - - -
- 2 3 4 5 6 7. -
1 2 3 4 5 6 7 0 -
2 4 3 1 6 7 5 0 -
1 4 0 2 3 - 7 6 5
1 2 3 4 5 6 7 0. - |
5 6 '1 1 '1 3 2
0 | - |
4 7 | '1 |
2 5 6 | 5 - 3 5 '1
| 1 | - 2 5 |
6 | |
3 | |
7 | |
4 | |
0 |
5 6 - '1 | 1 3 4 |
2 7 | 0. |
2 3 5 6 | - |
1 2 3 | | - - | |
7. 0 4
%END
