JIANPU_LY ERROR: (notesHad=6 6 0 3 | 2 4 5 6) barcheck fail: note crosses barline at "6" with 0 beams (24 skipped from 48 to 72, bypassing 64), scoreNo=1 barNo=2 (but the error could be earlier)

--- score ---
title=城市之光（ 、 合唱）（美声通俗）
type=work
%--
6 6 0
3 2 | 4 5 | 6. | | 1 0 | | 7 i | | i. | - | - - - - - - - - - - - - - - - - - - | - - - - - - - - - - - - - - - - - - - - - - - -
3 2 | - | | | | | | | | | | | | |
0. 5- 1 7 | - | | - | - | |
4.- 6.. - - - -
3 4 - | 5 | 2 1 7 6 0 - | - - - - - - - - - - - - - | -
5 6 | 3 - |
2 4 1 7 |
0.
3 6 | - |
2 4 1 7 |
0.
3 6 | - |
2 4 1 7 |
0.
3 6 | - |
2 4 1 7 |
0.
3 6 | - |
2 4 1 7 |
0.
3 6 | - |
2 4 1 7 |
0.
3 6 | - |
2 4 1 7 |
0.
3 6 | - |
2 4 1 7 |
0.
3 6 | - |
2 4 1 7 |
0.
3 6 | - |
2 4 1 7 |
0.
3 6 | - |
2 4 1 7 |
0.
3 6 | - |
2 4 1 7 |
0.
3 6 | - |
2 4 1 7 |
0.
3 6 | - |
2 4 1 7 |
0.
3 6 | - |
2 4 1 7 |
0.
3 6 | - |
2 4 1 7 |
0.
3 6 | - |
2 4 1 7 |
0.
3 6 | - |
2 4 1 7 |
0.
3 6 | - |
2 4 1 7 |
0.
3 6 | - |
2 4 1 7 |
0.
3 6 | - |
2 4 1 7 |
0.
3 6 | - |
2 4 1 7 |
0.
3 6 | - |
2 4 1 7 |
0.
3 6 | - |
2 4 1 7 |
0.
3 6 | - |
2 4 1 7 |
0.
3 6 | - |
2 4 1 7 |
0.
3 6 | - |
2 4 1 7 |
0.
3 6 | - |
2 4 1 7 |
0.
3 6 | - |
2 4 1 7 |
0.
3 6 | - |
2 4 1 7 |
0.
3 6 | - |
2 4 1 7 |
0.
3 6 | - |
2 4 1 7 |
0.
3 6 | - |
2 4 1 7 |
0.
3 6 | - |
2 4 1 7 |
0.
3 6 | - |
2 4 1 7 |
0.
3 6 | - |
2 4 1 7 |
0.
3 6 | - |
2 4 1 7 |
0.
3 6 | - |
2 4 1 7 |
0.
3 6 | - |
2 4 1 7 |
0.
3 6 | - |
2 4 1 7 |
0.
3 6 | - |
2 4 1 7 |
0.
3 6 | - |
2 4 1 7 |
0.
3 6 | - |
2 4 1 7 |
0.
3 4 - | |
2 1 | 7 5 |
6- | | | |
0 | | | |
| | | | | '1 '1
3 4 - | |
2 1 | 7 5 |
6- | | | |
0 | | | |
| | | | | '1 '1
3 4 5 - 6 2 | 1 7 | 0 | - - - - - - - - - - - - - - | - - - - - - | - - - - - | - - - - - - - - - - - - - - - - - - - - - - - -
3 6 5 4 2 - | 1 7 | 0. | 6 5. | | 4- | | 4 | - | - | | 3-. - |
1 2 3 - 4- 5 6 7 0
%END
