JIANPU_LY ERROR: (notesHad=3 4 2 4 | - 1 7 0 | - 5 3 - | 2 4 6 1 | 7 0 5 6 | - 4 3 2 | 1 7 - 0 | - - - - | - - - - | - - - - | - - - - | - - - - | - - - - | - - - - | - - - - | - - - - | - - - - | - - - - | - - 5 3 | 4 2 6 - | 1 7 - 0 | 3 2 4 1 | - 5 6 7 | 1 0 1- 1 | 1 1 1 1) barcheck fail: note crosses barline at "1" with 0 beams (24 skipped from 48 to 72, bypassing 64), scoreNo=1 barNo=25 (but the error could be earlier)

--- score ---
title=打起手鼓唱起歌（混声合唱）
type=work
%--
3 4 2 4 - 1 7 0 -
5 3 | - 2 | 4 6 1 7 | | 0 | |
5 6 - 4 | 3 2 | 1 7 | - 0 | - | | | | - - - - - - - - - - - - - - - - - - - - - - - - - - - - - - - - - - - - - - - - - - - - -
5 3 4 2 | 6 - 1 | 7 | - 0 |
3 2 4 1' - 5 6 7 1 0 1'- 1' 1' 1' 1' 1'. 1' 1' 1'- 1' 1'- 1' 1' 1' 1'- 1' 1' 1' 1' - 1' 1' 1' 1'
1 7
0 | |
3 - -
2. 5- 4
6 |
3 5 | 2 - | 4 6 1'
6 5 | 3 - | | | 1 2 | | 7 0 4. | - | - - - | - - | - - - - - - - - - - - - - - - - - - - - - - - - - - - - - - - - - - - - - - -
3 2 5 - 6 | 4 | 1 7 0 | - | - - - - - - - - - - - - | - - - - | - - - | - - - - - - - - - - - - - - - - - - - - - - - - - - - -
5 3 - |
4 |
2 | - |
7 | - | 6
1 0.-
5 3 - | 2 | 1 4 6 7 | | 0 | | | - | - | - - |
%END
