JIANPU_LY ERROR: Can't have rest in chord: 0-- in score 1
6 5 | 3 2 | 4 - 1 | - 7 | - | | | | 0-- | - - - - - - - - - - - - - - - - - - - - - - - - - - - - - - - - - - - - - - - - - - - -
                                    ^^^                                                                                          

--- score ---
title=枕着光的她合唱
type=work
%--
6 5 | 3 2 | 4 - 1 | - 7 | - | | | | 0-- | - - - - - - - - - - - - - - - - - - - - - - - - - - - - - - - - - - - - - - - - - - - -
6 5 | 3 2 | - |
1 4 7 | | | |
0 | | | |
5 6 3 | 2 1 4 | 7 - |
0 |
2 3 | | | | | |
2 3 | - 5 | 6 1 |
| - 7 |
0 - - | - - - - - | | - - - - - - - - | |
4 | | - - | - - - - - - - - - - - - - - - - - - - - - - - - - - - - - - - - - - - - - - - - - - - - - - - - - - - - - - - - - -
1- 7 0
%END
