JIANPU_LY ERROR: Ambiguous octave marks (please set OctavesBefore or OctavesAfter if writing them in the middle) in the ' part of '1- in score 1
- - - '1- - - - - - - - -
      ^^^                

--- score ---
title=美丽草原我的家－无伴奏合唱
type=work
%--
3 5 - 6 | 5 - - 0 | 3 - - - | - 1-- | - 2--- | - - 7---- 4- - - - - - - - - - - - |
3 5 - 6 | 5 - - | 1-- 2 | - | - |
0 |
7 - -
- - - '1- - - - - - - - -
2 5 6 3 2 | - |
1 - - - - - |
'1 '1
5 2 3 '1 | 6 5 6 3 2 1 - | 3 3 5 6 '1 '1 6 5 6 |
0 4 4- 7. | -
3 5 '1 6 | '1 | 2 - 1 4 7 0
3 5 '1 6 | 2 - | 1 - - | - 7 - - 0 | - - 4.---. | - | | | - - - - - - -
5 3 - |
2 - - |
1-- |
4 - - - |
0--- |
6. 7 | -
5 6 - | 3 2 | 4 1 7 | | 0 | |
1 2 5 6- 7 0 4 3
%END
