JIANPU_LY ERROR: (notesHad=4 2 - 3 | 5 6 7 - | 1 0 5 6 | - 1 7 6 | 3 1 1 4) barcheck fail: note crosses barline at "4" with 0 beams (16 skipped from 56 to 72, bypassing 64), scoreNo=1 barNo=5 (but the error could be earlier)

--- score ---
title=老师我想你（合唱版）
type=work
%--
4 2 - 3 5 6 7 - 1 0
5 6 - | '1 7 6 3 |
'1
1. 4 2-.
0.
2 6 | - 5 4 | 3 - 1 7 | - | - 0 |
2 3 4 5 6 7 | 0 | 1 - - - - - - - - - -
'1 5 - | '1 6 3 - - | - 7 4 2 1 0 - - - - - - - - - - - - - - |
'1 '1 6 - | |
5 | -
3 -
2 |
1
7
2 3 5 6 - '1 1 7 0 4. - | |
6 5 | - 2 | 3 - - | | 1-- | | 4 |
0 | |
7
6 5 | 2 - |
3 1 7 | 4. | 0 | - |
1 2 3 - 4- 5 6 7. 0
%END
