JIANPU_LY ERROR: Unrecognised command I in score 1
- I
  ^

--- score ---
title=中华你我他
type=work
%--
4 - | | | | |
2 4 3 5 6 7 1 0 - |
- I
5 6 i - | 2 3 | 1 7 i - 0-
5 3 | 6 - | 2 | - 1 7 | - 4. | 0 | | | | i i i i- i i.- i i i i i i..-- i i i - i i- i 7 i i i i. i 7 i i i - 5 | 6 - | 3 2 1 | - 1 | - 4.
5 6 i 2 i 7 4 3 1 -
i - i | 5 |
- i - - |
- - 2 | - - |
i | -
3 - - - | - | - - - 0- 1.. | - - -
I I
I I I I
I I I I I I
I I I I I
4 3 i | - |
6 5 - - |
2
7 | -
i - - - | | |
1. 0.
2 3 - i | |
4 5 7 | i-- 0 |
1 6 | - | -
1 2 3 - 4- 5 6 7 0 - - - - - - - - I- - - - - - - - - -
%END
