JIANPU_LY ERROR: Unrecognised command i in score 1
| i i |
  ^ ^  

--- score ---
title=人生咏叹调
type=work
%--
4 5 - | 2 3 1 6 | 7 0 | - | | - | | - - - - - - - - - - - - - | - - - - - - - - - - - - - - - - - - - - - | - | | - | -
6 5 3 2 - | 4 1 7 |
6 3 - | 5 2 | 4 1 7 0 - - - | - | - | - | - | - | | - - |
6 5 | 3 2 | 4 | - 1 7 5 0 | - - | - | | - - -
3 2 | 1 5 6 | 7 6 | 0 |
| i i |
i | |
4. - 0 5 - - - - -
3 2 | 1 5 6 | 7 6 | 0 |
| i i |
i | |
4. - 0 5 - - - - -
3 2 | 1 5 6 | 7 6 | 0 |
| i i |
i | |
4. - 0 5 - - - - -
3 2 | 1 5 6 | 7 6 | 0 |
| i i |
i | |
4. - 0 5 - - - - -
3 5 | 6 | 2 - |
4 1 7 | - |
0. |
3 5 | 6 | 2 - |
4 1 7 | - |
0. |
6 2 3 | - 5 | - - - - | - - - - - - - - - - - | - - - - - - - - - - - - - - - - - - | - - - - - - - - - - - - - - | - - | - - |
6 2 3 | - 5 | - - | | - - - | | - - - | - 1-- 7 0 4.
2 4 - 3 5 6 1 7 0
2 3 - 4 5 6 1 7-
2 4
1 2 3 4 5 6 7 0 -
%END
