JIANPU_LY ERROR: (notesHad=2 4 5 | 6 - 1 | 7 0 3 | - 2 4 | 1 0 6 | 3 2 6) barcheck fail: note crosses barline at "6" with 0 beams (16 skipped from 40 to 56, bypassing 48), scoreNo=1 barNo=6 (but the error could be earlier)

--- score ---
title=共进新朝代
type=work
%--
3/4
2 4 5 6 - 1 7 0 3 -
| | 2 4 |
1 0 6 3. | | | | | |
2 6 3 - | 5 | 4 1 7 | | 0 | |
2 3 4 | |
1 -
6- 7. 0 -
5
i i | |
6 5 | 3- |
| 1. | 7 | -
4
- - 0-- 2-
6 3 | 3 | 5. | 4 - 1 2 0. | - 7 - | - | - - - - - - - - | - - - - - | | - - - | | - - - - - - - - - - - - - - - - - - - - - - - -
5 6 - | 7 | 7 - - | - | - |
0- 1 2 3 4-- | - - | | - - - | |
5 6
7 - - - - - - -
0- 1 2 3 4-- | - - | | - - - | |
6 2 3 | | 5 | | | | - | - | - 7 1 0 4 - - - - - - | - - | - - - - - - - - - - - - - - - - - - - - - - - - - - - - - - - - - - -
| 1
7 0 5 0 6 - | - -
i
2. 3, 4
1 - - 0 7, 6 5 4 3
%END
