JIANPU_LY ERROR: Unrecognised command i in score 1
4 2 3 5 6 i i 1 7 0 - - - - - - - - - -
          ^ ^                          

--- score ---
title=天边的牧歌
type=work
%--
- - 0
4 2 3 5 6 i i 1 7 0 - - - - - - - - - -
2 3 - | 6 5 0 | 1- 7.
6 5 - | I I I I I I I I I I |
1 2 3 4 |
- - 0 | I- I I I I I I I- I I | | | |
7 - - - - - - - -
2 5 6 | i i i i i i i i i i i i |
1 - 0 7
3. -
4
2 3 - | 5 6 | |
1 i' i i i i i i i i i i i i i i i i i. | | | |
4- 7 0
5 6 - | 2 3 4 1 7 | 0 | - | - | | - - - | - - - - - - - - - - |
6 5 - | i i i i 2 1 3 |
4 7 | i i i i i i i i
0. - | | | |
| - | i |
3 5 - 0 | 2 4 6 i 1 | 7. - i - |
2 4 1 6- 0. 5 3 7
%END
