JIANPU_LY ERROR: Unrecognised command I in score 1
2 - 5 4 3 1 6 7 - - - I - - - - - - - - -
                      ^                  

--- score ---
title=彝寨山茶红
type=work
%--
2 - 5 4 3 1 6 7 - - - I - - - - - - - - -
5 6 - | 2 | 3 1-. | | 4 7 0 | - | | | | - | - | - - - - - - - - - | - - - - - - - - - - - - - - - - - - - - - - - - - - - - - - -
2 6 | - |
5 3 | -
1 7 |
4. | -
0. |
2 5 | - | 6 3 |
4 1 |
7 | - 0 | -
2 5 6 - | |
1
7 | - 0 | -
5 6 - | 2 | 3 4 | - 1 7 | | | | 0 | - - - | - - - - - - - - - - - - - - - - - - - | - - - - - - - - - - - - | - | | - - - - - -
5 6 - | 3 2 | 1 4 7 | - 0 | | | | | - - - - | - - - | - - - - - - - - - - - - - - - - - - - - - - - - - - - - - - - - - - - - -
2 - 5 3 | | | |
1 |
6 -
7-
0-
4
6 3 - | 5 2 | 4 1 7 | - 0 | - - |
6 - | 2 2 2 6 | i i 1 6 | i- | | i- i i i 2 2 6 | - 5 6 i i 6 5 | -
2 1 0 -
%END
