JIANPU_LY ERROR: Unrecognised command I in score 1
4 2 - 1 6 3 5 7 0 - - - I - - - - - - - -
                        ^                

--- score ---
title=我是有钱人
type=work
%--
4 2 - 1 6 3 5 7 0 - - - I - - - - - - - -
5 6 | - 3 2 | 4 1 | 0 | - 7, | - - - | - - - - - - - - - - - - | - - - - - - - - - - - - - - - - - | - - - - - - - - - - - - - -
3 2 | 5 - 6 1 | 4 7 0 |
3 2 | 5 - 6 1 | 4 7 0 |
5 6 - | 3 2 | 4 1 2 7 0 | | | | | - | - | | - - - - - - - - - - - - - - - - - - - - - - - - - - - - - - - - - - - - - - - - - -
6 5 | - 2 3 | - - - - 1 4 |
- 0. 7 | | | | | - | - |
0 1 2 - |
6 | - |
3 5 7 4- |
i
6 2 | - 3 5 |
4 1 7 |
I I |
0. | -
6 5 - | 4 3 2 | 1 |
7 0 | | |
6 5 4 3 2 3 | | 1 7 0 | | | | | - | - - - - - - - - - - - - - - - - - - | - - - - - - - - - - - - - - - - - - - - - - - - - - -
1 2 3 - 4- 5 6 7 0. - - - - - - - - I- - - - - - - - - -
%END
