JIANPU_LY ERROR: (notesHad=- 1 2 3 | 4 5 6 7 | 0 - - -) barcheck fail: note crosses barline at "-" with 0 beams (16 skipped from 56 to 72, bypassing 64), scoreNo=1 barNo=3 (but the error could be earlier)

--- score ---
title=我爱我们家
type=work
%--
- 1 2 3 4 5 6 7 0. - - - - - - - - - - - - - - - - - - - - - - - - - - - - - - - - - - - - - - - - - - - - - - - - - - - - - - -
2 4 3 - | 5 6 7 | 1 0 | | - | - | | | | - - | | | |
2 3 - |
5 6 |
| 1 4
7 0.
3 5 2 3 - 6 | 1 | 4 7 0 | | - - | | - - | -
6 5 3 | - 2 | |
0. 1 7- 4 | | | |
2 3 - 6 5 | 4 | |
1 - - - | | |
7 | - | | | |
0 | |
0 -
0
1 4 0 -
1 2 3 4 5 6 0 -
%END
