JIANPU_LY ERROR: Unrecognised command i in score 1
6 - 2 | - - | - - - i 1 3 5 i i i 7 - - i i. 4- 0--- - - - - - - - - - - - | - - - - - - | - - | - - - - - - - - - - - - - - - - - -
                    ^       ^ ^ ^       ^                                                                                           

--- score ---
title=战位有我在
type=work
%--
6 - 2 | - - | - - - i 1 3 5 i i i 7 - - i i. 4- 0--- - - - - - - - - - - - | - - - - - - | - - | - - - - - - - - - - - - - - - - - -
6 3 5 - | i 2 |
i 4 | 7 -
1 0 - |
- i - - - - - - -
- - - i- - - | - - - - - - -
- - - - - - - | i- | - | - |
- - | 3 5 6 7 0 1 2- |
i
- - - i- - - | - - - - - - - | - - - - - |
- i - - - - - | - |
i | 1 2 3 4 5 6 7 0-
6 5 4 - 2 | 3 | 1 | - 7 | - |
0
6
5 4
2 5 | - 6 3 | 1-- 7 | - 4. | 0 - - | - - - - | - - | | - | | - - - | - - - - - - - - - - - - - - - - - - - - - - - - - - - - - - -
6 2 | i i - | 5 1 3 7 4 0
- 1 - 2. 5
%END
