JIANPU_LY ERROR: (notesHad=1 2 3 - | 0 7 6 5 | 4 4 4 7 | 2 1 0 5) barcheck fail: note crosses barline at "5" with 0 beams (16 skipped from 56 to 72, bypassing 64), scoreNo=1 barNo=4 (but the error could be earlier)

--- score ---
title=把幸福托起
type=work
%--
1 2 3 - 0 7 6 5 4
4 4 7 2 1 0. 5 -
3 2 i 6 - i | | 7 |
1 5 |
- 0 0
2 3 | - 6 | 5. | i 1 i 7 | i 4- i 0 i i i i i- i i i 7 i i i | -
3 2 - | i i 1 2 | |
7 6 6 6- 6. 5 | | 0 | | | |
3 - | i i 1 2 | |
7 6 6 6- 6. 5 | | 0 | | | |
3 - | i i 1 2 | |
7 6 6 6- 6. 5 | | 0 | | | |
3 - | i i 1 2 | |
7 6 6 6- 6. 5 | | 0 | | | |
3 - | i i 1 2 | |
7 6 6 6- 6. 5 | | 0 | | | |
3 - | i i 1 2 | |
7 6 6 6- 6. 5 | | 0 | | | |
3 - | i i 1 2 | |
7 6 6 6- 6. 5 | | 0 | | | |
3 - | i i 1 2 | |
7 6 6 6- 6. 5 | | 0 | | | |
3 - | i i 1 2 | |
7 6 6 6- 6. 5 | | 0 | | | |
3 - | i i 1 2 | |
7 6 6 6- 6. 5 | | 0 | | | |
3 - | i i 1 2 | |
7 6 6 6- 6. 5 | | 0 | | | |
3 - | i i 1 2 | |
7 6 6 6- 6. 5 | | 0 | | | |
3 - | i i 1 2 | |
7 6 6 6- 6. 5 | | 0 | |
6 5 2 | 3 | 4. | 1 7 - 0 | - - - - - - - - - - | - - - - - - - - - - - - - - - - - | - - | | | | | - |
3 2 - | i i i i i i i i i i 7 1 | i i i i i. 0 5 i i. | | |
2 3 - | i - - |
i - - -
7 1 - - - -
0 5 | | |
2 1 0 3. 5 - 4 6
1 - 2 3 7 6 5 4
%END
