JIANPU_LY ERROR: Unrecognised command i in score 1
i 3 2 i 5 | 4 - | 7 1 0 6. | - - | -
^     ^                             

--- score ---
title=春日肆意游
type=work
%--
2 4 - | 3 5 1 6 7 0 | - | | | - | - | | | | | | | | - - - -
i 3 2 i 5 | 4 - | 7 1 0 6. | - - | -
6 5 4 3 4 3 0 | 2 3 2 1 | 1 | | 6 5 1 - | |
6 2 4 - 3 5 5 6 2 - - 3 4 3 4 3 2
3 - | i i i 2 |
6 4-
5 7.
1.
i i i i i i i i i |
0 -
i i 7 2 | 7 5 3 - | 5 5 6 5 3 2 | - 1- | | i i i i. |
5 3 - | 6 2 i | | |
0 1- 7 i
i 3 2 i 5 4 | 7 1 7 6 | 5 0 |
6. 6 5 4- | | 2 3 2 1 | | 1 - | |
6. | 5 1-.
6 2 - | 3 4 | 5 6 2 | | 1 7 0 | - |
3 - | i 2 |
6 7.
1
5
0. - |
4
3
i i 7 2 | 5 3 - | 6 4 1 0 | | I. | | i i 7. |
%END
