JIANPU_LY ERROR: (notesHad=2 3 4 5 | 6 1 7 0 | - 3 5 1 | 6 1 2 4 | 1 7 0 - | - - - - | - - - - | - - - - | - - - - | - - - - | - - - - | - - - - | - 2 3 5 | - 1 6 4 | 7 - 1 0 | - 1 - - | 1 0 3 5) barcheck fail: note crosses barline at "5" with 0 beams (16 skipped from 56 to 72, bypassing 64), scoreNo=1 barNo=17 (but the error could be earlier)

--- score ---
title=月亮的歌声
type=work
%--
2 3 4 5 6 1 7 0 -
3 5 | 1' 6 1' | 2 4 1 7 0 | - - - | - | | - - - - | - - - - - - - - - - - - - - - - | - - - - - - |
2 3 | 5 - | 1' 6 4 7 | - 1 0 | - 1' - - 1 0. |
3 5 | 1' 6 1' | 2 2 2 3. | 1.. 2 | 6. 1' | 1'. 1' 1' | | 2... 2 1' 1' 6 |
0 7 4 - | - - | - - - - - - - - - - - - - - - - - - - - - - - - - - - - - - - - - - - - - - - - - - - - - - - - - - - - - - -
6 1' | 5 - |
6 6 |
5 6 3 | |
2. | |
6 1' | |
1' 2 3 2 |
1. | | | | | | |
2 3 1'. |
1 |
2 3 1'. |
1 |
2 3 1'. |
1 |
2 3 1'. |
1 |
2 3 1'. |
1 |
2 3 1'. |
1 |
2 3 1'. |
1 |
2 3 1'. |
1 |
2 3 1'. |
1 |
2 3 1'. |
1 |
2 3 1'. |
1 |
2 3 1'. |
1 |
2 3 1'. |
1 |
2 3 1'. |
1 |
2 3 1'. |
1 |
2 3 1'. |
1 |
2 3 1'. |
1 |
2 3 1'. |
1 |
2 3 1'. |
1 |
2 3 1'. |
1 |
2 3 1'. |
1 |
2 3 1'. |
1 |
2 3 1'. |
1 |
2 3 1'. |
1 |
2 3 1'. |
1 |
2 3 1'. |
1 |
2 3 1'. |
1 |
2 3 1'. |
1 |
2 3 1'. |
1 |
2 3 1'. |
1 |
2 3 1'. |
1 |
2 3 1'. |
1 |
2 3 1'. |
1 |
2 3 1'. |
1 |
2 3 1'. |
1 |
2 3 1'. |
1 |
2 3 1'. |
1
1' 6 1' 5 | 6 1' 3 2 |
1 - |
- 1' |
6 1' | |
1' 2 3
5 | | | |
1. 0 -
4- 7,
2 1 3 4 5 6- 7 0 - - - - - - - - 1'- - - - - - - - - - -
0 1- 7
%END
