JIANPU_LY ERROR: (notesHad=2 1 0 5) barcheck fail: note crosses barline at "5" with 0 beams (16 skipped from 56 to 72, bypassing 64), scoreNo=1 barNo=1 (but the error could be earlier)

--- score ---
title=火火中国白
type=work
%--
4/4
2 1 0. 5 3 4 6 7
3 5 6 2 1' - | 2 2 2 3 2 6 5 | 5- 3 1' 6-. | | 5 6 1 5 6 3 2 -
| 2 | - |
3 5 | | | |
6 1 1' | |
7 | - |
0. 4 | - | | - | | | | - - | - - - - -
3 5 - | 1' - - 2 1' 6 0 - | 1. 4 7- -
6 - 5 1' | 3 - 5 | 2 1' 6 | - 1 | | 0. 5- 6 1' 1' | - 1' 1' | | 0 1' 1' 1' 6 1' 1' 1' | | 5 1' 5 1' 7 1' 1' 1' 1' 1' 1'
6 - 5 2 4 3 1 1' | - | | 0. 7 | 1'- | - | |
6 - 5 1' | 3 | 2 1' - | 6 6 | 1' - - | | 0. 1- 7, 4 | |
1' 6 5 1' - | 1' 1 2 3 |
7 0 4. |
5 2 1' - | 3 6 1' |
1 | - |
0 |
7 | |
4 |
2 4 - |
1 7 6 5 0 1' 7 6. 3 | |
3 - | 2 5 | 4 6 1 | - 7 |
- | | 0 | | - - 1' 1' 1' 1' 1' 1' 1' 1' 1' - - - - - | |
3 2 6 - | 5 | |
0. 1 7 4 - | - - |
| - - 1'- - - - - - - - - - - - - - - - -
2 3 6 - | 5 | |
0. 1 7 4 - | - - |
| - - 1'- - - - - - - - - - - - - - - - -
%END
