JIANPU_LY ERROR: (notesHad=2 4 - 1 | 3 5 6 7 | 0 - - -) barcheck fail: note crosses barline at "-" with 0 beams (16 skipped from 56 to 72, bypassing 64), scoreNo=1 barNo=3 (but the error could be earlier)

--- score ---
title=牙刷小卫士
type=work
%--
2 4 - | 1 3 5 6 7 0. | | | | | | | | | - | - - | - - - - - - - - - - - - | - - - - - - - - - - - - - - - - - - - - - - - - - - -
1' 5 1' | 4 3 2 1 6 7 | 5 0 - - - - - - |
6 5 1' 1' | - 3 2 | 4 1 7 0 - 1' 1' 1'
6 5 1' - | 3 2 4 |
1 | 0.
7. |
5 6 1' | - | - - - - - - | - - - | - |
3 5 | 1' 6 - |
1' 2
1
| 7 -
0. |
4. | - | |
2 4 - | 3 1 6 | 5 7 0. | | - | - | - | - | | - - - - - - - - - | - - - - - - - - - - - - - - - - - - - - - - - - - - - - -
%END
