JIANPU_LY ERROR: (notesHad=4 2 3 6 | 5 7 1 0 | 1 1 6 1 | 1 2 3 - | 5 7 4 0 | 1 - - 6) barcheck fail: note crosses barline at "6" with 0 beams (16 skipped from 56 to 72, bypassing 64), scoreNo=1 barNo=6 (but the error could be earlier)

--- score ---
title=美丽的哨卡
type=work
%--
4 2 3 6 5 7 1 0
1' 1' 6 | 1' 1' 2 3 - | 5 7 | | 4 0 | | 1. - | -
6 5 - | 2 1' 3 4 7 | 1 0 | | 1'. - | |
5 2 | 1' - |
1' 3
6 -
7
0.
1-
4. |
5 6 - | 3 - - | | 2.. 1 7 | 1'-- | |
0 4. - 1'--- | - |
5 6 - | i i i i i i i i i i i 2 | 3 4 | | 1 0 | | 7. - | - | - - - | - - - | - - - - - - | - - - - - - - - - - - - - - - - - - -
5 6 | - 2 3 | 1' 1' 1 7 0 4. | - | - | - - | | | | |
0
1 2 3 4 5 6 0 -
%END
