JIANPU_LY ERROR: (notesHad=2 - - - | - - - - | - - - - | - - - - | - 1 - 1 | - - - - | 0 1 2 3 | 4 5 6 7 | 6 5 1 3 | 1 2 4 0 | - 7 1 3) barcheck fail: note crosses barline at "3" with 0 beams (16 skipped from 56 to 72, bypassing 64), scoreNo=1 barNo=11 (but the error could be earlier)

--- score ---
title=赣南有座城
type=work
%--
2 - - - - - - - - - - - - - - - - 1' - 1' - - - - 0 1 2 3 4 5 6 7
6 5 1' | 3 |
1
2 4
0 -
7.
1'
3 2 | - 5 |
6 1 7 | |
0 | | | - 4. | - -
6 5 - | 1' |
2 3 | - |
1 | | - - - - - - - - - - - - - - - - - - - - - |
1' | |
0 - - - - - - - - - -
4 - - - - - - - - - - -
7 - - - - - -
2 3 5 6 | 3 | 4 1 |
7 | | | | |
0 - | |
5 3 | 1' |
6 2 |
1'
1 -
0
4
7.-
6 2 | 5 - | | 1' 1 | |
0. 7 4 3 | 0 | - | - |
1'
| 1 | |
0 1'
%END
