JIANPU_LY ERROR: Can't have rest in chord: 0- in score 1
3 2 | - | | 5 6 1 | 4 | - | | 7. 0- | - | - | | - | - - - | - - - - - - - - - - - - - - - - - - - - - - - - - - - - - - - - - - -
                                 ^^                                                                                              

--- score ---
title=雨中百合花
type=work
%--
4 2 3 - 5 6 | 1 7 |
6 3 - 2 | 5 4 | 2 1 | - 7 | -
6 3 | 2 5 4 | 2 2 6 | | 1 |
7 | - | |
0 | | | |
3 5 | 2 | 4 - | | 6 | | 1 | - | - 0 7 - | - - | - - - - | - - - - - - - - - - - - - | - - - - - - - | - - - - - - - - - - - - -
6 2 3 1' - | 5 3 1' 7 1' 0 - |
3 2 | - | | 5 6 1 | 4 | - | | 7. 0- | - | - | | - | - - - | - - - - - - - - - - - - - - - - - - - - - - - - - - - - - - - - - - -
2 3 | 5 - 6 | 4 - - 1-- 7 | | 0 | |
2 4
- 1 7 0
1 2 3 - 4- 5 6 7 0 - - - - - - -
%END
