JIANPU_LY ERROR: (notesHad=2 1 4 - | 3 0 5 3) barcheck fail: note crosses barline at "3" with 0 beams (16 skipped from 56 to 72, bypassing 64), scoreNo=1 barNo=2 (but the error could be earlier)

--- score ---
title=风沙胡杨林
type=work
%--
2 1 4 - 3 0. 5
3 6 - | 5 i i 1 7 | - | 2 4 0 - | - 6 | | - | | | | - - - - - - - - - - - - - - - - - - - - - - - - - - - - - - - - - - - - - -
2 3 | 4 - | 5 6 | - | 7 | - 1 0 | | | | | - | - | | - - - - - - - - - - - - - - - - - - - - - - - - - - - - - - - - - - - - - -
4 3 2 | 6 - | 1 7 5 |
0 | - |
- 3 - |
2 3 6 | - 5 | 1'. 1' 1' | - 7 | - 1 0 4 | - | |
1' 1' 1' 1' 1' 1' 1' 1' 1' 1' 1' 1' 1' 1' 1' 1' 1' 1'
3 2 | 7 7 |
1
6
0. 5 | 4.
1 2 3 4 5 6 0 -
2 4 - 3 |
5 | 6 |
7 |
1 | - 0-
- 2 - 3 |
4 | 5 |
6 |
7 | - 0-
- 2 - 3 |
4 | 5 |
6 |
7 | - 0-
- 2 - 3 |
4 | 5 |
6 |
7 | - 0-
- 2 - 3 |
4 | 5 |
6 |
7 | - 0-
- 2 - 3 |
4 | 5 |
6 |
7 | - 0-
- 2 - 3 |
4 | 5 |
6 |
7 | - 0-
- 2 - 3 |
4 | 5 |
6 |
7 | - 0-
- 2 - 3 |
4 | 5 |
6 |
7 | - 0-
- 2 - 3 |
4 | 5 |
6 |
7 | - 0-
- 2 - 3 |
4 | 5 |
6 |
7 | - 0-
- 2 - 3 |
4 | 5 |
6 |
7 | - 0-
- 2 - 3 |
4 | 5 |
6 |
7 | - 0-
- 2 - 3 |
4 | 5 |
6 |
7 | - 0-
- 2 - 3 |
4 | 5 |
6 |
7 | - 0-
- 2 - 3 |
4 | 5 |
6 |
7 | - 0-
- 2 - 3 |
4 | 5 |
6 |
7 | - 0-
- 2 - 3 |
4 | 5 |
6 |
7 | - 0-
- 2 - 3 |
4 | 5 |
6 |
7 | - 0-
- 2 - 3 |
4 | 5 |
6 |
7 | - 0-
- 2 - 3 |
4 | 5 |
6 |
7 | - 0-
- 2 - 3 |
4 | 5 |
6 |
7 | - 0-
- 2 - 3 |
4 | 5 |
6 |
7 | - 0-
- 2 - 3 |
4 | 5 |
6 |
7 | - 0-
- 2 - 3 |
4 | 5 |
6 |
7 | - 0-
- 2 - 3 |
4 | 5 |
6 |
7 | - 0-
- 2 - 3 |
4 | 5 |
6 |
7 | - 0-
- 2 - 3 |
4 | 5 |
6 |
7 | - 0-
- 2 - 3 |
4 | 5 |
6 |
7 | - 0-
- 2 - 3 |
4 | 5 |
6 |
7 | - 0-
- 2 - 3 |
4 | 5 |
6 |
7 | - 0-
- 2 - 3 |
4 | 5 |
6 |
7 | - 0-
- 2 - 3 |
4 | 5 |
6 |
7 | - 0-
- 2 - 3 |
4 | 5 |
6 |
7 | - 0-
- 2 - 3 |
4 | 5 |
6 |
7 | - 0-
- 2 - 3 |
4 | 5 |
6 |
7 | - 0-
- 2 - 3 |
4 | 5 |
6 |
7 | - 0-
- 2 - 3 |
4 | 5 |
6 |
7 | - 0-
- 2 - 3 |
4 | 5 |
6 |
7 | - 0-
- 2 - 3 |
4 | 5 |
6 |
7 | - 0-
- 2 - 3 |
4 | 5 |
6 |
7 | - 0-
- 2 - 3 |
4 | 5 |
6 |
7 | - 0-
- 2 - 3 |
4 | 5 |
6 |
7 | - 0-
- 2 - 3 |
4 | 5 |
6 |
7 | - 0-
- 2 - 3 |
4 | 5
2 3 - | 5 | | | 1 6 4 7 0 | | - - - - - - - - - | - | - - - - | - - - - - - - - - - - - - - - - - - - - - - - - - - - - - - - -
0 1- 7 1- 6
1 2 3 4 5 6 0 -
1 2 3 4 5 6 7
%END
