JIANPU_LY ERROR: Unrecognised command I in score 1
2 4 - 5 6 5 6 | | 3 1 7 0 - I I - - - - - - - - -
                            ^ ^                  

--- score ---
title=太湖水
type=work
%--
2/4
2 4 - 3 5 6 1 7
2 4 - 5 6 5 6 | | 3 1 7 0 - I I - - - - - - - - -
3 2 | 4 - | | 5 6 | 7 1 | | 0 | - - - | - - - | - - - - | - - - - - - - - - - - - - - - - - - - - - - - - - - - - - - - - - - -
3 6 - | 2 | 4 5 1 7 | - 0 | | - | - | | - - - | | | | - - - - - - - - | - - - - - - | - - - - - - - - - - - - - - - - - - - - -
2 6 3 | i 7 - |
1 4 5 0 7 6- |
i. 7 | - |
6-- | - | |
4 3 | 2 - | 6 | - 5 | - 1 7 0 | - - - - - - - - - - - - - - - | | | | - - - -
3 2 - | 5 6 | - 7 i | | | 1. 0 4- | - | | - - | - - - - - - - - - - - - - - - - - - - - - - - - - - - - - - - - - - - - - - - - -
5 6 | 7 6 | 3 - | - 2 4 | - 1 0 | i- i. | 7 - 6 - i i | 7-- 7 - -
2 3 | i i |
6 -
1.
7
5
0. - 4 | -
1 0 - 2
%END
