JIANPU_LY ERROR: Unrecognised command I in score 1
I - - 1 2 3 4 5 6 7 0 - - - - - - - - - I- - - -
^                                               

--- score ---
title=学电脑
type=work
%--
2/4
I - - 1 2 3 4 5 6 7 0 - - - - - - - - - I- - - -
2 4 - - - - - - - -
3 4 - 5 6 | 2 1 7 | 0 | - | - |
6 3 2 | 5 - |
7 4 0 1.
6 5 - | 6 3 2 7 | | 1 | 4 i - - - | - - | - - - | | - - - - - | - | - - - - | - - - - - | - - - - - - - - - - - - - - - - - - -
3 - 6 i 5 | 3 5 4 3 | 2 3 | - 1 0 | |
0
0
4 2 3 - | 1 5 |
4 2 3 - | 1 5 |
%END
