JIANPU_LY ERROR: Unrecognised command I in score 1
2 4 - | I
        ^

--- score ---
title=小上海
type=work
%--
2 4 - 3 5 | 6 1 7 |
2 4 - | I
5 2 | 3 6 | 4 - | - 1 | - 7 | | 0 | | | - - - - - - - - - - - - - - - - - - - - - - - - - - - - - - - - - - - - - - - - - - - -
2 3 | 4 5 - | 6 i | - i | - 7 1 0 | |
6 2 | 5 - | 3 | - | - 1 | | 4 | | 7 0 - - - - - - - - - - - - - - - - - - - - - - - - - - - - - - - - - - - - - - - - - - - - -
6 2 | 5 - 1 7 3 | 0 | - | - | 4. | - | | | | | | | |
1 0 2 3 4 5 6 7
1 2 3 4 5 6 0 -
- 1 2 3 4 5 6 0 -
7
1 7- 0. 5 2 4 3
0 1 7 i
%END
