JIANPU_LY ERROR: (notesHad=4 5 6 3 | 2 1 7 0) barcheck fail: note crosses barline at "0" with 0 beams (24 skipped from 48 to 72, bypassing 64), scoreNo=1 barNo=2 (but the error could be earlier)

--- score ---
title=小重山
type=work
%--
4 5 6 3 2 1 7 0.
6 5 | 2 3 | 4 - 1 7 | - | | | | 0 | - - - - - - | - - - - - - - - - - - - - - - - - | - - - - - - - - - - - - - - - - - - - - -
6 2 i - 5 | 3 - - | 1-- 7 | - - 0. | 4.--- i - - - | - | - - - - - - - |
6 5 - | 3 2 1 | - |
0. 7
4. | -
6 i | - | | - - | - | - - | - - - - | | - - | - - | - - - - - - | - - - - - - - - - - - - - - - - - - - - - - - - - - - - - - -
6 5 - i | 2 3 | 1 i 4 7 0 i - - - - - - - - - | - | | - - - - - - - |
6 5 - | 3 2 - - | | | 1 4 7 0 | | |
3 5 | i i 2. i 6 | 5 1 |
0 - 7 4. - - - - - - - - - - - - - - - - - - - - - - - - - - - - - - - - - - - - - - - - - - - - - - - - - - - - - - - - - - - -
2 5 6 | - 3 | |
4 1 7 | | | |
0 | | | |
2 1 0 7 6 5 4 3 2 1 i i i
%END
