JIANPU_LY ERROR: Unrecognised command i in score 1
5 6 i 3 2 i i i | i i 1 2 i i i | i i i 4 7 0. |
    ^     ^ ^ ^   ^ ^     ^ ^ ^   ^ ^ ^         

--- score ---
title=当兵乐
type=work
%--
4 2 - 3 5 - - - - - - - -
5 6 i 3 2 i i i | i i 1 2 i i i | i i i 4 7 0. |
5- - | | | |
i i 2 6 6 | 5 3 5 6 i - | 6. 7 6 5 6- 0 1 4 | -
3 2 | 5 - i 6 4 i 7 | 1 0 | -
5 6 i 7 6 5 3 | - |
i. i 2 1 2. 1 2 3 | -
3 2 | 6 7 | 5 - 1 i 2 i 2 | - 0 | -
2 3 i | - - - | - |
5 3 | - - - | | |
1. 0- | - - - | | - - | - | - - | - - - i- i i i i i i i i i i i i - - - - - - -
0 1- 7
1 2 3 - 4- 5 6 7 0 - - - - - - -
%END
