JIANPU_LY ERROR: Unrecognised command I- in score 1
1 7 6 5 4 3 2 0 - - - - - - - - - - I-
                                    ^^

--- score ---
title=我的梦
type=work
%--
1 7 6 5 4 3 2 0 - - - - - - - - - - I-
4 4 6 5 3 2 1 0
6 5 | - | | |
1 2 3 4 |
7 0 | |
6 5 |
2 - |
3
1 - - 7 |
4
0.
2 3 - | 5 4 1 7 | 0 | - I I
6 5 3 - | 4 | - | - 7- 1 2. 0 - - - - - - - - - I- - - - - - - - - - - - - - - - -
2 3 - | 5 4 | 6 1 7 | - | - 0 | | - | - - - - | - - - - - - - - - - - - - - - - - - - - - - - - - - - - - - - - - - - - - - - -
3 2 | - 5 6 | 0 1 7 | - 4 - - | - | - - - - - - - - - - - - - - - - - - - - - - - - - - - - - - - - - - - - - - - - - - - - - -
5 3 | 2 - |
- - 1 - 0- 3 5- 6 7
%END
