JIANPU_LY ERROR: Unrecognised command i in score 1
1 7 i |
    ^  

--- score ---
title=推车歌
type=work
%--
1/4
5 6 - | 2 3 |
4 1 -
7 0
5 4 3 2 | 6 - |
| 1 7 0 |
2 5 - | |
6 4 3 |
1 7 i |
0.
i-.
2 4 5 6 |
3 - |
1 7 | - |
0
2 4 5 6
3 - |
1 7 | - |
0
2 4 5 6 |
3 - |
1 7 | - |
0
2 4 5 6
3 - |
1 7 | - |
0
2 4 5 6 |
3 - |
1 7 | - |
0
2 4 5 6 |
3 - |
1 7 | - |
0
2 4 5 6 |
3 - |
1 7 | - |
0
2 4 5 6 |
3 - |
1 7 | - |
0
2 4 5 6 |
3 - |
1 7 | - |
0
2 4 5 6 |
3 - |
1 7 | - |
0
2 4 5 6 |
3 - |
1 7 | - |
0
2 4 5 6 |
3 - |
1 7 | - |
0
2 4 5 6 |
3 - |
1 7 | - |
0
2 4 5 6 |
3 - |
1 7 | - |
0
2 4 5 6 |
3 - |
1 7 | - |
0
2 4 5 6 |
3 - |
1 7 | - |
0
2 4 5 6 |
3 - |
1 7 | - |
0
2 4 5 6 |
3 - |
1 7 | - |
0
2 4 5 6 |
3 - |
1 7 | - |
0
2 4 5 6 |
3 - |
1 7 | - |
0
2 4 5 6 |
3 - |
1 7 | - |
0
2 4 5 6 |
3 - |
1 7 | - |
0
2 4 5 6 |
3 - |
1 7 | - |
0
2 4 5 6 |
3 - |
1 7 | - |
0
2 4 5 6 |
3 - |
1 7 | - |
0
2 4 5 6 |
3 - |
1 7 | - |
0
2 4 5 6 |
3 - |
1 7 | - |
0
2 4 5 6 |
3 - |
1 7 | - |
0
2 4 5 6 |
3 - |
1 7 | - |
0
2 4 5 6 |
3 - |
1 7 | - |
0
2 4 5 6 |
3 - |
1 7 | - |
0
2 4 5 6 |
3 - |
1 7 | - |
0
2 4 5 6 |
3 - |
1 7 | - |
0
2 4 5 6 |
3 - |
1 7 | - |
0
2 4 5 6 |
3 - |
1 7 | - |
0
2 4 5 6 |
3 - |
1 7 | - |
0
2 4 5 6 |
3 - |
1 7 | - |
0
2 4 5 6 |
3 - |
1 7 | - |
0
2 4 5 6 |
3 - |
1 7 | - |
0
2 4 5 6 |
3 - |
1 7 | - |
0
2 4 5 6 |
3 - |
1 7 | - |
0
2 4 5 6 |
3 - |
1 7 | - |
0
2 4 5 6 |
3 - |
1 7 | - |
0
2 4 5 6 |
3 - |
1 7 | - |
0
2 4 5 6 |
3 - |
1 7 | - |
0
5 4 | - |
2 3 | - |
1 | -
6 | - | |
0 | | | |
7 | | | | | | - | - - -
I---------------
%END
