JIANPU_LY ERROR: Unrecognised command i in score 1
5 3 - | 2 i | 6 i 7 6 |
          ^     ^      

--- score ---
title=木叶情
type=work
%--
2 4 - 3 | 5 1 6 |
2 3 - | 6 5 | 4 1 7 0 | | | | | - | - | - - - - - - - - - - - - - - - - - - - - - - - - - - - - - - - - - - - - - - - - - - - -
5 3 - | 2 i | 6 i 7 6 |
1 0 4. |
3 6- | -
3 2 1. | 0 | |
2 3 | 6 - |
7 5 1 0. 4 -
3 6 | - 2 | 5 4 | - 1 - 7 | - | | 0 | | |
3 - - | 3 - - - - | - - - | - - | - - - |
6 | - 2 | 5 4 | - 1 - 7 | - | | 0 | | |
3 - - | 3 - - - - | - - - | - - | - - - |
3 6 | 5 - |
2 1 7 | | | |
0 | - |
4. - | |
3 4 - | 2 6 5 1 | 7 0 | -
1 2 - 0 6 5 -
1 2 3 4 5 6 0 -
%END
