JIANPU_LY ERROR: Can't have rest in chord: 0- in score 1
4 4 - 7- 6- 5- 2- 1 0- 3- - - - I i- i i- I- I I I I I I I- I I i i i-
                    ^^                                                

--- score ---
title=歌友情
type=work
%--
4 4 - 7- 6- 5- 2- 1 0- 3- - - - I i- i i- I- I I I I I I I- I I i i i-
2 3 | 5 6 | - |
4 1 | - |
7 6 | - | |
0 - - - - - - - - - - - - - - - - - - - - - - - - - - - - - - - - - - - - - - - - - - - - - - - - - - - - - - - - - - - - - - -
6 2 3 | 2 3 - | 7 1 | - | - |
0 |
5
- 4 -
6 2 3 | 5 4 | -
2 3 | 5 - | | 6 - - |
2 3 | 5 - 6 4 1 7 | 0 | - |
2 3 | 5 6 | - | | 1 | | 7 | - | - 0 4. | - - - - - - - - - - - - - - - - - - - - - - - - - - - - - - - - - - - - - - - - - - - -
| 2 | - |
1 7 6 5 0 3------ 4--------- - - - - - - - - - - - - - - - 1 0---------- 1 1----------- 1 2------------
3 - 6 | i i |
2 - - |
7 5 0 1. |
4-- | -
I I I I I I I I I I I I I I I I I I I I I I I I I I I I I
2 4 - | 3 5 1 6 | 7 0 | | | | |
%END
