JIANPU_LY ERROR: Unrecognised command i in score 1
6 3 - 6 | 2 - 4 | 7 i I
                    ^  

--- score ---
title=男儿泉
type=work
%--
- - 0,
3 4 - 2 1 0 - - - - - - - - - - - - - - - -
6 3 - 6 | 2 - 4 | 7 i I
2 3 - | 5 - - | | 1 6 7 0 4 | 3. | | - | - | - | 5-- |
6 3 - | i 2 - - |
i 1 7 6 | - |
0 5 4. |
4 6 - | 5 2 3 | - | 7 - | - 1 0 | | | | - | - | - - - - - - - - - - - - - - - - - - - - - - - - - - - - - - - - - - - - - - - -
i - 6 | i 2 3 4 5 | 7 - - 1 0 | | - - | | - | - | - - | - | - - - | - - - - - - - - - - - - - - - - - - - - - - - - - - - - - -
6 - | |
1 2 3 4 5 | | |
7
0. | -
0
%END
