JIANPU_LY ERROR: (notesHad=4 - 2 3 | 5 6 7 1 | 0 3 2 6) barcheck fail: note crosses barline at "6" with 0 beams (16 skipped from 56 to 72, bypassing 64), scoreNo=1 barNo=3 (but the error could be earlier)

--- score ---
title=胭脂妆
type=work
%--
4 - 2 3 5 6 7 1 0.
3 2 6 | 5 - | 1 4 | | 0. 7 | - - | | | - | | | |
3 2 | - 6 | 5 | - 4 1 - 7, - | - 0 | | | | - | | - - - - - - - | - - - - - - - - - - - - - - - - - - - - - - - - - - - - - - - -
6 5 - | 2 3 | 4 |
1 7 |
0 | |
3 2 | 6 - | 5 | - 1 | - |
4 |
7
0.
6 5 - | 3 2 | 4 1 7 |
0 |
2 3 4 |
1 6 0
2
3 4 |
1 6 0
2
3 4 |
1 6 0
2
3 4 |
1 6 0
2
3 4 |
1 6 0
2
3 4 |
1 6 0
2
3 4 |
1 6 0
2
3 4 |
1 6 0
2
3 4 |
1 6 0
2
3 4 |
1 6 0
2
3 4 |
1 6 0
2
3 4 |
1 6 0
2
3 4 |
1 6 0
2
3 4 |
1 6 0
2
3 4 |
1 6 0
2
3 4 |
1 6 0
2
3 4 |
1 6 0
2
3 4 |
1 6 0
2
3 4 |
1 6 0
2
3 4 |
1 6 0
2
3 4 |
1 6 0
2
3 4 |
1 6 0
2
3 4 |
1 6 0
2
3 4 |
1 6 0
2
3 4 |
1 6 0
2
3 4 |
1 6 0
2
3 4 |
1 6 0
2
3 4
0
4 - 1 2 3 5 6 7. 0
3 2 6 | 5 - | 1 4 | | 0. | | 7- | 0.. | - | | - - | | | - - - |
3 2 | - 6 | 5 | - 4 1 - 7 | - |
0 |
6 5 - | 2 3 | 4 1 |
7 |
0
3 2 | 6 - | 5 | - 1 | - |
4 |
7
0.
6 5 - | 3 2 | 4 1 7 | 0. | | | |
2 3 5 6 4 | 1 | 7 - 0 - | 2 3 5 4 | 1 | 7 - 0 - | 2 3 5 4 | 1 | 7 - 0 - | 2 3 5 4 | 1 | 7 - 0 - | 2 3 5 4 | 1 | 7 - 0 - | 2 3 5
2 3 1 5 4 0 6 7
%END
