JIANPU_LY ERROR: (notesHad=1 2 | 3 4 | 5 6 | 7 2 | 4 - | 1- 7 | 0 3 | 5 - | 2 6) barcheck fail: note crosses barline at "6" with 0 beams (24 skipped from 16 to 40, bypassing 32), scoreNo=1 barNo=9 (but the error could be earlier)

--- score ---
title=舀河浜
type=work
%--
2/4
1 2 3 4 5 6 7
2 4 - | | 1- 7 0
3 5 - | 2 | 6. | 4.- 7 | - 1.. | - - - 0 - - | | - | | - - - - - - | - - - - - - - - - - - | - - - - - - - - - - - - - - - - - - - -
6 5 - | 3 | 4 0. 7- 1 2 - | - I I I
3 - 5 6 4 | 2 1 | 7 0 | - - | | | | |
3 2 | - |
6 5 | -
4 |
1 | - | |
7 | | 0 | | | |
- - 1 2
0
3 4 - 5 6 1 2 7 0 | | - | - - - | - - - | - - - - - | - - - - - - - - - - - - - - - - - - - - - - - - - - - - - - - - - - - - -
3 4 2 - | 1 5 |
%END
