JIANPU_LY ERROR: Unrecognised command I in score 1
5 I
  ^

--- score ---
title=苕乡情
type=work
%--
6 - | |
5 I
6 5 i 2 3 i - | - | | | - - | - -
0 |
1 7 4 | | i i i i |
| | i i i i
6 5 3 2 - | 4 | 1 7 | | | | 0 | - | - | - - | - - - - - - - - - - - - - - - - - - - - - - - - - - - - - - - - - - - - - - - - -
2 5 3 - | 6 | 1 i |
i
0- 7, -
6 5 - | i 3 2 | 4 1 7 0 | | i | |
3 6 5 -
2 i |
i |
1 7 -
0.
4 -
3 6 5 -
2 i |
i |
1 7 -
0.
4 -
3 6 5 -
2 i |
i |
1 7 -
0.
4 -
3 6 5 -
2 i |
i |
1 7 -
0.
4 -
3 6 5 -
2 i |
i |
1 7 -
0.
4 -
3 6 5 -
2 i |
i |
1 7 -
0.
4 -
3 6 5 -
2 i |
i |
1 7 -
0.
4 -
3 6 5 -
2 i |
i |
1 7 -
0.
4 -
3 6 5 -
2 i |
i |
1 7 -
0.
4 -
3 6 5 -
2 i |
i |
1 7 -
0.
4 -
3 6 5 -
2 i |
i |
1 7 -
0.
4 -
3 6 5 -
2 i |
i |
1 7 -
0.
4 -
3 6 5 -
2 i |
i |
1 7 -
0.
4 -
3 6 5 -
2 i |
i |
1 7 -
0.
4 -
3 6 5 -
2 i |
i |
1 7 -
0.
4 -
3 6 5 -
2 i |
i |
1 7 -
0.
4 -
3 6 5 -
2 i |
i |
1 7 -
0.
4 -
3 6 5 -
2 i |
i |
1 7 -
0.
4 -
3 6 5 -
2 i |
i |
1 7 -
0.
4 -
3 6 5 -
2 i |
i |
1 7 -
0.
4 -
3 6 5 -
2 i |
i |
1 7 -
0.
4 -
3 6 5 -
2 i |
i |
1 7 -
0.
4 -
3 6 5 -
2 i |
i |
1 7 -
0.
4 -
3 6 5 -
2 i |
i |
1 7 -
0.
4 -
3 6 5 -
2 i |
i |
1 7 -
0.
4 -
3 6 5 -
2 i |
i |
1 7 -
0.
4 -
3 6 5 -
2 i |
i |
1 7 -
0.
4 -
3 6 5 -
2 i |
i |
1 7 -
0.
4 -
3 6 5 -
2 i |
i |
1 7 -
0.
4 -
3 6 5 -
2 i |
i |
1 7 -
0.
4 -
3 6 5 -
2 i |
i |
1 7 -
0.
4 -
3 6 5 -
2 i |
i |
1 7 -
0.
4 -
3 6 5 -
2 i |
i |
1 7 -
0.
4 -
3 6 5 -
2 i |
i |
1 7 -
0.
4 -
3 6 5 -
2 i |
i |
1 7 -
0.
4 -
3 6 5 -
2 i |
i |
1 7 -
0.
4 -
3 6 5 -
2 i |
i |
1 7 -
0.
4 -
3 6 5 -
2 i |
i |
1 7 -
0.
4 -
3 6 5 -
2 i |
i |
1 7 -
0.
4 -
3 6 5 -
2 i |
i |
1 7 -
0.
4 -
3 6 5 -
2 i |
i |
1 7 -
0.
4 -
3 6 5 -
2 i |
i |
1 7 -
0.
4 -
3 6 5 -
2 i |
i |
1 7 -
0.
4 -
3 6 5 -
2 i |
i |
1 7 -
0.
4 -
6 - 2 | 5 3 |
1 i
| 0 | |
- 1. 5 2 4 3 6 0 7
1 2 - 7 0 - - - - i- - - - - - - - - - - - |
%END
