JIANPU_LY ERROR: Unrecognised command I- in score 1
2 4 3 - 1 6 5 - 7 0 - - - - - - - - - I- - - - - - - - - - - - - - - - -
                                      ^^                                

--- score ---
title=陆北大
type=work
%--
1 2 3 4 5 6 7
2 4 3 - 1 6 5 - 7 0 - - - - - - - - - I- - - - - - - - - - - - - - - - -
3 6 2 | 3 |
1 - 7 0
5 - - | -
4-
3 5 - 6 | | 4 2 1 | 7 | - 0. - | - - - - | - - | - | - - | - |
5 6 - | | 2 3 4 1 0 7. - 1 2 3 4 5 6 7 1
5 6 - | |
2 3 | - |
1 7 | 0 | - | | | |
- 4 | |
3 6 - | 5 | 4 2 1 7 0 | - | | 3- | | 5 | 2 1 7 - | -
2 3 - | 6 | 4 5 1 |
7 | | |
0 | |
1 2 0 7 6 5- 4 3.
2 1 3 4- 5 6 7 0 -
%END
